case         grp        a   e0 |     SNR_A     SNR_E     SNR_T |   SNR_tot |     A%     E%     T%
--------------------------------------------------------------------------------------------------------
grid_idx0    grid    -0.9 0.10 |   16.8429   10.7496   14.2445 |   24.5386 |  47.11  19.19  33.70
grid_idx1    grid    -0.5 0.10 |   17.0605   10.3502   18.1318 |   26.9620 |  40.04  14.74  45.22
grid_idx2    grid    +0.0 0.10 |   17.3620    9.8489   18.2583 |   27.0519 |  41.19  13.25  45.55
grid_idx3    grid    +0.5 0.10 |   17.5303    9.2229   25.7508 |   32.4881 |  29.12   8.06  62.83
grid_idx4    grid    +0.9 0.10 |   17.4358    8.5015   35.4582 |   40.4174 |  18.61   4.42  76.97
grid_idx5    grid    -0.9 0.20 |   16.6928   10.9439   14.4606 |   24.6481 |  45.87  19.71  34.42
grid_idx6    grid    -0.5 0.20 |   16.9728   10.5514   16.1564 |   25.6990 |  43.62  16.86  39.52
grid_idx7    grid    +0.0 0.20 |   17.2493    9.9814   19.6390 |   27.9796 |  38.01  12.73  49.27
grid_idx8    grid    +0.5 0.20 |   17.5256    9.3636   23.0726 |   30.4495 |  33.13   9.46  57.42
grid_idx9    grid    +0.9 0.20 |   17.1995    8.5009   36.7619 |   41.4672 |  17.20   4.20  78.59
grid_idx10   grid    -0.9 0.30 |   16.5194   11.2366   15.1537 |   25.0757 |  43.40  20.08  36.52
grid_idx11   grid    -0.5 0.30 |   16.8053   10.8228   15.4758 |   25.2794 |  44.19  18.33  37.48
grid_idx12   grid    +0.0 0.30 |   17.0933   10.1996   19.7180 |   28.0181 |  37.22  13.25  49.53
grid_idx13   grid    +0.5 0.30 |   17.0054    9.3120   44.4698 |   48.5125 |  12.29   3.68  84.03
grid_idx14   grid    +0.9 0.30 |   16.5016    8.3394   97.2131 |   98.9557 |   2.78   0.71  96.51
grid_idx15   grid    -0.9 0.40 |   16.3230   11.5517   13.3163 |   24.0251 |  46.16  23.12  30.72
grid_idx16   grid    -0.5 0.40 |   16.5475   11.0960   15.3941 |   25.1778 |  43.19  19.42  37.38
grid_idx17   grid    +0.0 0.40 |   16.9341   10.4927   16.4346 |   25.8255 |  43.00  16.51  40.50
grid_idx18   grid    +0.5 0.40 |   17.0639    9.6566   25.8943 |   32.4798 |  27.60   8.84  63.56
grid_idx19   grid    +0.9 0.40 |   16.1832    8.4315  112.7466 |  114.2138 |   2.01   0.54  97.45
grid_idx20   grid    -0.9 0.50 |   16.1207   11.8339   12.9041 |   23.7999 |  45.88  24.72  29.40
grid_idx21   grid    -0.5 0.50 |   16.3864   11.4364   14.3170 |   24.5822 |  44.44  21.64  33.92
grid_idx22   grid    +0.0 0.50 |   16.7831   10.8342   15.3808 |   25.2116 |  44.31  18.47  37.22
grid_idx23   grid    +0.5 0.50 |   17.1272   10.0717   19.9278 |   28.1407 |  37.04  12.81  50.15
grid_idx24   grid    +0.9 0.50 |   15.2921    8.2675   31.2153 |   35.7294 |  18.32   5.35  76.33
pt4          tails   +0.9 0.10 |   14.8891   12.7383    0.0587 |   19.5947 |  57.74  42.26   0.00
pt20         tails   -0.9 0.50 |   14.8884   12.9624    0.0225 |   19.7405 |  56.88  43.12   0.00
adhoc_A      adhoc   +0.7 0.25 |  134.9196  314.0715    0.8015 |  341.8258 |  15.58  84.42   0.00

[saved] /home/svu/e1583490/EMRI_CV_bias/src/IMRI/snr_channels_imri.json
