[info] best-fit points loaded for 15 cases; re-evaluating at dt=5.0

case             a   e0 |    SNR_A    SNR_E    SNR_T   SNR_tot     T% |     ov_0PA      ov_PN  ov_simple
--------------------------------------------------------------------------------------------------------------------
grid_idx0     -0.9 0.10 |   17.395   10.978    0.023    20.569   0.00 |  0.9992189  0.9999606  0.9997386
grid_idx1     -0.5 0.10 |   17.764   10.861    0.031    20.822   0.00 |         --         --         --
grid_idx2     +0.0 0.10 |   18.555   10.561    0.043    21.350   0.00 |         --         --         --
grid_idx3     +0.5 0.10 |   19.504   10.999    0.065    22.392   0.00 |         --         --         --
grid_idx4     +0.9 0.10 |   21.240   11.661    0.111    24.231   0.00 |  0.9909417  0.9914228  0.9912601
grid_idx5     -0.9 0.20 |   17.174   11.199    0.024    20.503   0.00 |         --         --         --
grid_idx6     -0.5 0.20 |   17.556   10.955    0.027    20.694   0.00 |  0.9989778  0.9999605  0.9995187
grid_idx7     +0.0 0.20 |   18.204   10.683    0.037    21.107   0.00 |         --         --         --
grid_idx8     +0.5 0.20 |   19.371   10.774    0.052    22.165   0.00 |  0.9989988  0.9995081  0.9991704
grid_idx9     +0.9 0.20 |   21.819   13.609    0.454    25.719   0.03 |         --         --         --
grid_idx10    -0.9 0.30 |   16.900   11.541    0.021    20.464   0.00 |  0.9984810  0.9999399  0.9993811
grid_idx11    -0.5 0.30 |   17.374   11.209    0.026    20.676   0.00 |         --         --         --
grid_idx12    +0.0 0.30 |   18.826   10.851    0.081    21.729   0.00 |  0.9985675  0.9995074  0.9987671
grid_idx13    +0.5 0.30 |   20.654   10.774    0.264    23.297   0.01 |         --         --         --
grid_idx14    +0.9 0.30 |   30.712   11.208    2.011    32.755   0.38 |  0.9988469  0.9978817  0.9988627
grid_idx15    -0.9 0.40 |   16.711   11.808    0.020    20.462   0.00 |         --         --         --
grid_idx16    -0.5 0.40 |   17.167   11.512    0.035    20.670   0.00 |  0.9979537  0.9999194  0.9990345
grid_idx17    +0.0 0.40 |   18.467   11.045    0.093    21.518   0.00 |         --         --         --
grid_idx18    +0.5 0.40 |   20.508   10.743    0.337    23.154   0.02 |  0.9966620  0.9978534  0.9969998
grid_idx19    +0.9 0.40 |   29.956   10.415    2.540    31.816   0.64 |         --         --         --
grid_idx20    -0.9 0.50 |   16.541   12.107    0.021    20.498   0.00 |  0.9988826  0.9999367  0.9995168
grid_idx21    -0.5 0.50 |   17.001   11.788    0.025    20.687   0.00 |         --         --         --
grid_idx22    +0.0 0.50 |   17.798   11.383    0.037    21.127   0.00 |  0.9979367  0.9984013  0.9982889
grid_idx23    +0.5 0.50 |   18.854   11.456    0.116    22.062   0.00 |         --         --         --
grid_idx24    +0.9 0.50 |   18.698   11.658    0.460    22.039   0.04 |  0.9946638  0.9976395  0.9946748
pt4           +0.9 0.10 |   14.912   12.818    0.054    19.664   0.00 |  0.9998644  0.9999047  0.9998816
pt20          -0.9 0.50 |   14.975   12.989    0.023    19.823   0.00 |  0.9978338  0.9997718  0.9992251
adhoc_A       +0.7 0.25 |  134.920  314.072    0.802   341.826   0.00 |  0.9934510  0.9966217  0.9944162

=== chi2 of the same best-fit points at dt=5 ===
case             chi2_0PA      chi2_PN  chi2_simple
grid_idx0      6.6103e-01   3.5411e-02   2.2145e-01
grid_idx1              --           --           --
grid_idx2              --           --           --
grid_idx3              --           --           --
grid_idx4      1.0593e+01   1.0054e+01   1.0237e+01
grid_idx5              --           --           --
grid_idx6      8.8234e-01   3.6693e-02   4.1240e-01
grid_idx7              --           --           --
grid_idx8      9.8683e-01   5.0237e-01   8.2392e-01
grid_idx9              --           --           --
grid_idx10     1.2770e+00   5.2236e-02   5.1904e-01
grid_idx11             --           --           --
grid_idx12     1.3521e+00   4.6958e-01   1.1639e+00
grid_idx13             --           --           --
grid_idx14     2.8522e+00   4.9952e+00   2.8152e+00
grid_idx15             --           --           --
grid_idx16     1.7604e+00   7.1495e-02   8.2766e-01
grid_idx17             --           --           --
grid_idx18     3.5790e+00   2.2991e+00   3.2154e+00
grid_idx19             --           --           --
grid_idx20     9.4291e-01   5.5110e-02   4.0622e-01
grid_idx21             --           --           --
grid_idx22     1.8630e+00   1.4300e+00   1.5283e+00
grid_idx23             --           --           --
grid_idx24     5.2268e+00   2.3268e+00   5.2094e+00
pt4            1.0500e-01   7.4331e-02   9.1603e-02
pt20           1.7156e+00   2.2203e-01   6.1013e-01
adhoc_A        1.5357e+03   7.8878e+02   1.3013e+03

[saved] /home/svu/e1583490/EMRI_CV_bias/src/IMRI/snr_overlap_dt5_imri.json
