startup
======================================================================
[idx4] SNR=19.92  overlap(MAP seed) = 0.9990974
Body is not plunging, Fisher should be stable.
waveform shape: (3, 7889537)
Computing SNR for parameters: (np.float64(999993.12902), np.float64(10.000034144), np.float64(0.89999831452), np.float64(9.0868360349), np.float64(0.099999256695), 1.0, 13.7253796777895, np.float64(1.0471975512), np.float64(0.7853981634), 0.6283185307179586, 0.5235987755982988, np.float64(0.10118033613), 0.2, np.float64(0.29999226055), 0.95, False, False, False, False)
Waveform Generated. SNR: 19.931700096125997
The optimal source SNR is <= 20. The Fisher approximation may not be valid!
calculating stable deltas...
Time taken to compute stable deltas is 34.237863302230835 seconds
calculating Fisher matrix...
Finished derivatives
Calculated Fisher is *atleast* positive-definite.
Time taken to compute FM is 3.195267915725708 seconds
    CV#1 it   0 lam=3.3e-03 ov=0.9990974 chi2=7.162e-01 rel=1.2e-01
Body is not plunging, Fisher should be stable.
waveform shape: (3, 7889537)
Computing SNR for parameters: (np.float64(999993.1277518274), np.float64(10.00003419613956), np.float64(0.8999983288664144), np.float64(9.086836033165728), np.float64(0.09999925868707994), 1.0, 13.7253796777895, np.float64(1.046329815327727), np.float64(0.7849844940746964), 0.6283185307179586, 0.5235987755982988, np.float64(0.10345795845832448), 0.2, np.float64(0.23695928633693342), 0.95, False, False, False, False)
Waveform Generated. SNR: 19.939482684034697
The optimal source SNR is <= 20. The Fisher approximation may not be valid!
calculating Fisher matrix...
Finished derivatives
Calculated Fisher is *atleast* positive-definite.
Time taken to compute FM is 3.8042924404144287 seconds
    CV#1 it   1 lam=1.1e-03 ov=0.9992073 chi2=6.293e-01 rel=8.9e-03
Body is not plunging, Fisher should be stable.
waveform shape: (3, 7889537)
Computing SNR for parameters: (np.float64(999993.1243342573), np.float64(10.00003438231359), np.float64(0.8999983633218526), np.float64(9.086836028131685), np.float64(0.09999930264936789), 1.0, 13.7253796777895, np.float64(1.0461986045046545), np.float64(0.7849131114097819), 0.6283185307179586, 0.5235987755982988, np.float64(0.1045424454989101), 0.2, np.float64(0.2336321683827861), 0.95, False, False, False, False)
Waveform Generated. SNR: 19.940742032753636
The optimal source SNR is <= 20. The Fisher approximation may not be valid!
calculating Fisher matrix...
Finished derivatives
Calculated Fisher is *atleast* positive-definite.
Time taken to compute FM is 3.8139824867248535 seconds
    CV#1 it   2 lam=3.7e-04 ov=0.9992144 chi2=6.237e-01 rel=2.0e-02
Body is not plunging, Fisher should be stable.
waveform shape: (3, 7889537)
Computing SNR for parameters: (np.float64(999993.1171343754), np.float64(10.000034905783354), np.float64(0.899998447746152), np.float64(9.086836024808612), np.float64(0.09999939863877283), 1.0, 13.7253796777895, np.float64(1.0459565554794443), np.float64(0.7847777519467867), 0.6283185307179586, 0.5235987755982988, np.float64(0.10715502694179434), 0.2, np.float64(0.22967818419636205), 0.95, False, False, False, False)
Waveform Generated. SNR: 19.9430903138672
The optimal source SNR is <= 20. The Fisher approximation may not be valid!
calculating Fisher matrix...
Finished derivatives
Calculated Fisher is *atleast* positive-definite.
Time taken to compute FM is 3.8101747035980225 seconds
    CV#1 it   3 lam=1.2e-04 ov=0.9992300 chi2=6.114e-01 rel=3.4e-02
Body is not plunging, Fisher should be stable.
waveform shape: (3, 7889537)
Computing SNR for parameters: (np.float64(999993.1100730662), np.float64(10.000036266025647), np.float64(0.8999986104327763), np.float64(9.086836070361077), np.float64(0.09999948254887023), 1.0, 13.7253796777895, np.float64(1.0455999367757014), np.float64(0.7845499564012829), 0.6283185307179586, 0.5235987755982988, np.float64(0.11128474091061971), 0.2, np.float64(0.22098326317729752), 0.95, False, False, False, False)
Waveform Generated. SNR: 19.946729708474894
The optimal source SNR is <= 20. The Fisher approximation may not be valid!
calculating Fisher matrix...
Finished derivatives
Calculated Fisher is *atleast* positive-definite.
Time taken to compute FM is 3.8040192127227783 seconds
    CV#1 it   4 lam=4.1e-05 ov=0.9992563 chi2=5.908e-01 rel=5.3e-02
Body is not plunging, Fisher should be stable.
waveform shape: (3, 7889537)
Computing SNR for parameters: (np.float64(999993.123718584), np.float64(10.000039529536268), np.float64(0.8999988508686664), np.float64(9.086836324543386), np.float64(0.09999924294568735), 1.0, 13.7253796777895, np.float64(1.0454556300431703), np.float64(0.7843337594856968), 0.6283185307179586, 0.5235987755982988, np.float64(0.11399485615600294), 0.2, np.float64(0.20390490761224617), 0.95, False, False, False, False)
Waveform Generated. SNR: 19.948998133458183
The optimal source SNR is <= 20. The Fisher approximation may not be valid!
calculating stable deltas...
Time taken to compute stable deltas is 34.10228443145752 seconds
calculating Fisher matrix...
Finished derivatives
Calculated Fisher is *atleast* positive-definite.
Time taken to compute FM is 3.1899867057800293 seconds
    CV#1 it   5 lam=1.4e-05 ov=0.9992959 chi2=5.594e-01 rel=8.6e-02
Body is not plunging, Fisher should be stable.
waveform shape: (3, 7889537)
Computing SNR for parameters: (np.float64(999993.1791872556), np.float64(10.00004624404029), np.float64(0.8999991995196249), np.float64(9.086836999936551), np.float64(0.09999832498266711), 1.0, 13.7253796777895, np.float64(1.0458463828423308), np.float64(0.7842090514037944), 0.6283185307179586, 0.5235987755982988, np.float64(0.11263489943473835), 0.2, np.float64(0.1722618583788052), 0.95, False, False, False, False)
Waveform Generated. SNR: 19.947435687687825
The optimal source SNR is <= 20. The Fisher approximation may not be valid!
calculating Fisher matrix...
Finished derivatives
Calculated Fisher is *atleast* positive-definite.
Time taken to compute FM is 3.8014001846313477 seconds
    CV#1 it   6 lam=4.6e-06 ov=0.9993567 chi2=5.110e-01 rel=8.0e-02
Body is not plunging, Fisher should be stable.
waveform shape: (3, 7889537)
Computing SNR for parameters: (np.float64(999993.2478679535), np.float64(10.000055352116803), np.float64(0.8999996284524218), np.float64(9.086838031823703), np.float64(0.09999697800426005), 1.0, 13.7253796777895, np.float64(1.0465560045909443), np.float64(0.7841251336170908), 0.6283185307179586, 0.5235987755982988, np.float64(0.10903088581141096), 0.2, np.float64(0.12994139606312316), 0.95, False, False, False, False)
Waveform Generated. SNR: 19.94368035935298
The optimal source SNR is <= 20. The Fisher approximation may not be valid!
calculating Fisher matrix...
Finished derivatives
Calculated Fisher is *atleast* positive-definite.
Time taken to compute FM is 3.789640188217163 seconds
    CV#1 it   7 lam=1.5e-06 ov=0.9994082 chi2=4.700e-01 rel=2.5e-02
Body is not plunging, Fisher should be stable.
waveform shape: (3, 7889537)
Computing SNR for parameters: (np.float64(999993.2325768356), np.float64(10.000061236928396), np.float64(0.8999998791928924), np.float64(9.086839030653772), np.float64(0.09999614484787876), 1.0, 13.7253796777895, np.float64(1.0470219269279564), np.float64(0.7840840168160763), 0.6283185307179586, 0.5235987755982988, np.float64(0.10686054230091903), 0.2, np.float64(0.10136396387427049), 0.95, False, False, False, False)
Waveform Generated. SNR: 19.941125852861912
The optimal source SNR is <= 20. The Fisher approximation may not be valid!
calculating Fisher matrix...
Finished derivatives
Calculated Fisher is *atleast* positive-definite.
Time taken to compute FM is 3.8015198707580566 seconds
    CV#1 it   8 lam=5.1e-07 ov=0.9994227 chi2=4.583e-01 rel=5.1e-03
Body is not plunging, Fisher should be stable.
waveform shape: (3, 7889537)
Computing SNR for parameters: (np.float64(999993.0360458352), np.float64(10.000062111271928), np.float64(0.899999832709707), np.float64(9.086840256060915), np.float64(0.09999614886710173), 1.0, 13.7253796777895, np.float64(1.047110613039266), np.float64(0.7841183258462255), 0.6283185307179586, 0.5235987755982988, np.float64(0.10726015587526766), 0.2, np.float64(0.09266409631364023), 0.95, False, False, False, False)
Waveform Generated. SNR: 19.940321319021127
The optimal source SNR is <= 20. The Fisher approximation may not be valid!
calculating Fisher matrix...
Finished derivatives
Calculated Fisher is *atleast* positive-definite.
Time taken to compute FM is 3.79287052154541 seconds
    CV#1 it   9 lam=1.7e-07 ov=0.9994256 chi2=4.560e-01 rel=6.4e-03
Body is not plunging, Fisher should be stable.
waveform shape: (3, 7889537)
Computing SNR for parameters: (np.float64(999992.5729155296), np.float64(10.00006040323885), np.float64(0.899999554196702), np.float64(9.086842566444968), np.float64(0.09999668863850902), 1.0, 13.7253796777895, np.float64(1.047045272900936), np.float64(0.7842374280862856), 0.6283185307179586, 0.5235987755982988, np.float64(0.10953235839820955), 0.2, np.float64(0.09008498141317393), 0.95, False, False, False, False)
Waveform Generated. SNR: 19.939861607821577
The optimal source SNR is <= 20. The Fisher approximation may not be valid!
calculating stable deltas...
Time taken to compute stable deltas is 34.11975026130676 seconds
calculating Fisher matrix...
Finished derivatives
Calculated Fisher is *atleast* positive-definite.
Time taken to compute FM is 3.1767725944519043 seconds
    CV#1 it  10 lam=5.6e-08 ov=0.9994293 chi2=4.531e-01 rel=5.5e-03
Body is not plunging, Fisher should be stable.
waveform shape: (3, 7889537)
Computing SNR for parameters: (np.float64(999991.9231372022), np.float64(10.000057726036879), np.float64(0.899999150132131), np.float64(9.0868457662391), np.float64(0.09999748385084617), 1.0, 13.7253796777895, np.float64(1.0469356079345407), np.float64(0.7844085124725074), 0.6283185307179586, 0.5235987755982988, np.float64(0.11280225546370451), 0.2, np.float64(0.08777621417971404), 0.95, False, False, False, False)
Waveform Generated. SNR: 19.93928929584029
The optimal source SNR is <= 20. The Fisher approximation may not be valid!
calculating Fisher matrix...
Finished derivatives
Calculated Fisher is *atleast* positive-definite.
Time taken to compute FM is 3.779341459274292 seconds
    CV#1 it  11 lam=1.9e-08 ov=0.9994324 chi2=4.506e-01 rel=1.5e-03
Body is not plunging, Fisher should be stable.
waveform shape: (3, 7889537)
Computing SNR for parameters: (np.float64(999991.4791949146), np.float64(10.000055892594068), np.float64(0.8999988735977609), np.float64(9.08684795225638), np.float64(0.09999802719129387), 1.0, 13.7253796777895, np.float64(1.0468602723280005), np.float64(0.78452526215287), 0.6283185307179586, 0.5235987755982988, np.float64(0.11503039383354569), 0.2, np.float64(0.08623283855657278), 0.95, False, False, False, False)
Waveform Generated. SNR: 19.938904748228403
The optimal source SNR is <= 20. The Fisher approximation may not be valid!
calculating Fisher matrix...
Finished derivatives
Calculated Fisher is *atleast* positive-definite.
Time taken to compute FM is 3.7932727336883545 seconds
    CV#1 it  12 lam=6.3e-09 ov=0.9994332 chi2=4.499e-01 rel=9.2e-05
Body is not plunging, Fisher should be stable.
waveform shape: (3, 7889537)
Computing SNR for parameters: (np.float64(999991.3546195653), np.float64(10.000055380200035), np.float64(0.8999987959836343), np.float64(9.086848566160292), np.float64(0.09999817914107294), 1.0, 13.7253796777895, np.float64(1.0468382104521408), np.float64(0.784557381940419), 0.6283185307179586, 0.5235987755982988, np.float64(0.11565055313069526), 0.2, np.float64(0.08579991212102506), 0.95, False, False, False, False)
Waveform Generated. SNR: 19.938801871405207
The optimal source SNR is <= 20. The Fisher approximation may not be valid!
calculating Fisher matrix...
Finished derivatives
Calculated Fisher is *atleast* positive-definite.
Time taken to compute FM is 3.8010971546173096 seconds
    CV#1 it  13 lam=2.1e-09 ov=0.9994333 chi2=4.499e-01 rel=1.3e-06
Body is not plunging, Fisher should be stable.
waveform shape: (3, 7889537)
Computing SNR for parameters: (np.float64(999991.3403457644), np.float64(10.000055322992885), np.float64(0.8999987870994719), np.float64(9.086848636837775), np.float64(0.09999819630044225), 1.0, 13.7253796777895, np.float64(1.0468357058594342), np.float64(0.7845609980309962), 0.6283185307179586, 0.5235987755982988, np.float64(0.11571990184796888), 0.2, np.float64(0.08574908154891847), 0.95, False, False, False, False)
Waveform Generated. SNR: 19.938794932954576
The optimal source SNR is <= 20. The Fisher approximation may not be valid!
calculating Fisher matrix...
Finished derivatives
Calculated Fisher is *atleast* positive-definite.
Time taken to compute FM is 3.7960314750671387 seconds
    CV#1 it  14 lam=5.6e-09 ov=0.9994333 chi2=4.499e-01 rel=4.8e-07
Body is not plunging, Fisher should be stable.
waveform shape: (3, 7889537)
Computing SNR for parameters: (np.float64(999991.3396522762), np.float64(10.000055320056731), np.float64(0.8999987866670922), np.float64(9.086848640242758), np.float64(0.09999819713586877), 1.0, 13.7253796777895, np.float64(1.0468355306795232), np.float64(0.7845611521778412), 0.6283185307179586, 0.5235987755982988, np.float64(0.1157225281348978), 0.2, np.float64(0.08574676631997159), 0.95, False, False, False, False)
Waveform Generated. SNR: 19.938795586609277
The optimal source SNR is <= 20. The Fisher approximation may not be valid!
calculating stable deltas...
Time taken to compute stable deltas is 34.16397571563721 seconds
calculating Fisher matrix...
Finished derivatives
Calculated Fisher is *atleast* positive-definite.
Time taken to compute FM is 3.219231128692627 seconds
    CV#1 it  15 lam=1.9e-09 ov=0.9994333 chi2=4.499e-01 rel=1.2e-06
Body is not plunging, Fisher should be stable.
waveform shape: (3, 7889537)
Computing SNR for parameters: (np.float64(999991.3396539841), np.float64(10.00005532002721), np.float64(0.8999987866727915), np.float64(9.086848640200367), np.float64(0.099998197185199), 1.0, 13.7253796777895, np.float64(1.0468354940893074), np.float64(0.7845612007621847), 0.6283185307179586, 0.5235987755982988, np.float64(0.11572346560573661), 0.2, np.float64(0.08574681331790994), 0.95, False, False, False, False)
Waveform Generated. SNR: 19.93879487248111
The optimal source SNR is <= 20. The Fisher approximation may not be valid!
calculating Fisher matrix...
Finished derivatives
Calculated Fisher is *atleast* positive-definite.
Time taken to compute FM is 3.8058230876922607 seconds
    CV#1 it  16 lam=4.0e-08 ov=0.9994333 chi2=4.499e-01 rel=2.3e-06
Body is not plunging, Fisher should be stable.
waveform shape: (3, 7889537)
Computing SNR for parameters: (np.float64(999991.3396361329), np.float64(10.00005532009629), np.float64(0.899998786668414), np.float64(9.086848640310992), np.float64(0.09999819719410961), 1.0, 13.7253796777895, np.float64(1.046835573754154), np.float64(0.7845611464135018), 0.6283185307179586, 0.5235987755982988, np.float64(0.11572449289554784), 0.2, np.float64(0.085746879302061), 0.95, False, False, False, False)
Waveform Generated. SNR: 19.938794193073768
The optimal source SNR is <= 20. The Fisher approximation may not be valid!
calculating Fisher matrix...
Finished derivatives
Calculated Fisher is *atleast* positive-definite.
Time taken to compute FM is 3.801664113998413 seconds
    CV#1 it  17 lam=9.1e+02 ov=0.9994333 chi2=4.499e-01 rel=2.5e-06
Body is not plunging, Fisher should be stable.
waveform shape: (3, 7889537)
Computing SNR for parameters: (np.float64(999991.3396361339), np.float64(10.000055320096262), np.float64(0.8999987866684177), np.float64(9.086848640310997), np.float64(0.0999981971941262), 1.0, 13.7253796777895, np.float64(1.0468355740844488), np.float64(0.7845611461709419), 0.6283185307179586, 0.5235987755982988, np.float64(0.11572449148775354), 0.2, np.float64(0.08574687812335763), 0.95, False, False, False, False)
Waveform Generated. SNR: 19.938793819702468
The optimal source SNR is <= 20. The Fisher approximation may not be valid!
calculating Fisher matrix...
Finished derivatives
Calculated Fisher is *atleast* positive-definite.
Time taken to compute FM is 3.8114185333251953 seconds
    CV#1 it  18 lam=9.9e+06 ov=0.9994333 chi2=4.499e-01 rel=9.8e-13
    NM  nfev=1022 ov 0.9994333 -> 0.9994333 (accepted=False)
Body is not plunging, Fisher should be stable.
waveform shape: (3, 7889537)
Computing SNR for parameters: (np.float64(999991.3396361339), np.float64(10.000055320096262), np.float64(0.8999987866684177), np.float64(9.086848640310997), np.float64(0.0999981971941262), 1.0, 13.7253796777895, np.float64(1.0468355740844981), np.float64(0.7845611461709077), 0.6283185307179586, 0.5235987755982988, np.float64(0.11572449148756216), 0.2, np.float64(0.08574687812320701), 0.95, False, False, False, False)
Waveform Generated. SNR: 19.938793819703275
The optimal source SNR is <= 20. The Fisher approximation may not be valid!
calculating stable deltas...
Time taken to compute stable deltas is 34.13246154785156 seconds
calculating Fisher matrix...
Finished derivatives
Calculated Fisher is *atleast* positive-definite.
Time taken to compute FM is 3.1923727989196777 seconds
    CV#2 it   0 lam=2.3e+08 ov=0.9994333 chi2=4.499e-01 rel=1.6e-14
======================================================================
[idx14] SNR=19.64  overlap(MAP seed) = 0.9938607
Body is not plunging, Fisher should be stable.
waveform shape: (3, 7889537)
Computing SNR for parameters: (np.float64(999997.25137), np.float64(10.000063704), np.float64(0.9000020297), np.float64(9.0484577531), np.float64(0.29999822161), 1.0, 14.134243467540808, np.float64(1.0471975512), np.float64(0.7853981634), 0.6283185307179586, 0.5235987755982988, np.float64(0.1034798023), 0.2, np.float64(0.30892018459), 0.95, False, False, False, False)
Waveform Generated. SNR: 19.771581306586608
The optimal source SNR is <= 20. The Fisher approximation may not be valid!
calculating stable deltas...
Time taken to compute stable deltas is 35.55937051773071 seconds
calculating Fisher matrix...
Finished derivatives
Calculated Fisher is *atleast* positive-definite.
Time taken to compute FM is 3.3439626693725586 seconds
    CV#1 it   0 lam=3.3e-03 ov=0.9938607 chi2=4.735e+00 rel=2.6e-01
Body is not plunging, Fisher should be stable.
waveform shape: (3, 7889537)
Computing SNR for parameters: (np.float64(999997.2476573741), np.float64(10.000063824107107), np.float64(0.9000020737942629), np.float64(9.048457749801813), np.float64(0.29999822719848385), 1.0, 14.134243467540808, np.float64(1.0439602312133156), np.float64(0.7828319972479759), 0.6283185307179586, 0.5235987755982988, np.float64(0.1284368461578572), 0.2, np.float64(0.23740751159260587), 0.95, False, False, False, False)
Waveform Generated. SNR: 19.837935180969282
The optimal source SNR is <= 20. The Fisher approximation may not be valid!
calculating Fisher matrix...
Finished derivatives
Calculated Fisher is *atleast* positive-definite.
Time taken to compute FM is 3.972398281097412 seconds
    CV#1 it   1 lam=1.1e-03 ov=0.9954511 chi2=3.516e+00 rel=5.8e-02
Body is not plunging, Fisher should be stable.
waveform shape: (3, 7889537)
Computing SNR for parameters: (np.float64(999997.2355758072), np.float64(10.000064301062668), np.float64(0.9000021791363207), np.float64(9.0484577285657), np.float64(0.2999982829681251), 1.0, 14.134243467540808, np.float64(1.0439387438712966), np.float64(0.7829273983321245), 0.6283185307179586, 0.5235987755982988, np.float64(0.1381381524650978), 0.2, np.float64(0.22857490400636232), 0.95, False, False, False, False)
Waveform Generated. SNR: 19.860985274962225
The optimal source SNR is <= 20. The Fisher approximation may not be valid!
calculating Fisher matrix...
Finished derivatives
Calculated Fisher is *atleast* positive-definite.
Time taken to compute FM is 3.9903831481933594 seconds
    CV#1 it   2 lam=3.7e-04 ov=0.9957168 chi2=3.311e+00 rel=8.1e-02
Body is not plunging, Fisher should be stable.
waveform shape: (3, 7889537)
Computing SNR for parameters: (np.float64(999997.2078477013), np.float64(10.000065563834404), np.float64(0.90000242226273), np.float64(9.048457684316606), np.float64(0.2999984146388753), 1.0, 14.134243467540808, np.float64(1.0437419530945924), np.float64(0.782997745418023), 0.6283185307179586, 0.5235987755982988, np.float64(0.15499408515029103), 0.2, np.float64(0.21811600810728388), 0.95, False, False, False, False)
Waveform Generated. SNR: 19.875818656185736
The optimal source SNR is <= 20. The Fisher approximation may not be valid!
calculating Fisher matrix...
Finished derivatives
Calculated Fisher is *atleast* positive-definite.
Time taken to compute FM is 3.9407167434692383 seconds
    CV#1 it   3 lam=1.2e-04 ov=0.9960636 chi2=3.043e+00 rel=8.8e-02
Body is not plunging, Fisher should be stable.
waveform shape: (3, 7889537)
Computing SNR for parameters: (np.float64(999997.1733912937), np.float64(10.000068200171524), np.float64(0.9000028172492253), np.float64(9.048457687386467), np.float64(0.29999859023015146), 1.0, 14.134243467540808, np.float64(1.0432622343445919), np.float64(0.7828559619523031), 0.6283185307179586, 0.5235987755982988, np.float64(0.1809201450780314), 0.2, np.float64(0.2019155878984178), 0.95, False, False, False, False)
Waveform Generated. SNR: 19.88192600553665
The optimal source SNR is <= 20. The Fisher approximation may not be valid!
calculating Fisher matrix...
Finished derivatives
Calculated Fisher is *atleast* positive-definite.
Time taken to compute FM is 3.942013740539551 seconds
    CV#1 it   4 lam=4.1e-05 ov=0.9964104 chi2=2.776e+00 rel=5.7e-02
Body is not plunging, Fisher should be stable.
waveform shape: (3, 7889537)
Computing SNR for parameters: (np.float64(999997.184907448), np.float64(10.00007271986226), np.float64(0.9000031804447236), np.float64(9.04845798797095), np.float64(0.2999985813854558), 1.0, 14.134243467540808, np.float64(1.043350852592329), np.float64(0.7827716281498763), 0.6283185307179586, 0.5235987755982988, np.float64(0.20155693592723453), 0.2, np.float64(0.18259634279783543), 0.95, False, False, False, False)
Waveform Generated. SNR: 19.87507637360659
The optimal source SNR is <= 20. The Fisher approximation may not be valid!
calculating stable deltas...
Time taken to compute stable deltas is 35.254244327545166 seconds
calculating Fisher matrix...
Finished derivatives
Calculated Fisher is *atleast* positive-definite.
Time taken to compute FM is 3.3175175189971924 seconds
    CV#1 it   5 lam=1.4e-05 ov=0.9966154 chi2=2.617e+00 rel=4.6e-02
Body is not plunging, Fisher should be stable.
waveform shape: (3, 7889537)
Computing SNR for parameters: (np.float64(999997.275098358), np.float64(10.00007946197147), np.float64(0.900003419616256), np.float64(9.048458706027303), np.float64(0.29999826183310135), 1.0, 14.134243467540808, np.float64(1.0444814105343143), np.float64(0.7829358922608696), 0.6283185307179586, 0.5235987755982988, np.float64(0.20942451324464745), 0.2, np.float64(0.16085279348550852), 0.95, False, False, False, False)
Waveform Generated. SNR: 19.855283164234574
The optimal source SNR is <= 20. The Fisher approximation may not be valid!
calculating Fisher matrix...
Finished derivatives
Calculated Fisher is *atleast* positive-definite.
Time taken to compute FM is 3.9607737064361572 seconds
    CV#1 it   6 lam=4.6e-06 ov=0.9967688 chi2=2.497e+00 rel=2.8e-02
Body is not plunging, Fisher should be stable.
waveform shape: (3, 7889537)
Computing SNR for parameters: (np.float64(999997.3958720411), np.float64(10.000086011936439), np.float64(0.9000036044416023), np.float64(9.048459344350992), np.float64(0.29999789035305807), 1.0, 14.134243467540808, np.float64(1.0456997026053085), np.float64(0.7831140081125266), 0.6283185307179586, 0.5235987755982988, np.float64(0.21227470352954314), 0.2, np.float64(0.14159687023504572), 0.95, False, False, False, False)
Waveform Generated. SNR: 19.833436527594873
The optimal source SNR is <= 20. The Fisher approximation may not be valid!
calculating Fisher matrix...
Finished derivatives
Calculated Fisher is *atleast* positive-definite.
Time taken to compute FM is 3.975813388824463 seconds
    CV#1 it   7 lam=1.5e-06 ov=0.9968565 chi2=2.428e+00 rel=1.1e-02
Body is not plunging, Fisher should be stable.
waveform shape: (3, 7889537)
Computing SNR for parameters: (np.float64(999997.5274537364), np.float64(10.00008974770024), np.float64(0.900003758042388), np.float64(9.048459317676777), np.float64(0.29999768342083744), 1.0, 14.134243467540808, np.float64(1.046166208405184), np.float64(0.783089982792295), 0.6283185307179586, 0.5235987755982988, np.float64(0.2137454633968466), 0.2, np.float64(0.13206027377500862), 0.95, False, False, False, False)
Waveform Generated. SNR: 19.819235959501405
The optimal source SNR is <= 20. The Fisher approximation may not be valid!
calculating Fisher matrix...
Finished derivatives
Calculated Fisher is *atleast* positive-definite.
Time taken to compute FM is 3.95155668258667 seconds
    CV#1 it   8 lam=5.1e-07 ov=0.9968895 chi2=2.402e+00 rel=6.0e-03
Body is not plunging, Fisher should be stable.
waveform shape: (3, 7889537)
Computing SNR for parameters: (np.float64(999997.7661463448), np.float64(10.000092223798944), np.float64(0.9000039566168999), np.float64(9.048458402878277), np.float64(0.2999975387331313), 1.0, 14.134243467540808, np.float64(1.0462100736519668), np.float64(0.7829405007029477), 0.6283185307179586, 0.5235987755982988, np.float64(0.21395081481010586), 0.2, np.float64(0.12843608964875092), 0.95, False, False, False, False)
Waveform Generated. SNR: 19.811395572477682
The optimal source SNR is <= 20. The Fisher approximation may not be valid!
calculating Fisher matrix...
Finished derivatives
Calculated Fisher is *atleast* positive-definite.
Time taken to compute FM is 4.057843208312988 seconds
    CV#1 it   9 lam=1.7e-07 ov=0.9969082 chi2=2.388e+00 rel=4.6e-03
Body is not plunging, Fisher should be stable.
waveform shape: (3, 7889537)
Computing SNR for parameters: (np.float64(999998.2551465717), np.float64(10.000095502453437), np.float64(0.9000043081818441), np.float64(9.048456216798888), np.float64(0.2999973175813298), 1.0, 14.134243467540808, np.float64(1.0462217718401394), np.float64(0.7827241834703216), 0.6283185307179586, 0.5235987755982988, np.float64(0.2125575482273188), 0.2, np.float64(0.12620896519368652), 0.95, False, False, False, False)
Waveform Generated. SNR: 19.806871833812984
The optimal source SNR is <= 20. The Fisher approximation may not be valid!
calculating stable deltas...
Time taken to compute stable deltas is 35.26263737678528 seconds
calculating Fisher matrix...
Finished derivatives
Calculated Fisher is *atleast* positive-definite.
Time taken to compute FM is 3.366828441619873 seconds
    CV#1 it  10 lam=5.6e-08 ov=0.9969227 chi2=2.377e+00 rel=3.1e-03
Body is not plunging, Fisher should be stable.
waveform shape: (3, 7889537)
Computing SNR for parameters: (np.float64(999998.9680678073), np.float64(10.000099751841756), np.float64(0.9000048008341253), np.float64(9.048452946024847), np.float64(0.29999701362969505), 1.0, 14.134243467540808, np.float64(1.0462597513492198), np.float64(0.7824649891145647), 0.6283185307179586, 0.5235987755982988, np.float64(0.20985410544545216), 0.2, np.float64(0.12434407312826919), 0.95, False, False, False, False)
Waveform Generated. SNR: 19.80446778703729
The optimal source SNR is <= 20. The Fisher approximation may not be valid!
calculating Fisher matrix...
Finished derivatives
Calculated Fisher is *atleast* positive-definite.
Time taken to compute FM is 3.9947423934936523 seconds
    CV#1 it  11 lam=1.9e-08 ov=0.9969327 chi2=2.369e+00 rel=1.1e-03
Body is not plunging, Fisher should be stable.
waveform shape: (3, 7889537)
Computing SNR for parameters: (np.float64(999999.4942032362), np.float64(10.000102851367197), np.float64(0.900005163114614), np.float64(9.048450526362302), np.float64(0.2999967906012411), 1.0, 14.134243467540808, np.float64(1.0462882796552857), np.float64(0.7822775952431626), 0.6283185307179586, 0.5235987755982988, np.float64(0.207811579527642), 0.2, np.float64(0.12305837238942872), 0.95, False, False, False, False)
Waveform Generated. SNR: 19.803114760220762
The optimal source SNR is <= 20. The Fisher approximation may not be valid!
calculating Fisher matrix...
Finished derivatives
Calculated Fisher is *atleast* positive-definite.
Time taken to compute FM is 3.926753520965576 seconds
    CV#1 it  12 lam=6.3e-09 ov=0.9969362 chi2=2.367e+00 rel=2.3e-04
Body is not plunging, Fisher should be stable.
waveform shape: (3, 7889537)
Computing SNR for parameters: (np.float64(999999.6313932462), np.float64(10.00010377168241), np.float64(0.9000052617835607), np.float64(9.048449913007946), np.float64(0.2999967286084479), 1.0, 14.134243467540808, np.float64(1.0462901383688257), np.float64(0.7822151191042188), 0.6283185307179586, 0.5235987755982988, np.float64(0.2074162434790001), 0.2, np.float64(0.1224445682044208), 0.95, False, False, False, False)
Waveform Generated. SNR: 19.80187517502062
The optimal source SNR is <= 20. The Fisher approximation may not be valid!
calculating Fisher matrix...
Finished derivatives
Calculated Fisher is *atleast* positive-definite.
Time taken to compute FM is 3.938058376312256 seconds
    CV#1 it  13 lam=2.1e-09 ov=0.9969370 chi2=2.366e+00 rel=1.0e-04
Body is not plunging, Fisher should be stable.
waveform shape: (3, 7889537)
Computing SNR for parameters: (np.float64(999999.6193289614), np.float64(10.000103832434812), np.float64(0.9000052584107533), np.float64(9.048449989112935), np.float64(0.2999967292357169), 1.0, 14.134243467540808, np.float64(1.046280567799729), np.float64(0.7822021988006794), 0.6283185307179586, 0.5235987755982988, np.float64(0.20762888609704772), 0.2, np.float64(0.12214942044214516), 0.95, False, False, False, False)
Waveform Generated. SNR: 19.80075878619785
The optimal source SNR is <= 20. The Fisher approximation may not be valid!
calculating Fisher matrix...
Finished derivatives
Calculated Fisher is *atleast* positive-definite.
Time taken to compute FM is 3.9502320289611816 seconds
    CV#1 it  14 lam=7.0e-10 ov=0.9969373 chi2=2.366e+00 rel=5.7e-05
Body is not plunging, Fisher should be stable.
waveform shape: (3, 7889537)
Computing SNR for parameters: (np.float64(999999.593750781), np.float64(10.000103792387453), np.float64(0.9000052448236734), np.float64(9.048450124286965), np.float64(0.29999673624102924), 1.0, 14.134243467540808, np.float64(1.0462720660349207), np.float64(0.7821966717561191), 0.6283185307179586, 0.5235987755982988, np.float64(0.20786323051901162), 0.2, np.float64(0.12194324133471554), 0.95, False, False, False, False)
Waveform Generated. SNR: 19.80003745824693
The optimal source SNR is <= 20. The Fisher approximation may not be valid!
calculating stable deltas...
Time taken to compute stable deltas is 35.24147343635559 seconds
calculating Fisher matrix...
Finished derivatives
Calculated Fisher is *atleast* positive-definite.
Time taken to compute FM is 3.3441123962402344 seconds
    CV#1 it  15 lam=2.3e-10 ov=0.9969375 chi2=2.366e+00 rel=3.5e-05
Body is not plunging, Fisher should be stable.
waveform shape: (3, 7889537)
Computing SNR for parameters: (np.float64(999999.5773968176), np.float64(10.000103766730144), np.float64(0.9000052361587678), np.float64(9.04845021055669), np.float64(0.2999967407541359), 1.0, 14.134243467540808, np.float64(1.046266266566227), np.float64(0.7821930203072333), 0.6283185307179586, 0.5235987755982988, np.float64(0.20801322879962253), 0.2, np.float64(0.12181114721974726), 0.95, False, False, False, False)
Waveform Generated. SNR: 19.79928654376754
The optimal source SNR is <= 20. The Fisher approximation may not be valid!
calculating Fisher matrix...
Finished derivatives
Calculated Fisher is *atleast* positive-definite.
Time taken to compute FM is 3.969621181488037 seconds
    CV#1 it  16 lam=7.7e-11 ov=0.9969376 chi2=2.366e+00 rel=2.9e-05
Body is not plunging, Fisher should be stable.
waveform shape: (3, 7889537)
Computing SNR for parameters: (np.float64(999999.5600334415), np.float64(10.000103736756715), np.float64(0.9000052267672789), np.float64(9.048450302040093), np.float64(0.299996745560403), 1.0, 14.134243467540808, np.float64(1.0462609099080349), np.float64(0.782189770363684), 0.6283185307179586, 0.5235987755982988, np.float64(0.2081660759008375), 0.2, np.float64(0.12168037213295808), 0.95, False, False, False, False)
Waveform Generated. SNR: 19.798760669883624
The optimal source SNR is <= 20. The Fisher approximation may not be valid!
calculating Fisher matrix...
Finished derivatives
Calculated Fisher is *atleast* positive-definite.
Time taken to compute FM is 3.947964668273926 seconds
    CV#1 it  17 lam=7.7e-11 ov=0.9969377 chi2=2.366e+00 rel=3.1e-06
Body is not plunging, Fisher should be stable.
waveform shape: (3, 7889537)
Computing SNR for parameters: (np.float64(999999.5484612018), np.float64(10.00010371914055), np.float64(0.9000052206531175), np.float64(9.048450363259665), np.float64(0.2999967487213327), 1.0, 14.134243467540808, np.float64(1.0462567275686483), np.float64(0.7821870252599675), 0.6283185307179586, 0.5235987755982988, np.float64(0.20827442256886694), 0.2, np.float64(0.12158555347757735), 0.95, False, False, False, False)
Waveform Generated. SNR: 19.79842021323914
The optimal source SNR is <= 20. The Fisher approximation may not be valid!
calculating Fisher matrix...
Finished derivatives
Calculated Fisher is *atleast* positive-definite.
Time taken to compute FM is 3.95056414604187 seconds
    CV#1 it  18 lam=2.6e-11 ov=0.9969377 chi2=2.366e+00 rel=4.4e-06
Body is not plunging, Fisher should be stable.
waveform shape: (3, 7889537)
Computing SNR for parameters: (np.float64(999999.5399846601), np.float64(10.00010370343943), np.float64(0.9000052160451376), np.float64(9.048450407677658), np.float64(0.2999967511173577), 1.0, 14.134243467540808, np.float64(1.046254077212459), np.float64(0.782185429655408), 0.6283185307179586, 0.5235987755982988, np.float64(0.20834785744624615), 0.2, np.float64(0.12152306509898919), 0.95, False, False, False, False)
Waveform Generated. SNR: 19.798154691309545
The optimal source SNR is <= 20. The Fisher approximation may not be valid!
calculating Fisher matrix...
Finished derivatives
Calculated Fisher is *atleast* positive-definite.
Time taken to compute FM is 3.9438395500183105 seconds
    CV#1 it  19 lam=8.6e-12 ov=0.9969378 chi2=2.366e+00 rel=2.1e-05
Body is not plunging, Fisher should be stable.
waveform shape: (3, 7889537)
Computing SNR for parameters: (np.float64(999999.5335118887), np.float64(10.000103691582158), np.float64(0.9000052125159445), np.float64(9.048450441643386), np.float64(0.29999675293467376), 1.0, 14.134243467540808, np.float64(1.046251994124175), np.float64(0.7821842846676974), 0.6283185307179586, 0.5235987755982988, np.float64(0.2084044789074064), 0.2, np.float64(0.12147598698736238), 0.95, False, False, False, False)
Waveform Generated. SNR: 19.79787077430465
The optimal source SNR is <= 20. The Fisher approximation may not be valid!
calculating stable deltas...
Time taken to compute stable deltas is 35.206387519836426 seconds
calculating Fisher matrix...
Finished derivatives
Calculated Fisher is *atleast* positive-definite.
Time taken to compute FM is 3.3295788764953613 seconds
    CV#1 it  20 lam=2.9e-12 ov=0.9969378 chi2=2.366e+00 rel=4.8e-06
Body is not plunging, Fisher should be stable.
waveform shape: (3, 7889537)
Computing SNR for parameters: (np.float64(999999.5284826253), np.float64(10.000103687356518), np.float64(0.90000521001843), np.float64(9.04845046874456), np.float64(0.299996754215493), 1.0, 14.134243467540808, np.float64(1.0462498515779752), np.float64(0.7821826247190579), 0.6283185307179586, 0.5235987755982988, np.float64(0.20845742065344589), 0.2, np.float64(0.1214261425268462), 0.95, False, False, False, False)
Waveform Generated. SNR: 19.797704098258627
The optimal source SNR is <= 20. The Fisher approximation may not be valid!
calculating Fisher matrix...
Finished derivatives
Calculated Fisher is *atleast* positive-definite.
Time taken to compute FM is 3.9752962589263916 seconds
    CV#1 it  21 lam=7.1e+07 ov=0.9969379 chi2=2.366e+00 rel=2.4e-13
    NM  nfev=1014 ov 0.9969379 -> 0.9969379 (accepted=True)
Body is not plunging, Fisher should be stable.
waveform shape: (3, 7889537)
Computing SNR for parameters: (np.float64(999999.5269184131), np.float64(10.000103696234472), np.float64(0.9000052110011653), np.float64(9.048450475798832), np.float64(0.2999967555902941), 1.0, 14.134243467540808, np.float64(1.0462318516220461), np.float64(0.7821788932746572), 0.6283185307179586, 0.5235987755982988, np.float64(0.20856486639009336), 0.2, np.float64(0.12136562723985408), 0.95, False, False, False, False)
Waveform Generated. SNR: 19.79739911943565
The optimal source SNR is <= 20. The Fisher approximation may not be valid!
calculating stable deltas...
Time taken to compute stable deltas is 35.39254426956177 seconds
calculating Fisher matrix...
Finished derivatives
Calculated Fisher is *atleast* positive-definite.
Time taken to compute FM is 3.3720269203186035 seconds
    CV#2 it   0 lam=8.9e+05 ov=0.9969379 chi2=2.366e+00 rel=2.3e-11

======================================================================
model = 0PA (EMRI grid, 9 params, start = 0PA-vs-2PA MAP)
case        SNR     ov@seed       ov@CV        chi2
idx4      19.92    0.999097    0.999433   4.499e-01
idx14     19.64    0.993861    0.996938   2.366e+00

optimized 9-param points  [m1, m2, a, p0, e0, qS, phiS, Phi_phi0, Phi_r0]:
[idx4] ov=0.999433 = [9.99991340e+05, 1.00000553e+01, 8.99998787e-01, 9.08684864e+00, 9.99981972e-02, 1.04683557e+00, 7.84561146e-01, 1.15724491e-01, 8.57468781e-02]
[idx14] ov=0.996938 = [9.99999527e+05, 1.00001037e+01, 9.00005211e-01, 9.04845048e+00, 2.99996756e-01, 1.04623185e+00, 7.82178893e-01, 2.08564866e-01, 1.21365627e-01]

[saved] all results -> /home/svu/e1583490/EMRI_CV_bias/src/EMRI/results_emri_grid_0pa.json
