startup
======================================================================
[idx4] SNR=19.92  overlap(MAP seed) = 0.9990974
Body is not plunging, Fisher should be stable.
waveform shape: (3, 7889537)
Computing SNR for parameters: (np.float64(999993.12902), np.float64(10.000034144), np.float64(0.89999831452), np.float64(9.0868360349), np.float64(0.099999256695), 1.0, 13.7253796777895, np.float64(1.0471975512), np.float64(0.7853981634), 0.6283185307179586, 0.5235987755982988, np.float64(0.10118033613), 0.2, np.float64(0.29999226055), 0.95, False, False, False, True, np.float64(0.0), np.float64(0.0), 0.0, 0.0)
Waveform Generated. SNR: 19.931700096125997
The optimal source SNR is <= 20. The Fisher approximation may not be valid!
calculating stable deltas...
minimum relative error is greater than 1% for dev_1. Fisher may be unstable!
minimum relative error is greater than 1% for dev_2. Fisher may be unstable!
Time taken to compute stable deltas is 43.0515820980072 seconds
calculating Fisher matrix...
Finished derivatives
Calculated Fisher is *atleast* positive-definite.
Time taken to compute FM is 4.1056969165802 seconds
    CV#1 it   0 lam=3.3e-03 ov=0.9990974 chi2=7.162e-01 rel=1.2e-01
Body is not plunging, Fisher should be stable.
waveform shape: (3, 7889537)
Computing SNR for parameters: (np.float64(999993.1281240572), np.float64(10.000034178197659), np.float64(0.8999983314026679), np.float64(9.086836035317726), np.float64(0.09999925593564064), 1.0, 13.7253796777895, np.float64(1.0463425223124543), np.float64(0.7849689329765873), 0.6283185307179586, 0.5235987755982988, np.float64(0.10366883098378522), 0.2, np.float64(0.23688831377000102), 0.95, False, False, False, True, np.float64(-0.0016382998675201312), np.float64(0.00045979001458047736), 0.0, 0.0)
Waveform Generated. SNR: 19.939617658677037
The optimal source SNR is <= 20. The Fisher approximation may not be valid!
calculating Fisher matrix...
Finished derivatives
Calculated Fisher is *atleast* positive-definite.
Time taken to compute FM is 4.746185541152954 seconds
    CV#1 it   1 lam=3.4e+00 ov=0.9992069 chi2=6.296e-01 rel=8.5e-04
Body is not plunging, Fisher should be stable.
waveform shape: (3, 7889537)
Computing SNR for parameters: (np.float64(999993.1280955446), np.float64(10.000034179097504), np.float64(0.8999983313438534), np.float64(9.086836035183392), np.float64(0.0999992555871515), 1.0, 13.7253796777895, np.float64(1.0463340471368494), np.float64(0.7849747228815223), 0.6283185307179586, 0.5235987755982988, np.float64(0.10369962340515992), 0.2, np.float64(0.23652421096580672), 0.95, False, False, False, True, np.float64(-0.0016743558379972042), np.float64(0.001116328245736746), 0.0, 0.0)
Waveform Generated. SNR: 19.939593224189135
The optimal source SNR is <= 20. The Fisher approximation may not be valid!
calculating Fisher matrix...
Finished derivatives
Calculated Fisher is *atleast* positive-definite.
Time taken to compute FM is 4.745195150375366 seconds
    CV#1 it   2 lam=1.1e+00 ov=0.9992076 chi2=6.290e-01 rel=4.4e-04
Body is not plunging, Fisher should be stable.
waveform shape: (3, 7889537)
Computing SNR for parameters: (np.float64(999993.128073209), np.float64(10.000034179844784), np.float64(0.8999983313049241), np.float64(9.086836035080077), np.float64(0.09999925537485187), 1.0, 13.7253796777895, np.float64(1.046327407409038), np.float64(0.7849788065783989), 0.6283185307179586, 0.5235987755982988, np.float64(0.1037143184435639), 0.2, np.float64(0.2361890045691121), 0.95, False, False, False, True, np.float64(-0.0017061264861579046), np.float64(0.001154148673902822), 0.0, 0.0)
Waveform Generated. SNR: 19.939561150942573
The optimal source SNR is <= 20. The Fisher approximation may not be valid!
calculating Fisher matrix...
Finished derivatives
Calculated Fisher is *atleast* positive-definite.
Time taken to compute FM is 4.7478015422821045 seconds
    CV#1 it   3 lam=4.7e-01 ov=0.9992079 chi2=6.288e-01 rel=1.2e-04
Body is not plunging, Fisher should be stable.
waveform shape: (3, 7889537)
Computing SNR for parameters: (np.float64(999993.1280515682), np.float64(10.000034180727345), np.float64(0.8999983313700716), np.float64(9.086836035005838), np.float64(0.09999925540440187), 1.0, 13.7253796777895, np.float64(1.04632430659982), np.float64(0.7849793055147001), 0.6283185307179586, 0.5235987755982988, np.float64(0.10370994881395824), 0.2, np.float64(0.2356396160983555), 0.95, False, False, False, True, np.float64(-0.0017341908887712955), np.float64(0.0011022723519104344), 0.0, 0.0)
Waveform Generated. SNR: 19.939556507084266
The optimal source SNR is <= 20. The Fisher approximation may not be valid!
calculating Fisher matrix...
Finished derivatives
Calculated Fisher is *atleast* positive-definite.
Time taken to compute FM is 4.740188837051392 seconds
    CV#1 it   4 lam=1.6e-01 ov=0.9992080 chi2=6.287e-01 rel=1.1e-04
Body is not plunging, Fisher should be stable.
waveform shape: (3, 7889537)
Computing SNR for parameters: (np.float64(999993.1280260765), np.float64(10.000034181956641), np.float64(0.8999983316483706), np.float64(9.086836034968805), np.float64(0.09999925572420057), 1.0, 13.7253796777895, np.float64(1.0463245152609664), np.float64(0.7849743639029115), 0.6283185307179586, 0.5235987755982988, np.float64(0.10369343736420131), 0.2, np.float64(0.23520695359119453), 0.95, False, False, False, True, np.float64(-0.0017943435378679617), np.float64(0.0011186073220880144), 0.0, 0.0)
Waveform Generated. SNR: 19.93957926612653
The optimal source SNR is <= 20. The Fisher approximation may not be valid!
calculating stable deltas...
minimum relative error is greater than 1% for dev_1. Fisher may be unstable!
minimum relative error is greater than 1% for dev_2. Fisher may be unstable!
Time taken to compute stable deltas is 43.39407014846802 seconds
calculating Fisher matrix...
Finished derivatives
Calculated Fisher is *atleast* positive-definite.
Time taken to compute FM is 4.118934154510498 seconds
    CV#1 it   5 lam=3.0e-01 ov=0.9992081 chi2=6.286e-01 rel=4.6e-06
Body is not plunging, Fisher should be stable.
waveform shape: (3, 7889537)
Computing SNR for parameters: (np.float64(999993.1279632115), np.float64(10.000034184670238), np.float64(0.89999833262107), np.float64(9.086836034947599), np.float64(0.09999925606583358), 1.0, 13.7253796777895, np.float64(1.0463315876129688), np.float64(0.7849618059514968), 0.6283185307179586, 0.5235987755982988, np.float64(0.10376959511933903), 0.2, np.float64(0.23507582100660435), 0.95, False, False, False, True, np.float64(-0.0017667430838357013), np.float64(0.0011177509899956786), 0.0, 0.0)
Waveform Generated. SNR: 19.939667396667815
The optimal source SNR is <= 20. The Fisher approximation may not be valid!
calculating Fisher matrix...
Finished derivatives
Calculated Fisher is *atleast* positive-definite.
Time taken to compute FM is 4.73365330696106 seconds
    CV#1 it   6 lam=3.0e-01 ov=0.9992081 chi2=6.286e-01 rel=2.1e-04
Body is not plunging, Fisher should be stable.
waveform shape: (3, 7889537)
Computing SNR for parameters: (np.float64(999993.1279157056), np.float64(10.000034187005635), np.float64(0.8999983329987563), np.float64(9.08683603484409), np.float64(0.09999925669301872), 1.0, 13.7253796777895, np.float64(1.0463209342462034), np.float64(0.7849638943997698), 0.6283185307179586, 0.5235987755982988, np.float64(0.10371325011275097), 0.2, np.float64(0.2349068789398311), 0.95, False, False, False, True, np.float64(-0.001789126575569255), np.float64(0.001118116398573689), 0.0, 0.0)
Waveform Generated. SNR: 19.939707989536174
The optimal source SNR is <= 20. The Fisher approximation may not be valid!
calculating Fisher matrix...
Finished derivatives
Calculated Fisher is *atleast* positive-definite.
Time taken to compute FM is 4.736161947250366 seconds
    CV#1 it   7 lam=2.4e-01 ov=0.9992083 chi2=6.285e-01 rel=2.0e-04
Body is not plunging, Fisher should be stable.
waveform shape: (3, 7889537)
Computing SNR for parameters: (np.float64(999993.1278545875), np.float64(10.000034189725655), np.float64(0.8999983333323731), np.float64(9.086836034672572), np.float64(0.0999992570765624), 1.0, 13.7253796777895, np.float64(1.0463136250512721), np.float64(0.7849670102534823), 0.6283185307179586, 0.5235987755982988, np.float64(0.10368917533539425), 0.2, np.float64(0.23486536570380104), 0.95, False, False, False, True, np.float64(-0.0017717149764667126), np.float64(0.0011182620399791576), 0.0, 0.0)
Waveform Generated. SNR: 19.93970460750412
The optimal source SNR is <= 20. The Fisher approximation may not be valid!
calculating Fisher matrix...
Finished derivatives
Calculated Fisher is *atleast* positive-definite.
Time taken to compute FM is 4.709891080856323 seconds
    CV#1 it   8 lam=6.4e-01 ov=0.9992084 chi2=6.284e-01 rel=3.2e-05
Body is not plunging, Fisher should be stable.
waveform shape: (3, 7889537)
Computing SNR for parameters: (np.float64(999993.1277987717), np.float64(10.000034192085186), np.float64(0.8999983334640457), np.float64(9.086836034472043), np.float64(0.09999925728389185), 1.0, 13.7253796777895, np.float64(1.046318862899705), np.float64(0.7849678535246944), 0.6283185307179586, 0.5235987755982988, np.float64(0.10365222232407093), 0.2, np.float64(0.23477595519245), 0.95, False, False, False, True, np.float64(-0.0017621312555087822), np.float64(0.0011149147278233862), 0.0, 0.0)
Waveform Generated. SNR: 19.939642525536264
The optimal source SNR is <= 20. The Fisher approximation may not be valid!
calculating Fisher matrix...
Finished derivatives
Calculated Fisher is *atleast* positive-definite.
Time taken to compute FM is 4.752654790878296 seconds
    CV#1 it   9 lam=1.9e+00 ov=0.9992085 chi2=6.283e-01 rel=2.5e-05
Body is not plunging, Fisher should be stable.
waveform shape: (3, 7889537)
Computing SNR for parameters: (np.float64(999993.1278094855), np.float64(10.0000341919256), np.float64(0.8999983336489565), np.float64(9.08683603456338), np.float64(0.09999925767127128), 1.0, 13.7253796777895, np.float64(1.0463219839538307), np.float64(0.7849629671379822), 0.6283185307179586, 0.5235987755982988, np.float64(0.1036364414433352), 0.2, np.float64(0.23484017641648244), 0.95, False, False, False, True, np.float64(-0.0017570249222841736), np.float64(0.0011154303976239602), 0.0, 0.0)
Waveform Generated. SNR: 19.9396921627403
The optimal source SNR is <= 20. The Fisher approximation may not be valid!
calculating stable deltas...
minimum relative error is greater than 1% for dev_1. Fisher may be unstable!
minimum relative error is greater than 1% for dev_2. Fisher may be unstable!
Time taken to compute stable deltas is 43.39170742034912 seconds
calculating Fisher matrix...
Finished derivatives
Calculated Fisher is *atleast* positive-definite.
Time taken to compute FM is 4.124545335769653 seconds
    CV#1 it  10 lam=3.0e+00 ov=0.9992085 chi2=6.283e-01 rel=2.1e-05
Body is not plunging, Fisher should be stable.
waveform shape: (3, 7889537)
Computing SNR for parameters: (np.float64(999993.1277995796), np.float64(10.000034192402223), np.float64(0.8999983336941397), np.float64(9.086836034533414), np.float64(0.09999925778575856), 1.0, 13.7253796777895, np.float64(1.0463203130782892), np.float64(0.7849644186455312), 0.6283185307179586, 0.5235987755982988, np.float64(0.10362467230679569), 0.2, np.float64(0.2348041407070475), 0.95, False, False, False, True, np.float64(-0.0017772863228130566), np.float64(0.0016789088742801804), 0.0, 0.0)
Waveform Generated. SNR: 19.939689446711768
The optimal source SNR is <= 20. The Fisher approximation may not be valid!
calculating Fisher matrix...
Finished derivatives
Calculated Fisher is *atleast* positive-definite.
Time taken to compute FM is 4.748480796813965 seconds
    CV#1 it  11 lam=2.1e+00 ov=0.9992085 chi2=6.283e-01 rel=5.1e-05
Body is not plunging, Fisher should be stable.
waveform shape: (3, 7889537)
Computing SNR for parameters: (np.float64(999993.1277913108), np.float64(10.000034192677013), np.float64(0.8999983337281907), np.float64(9.086836034507197), np.float64(0.09999925770530431), 1.0, 13.7253796777895, np.float64(1.0463184356376631), np.float64(0.7849648452002689), 0.6283185307179586, 0.5235987755982988, np.float64(0.10363965144148385), 0.2, np.float64(0.2348531959888406), 0.95, False, False, False, True, np.float64(-0.0017871977081206978), np.float64(0.0016461924599953913), 0.0, 0.0)
Waveform Generated. SNR: 19.93968777386294
The optimal source SNR is <= 20. The Fisher approximation may not be valid!
calculating Fisher matrix...
Finished derivatives
Calculated Fisher is *atleast* positive-definite.
Time taken to compute FM is 4.7297961711883545 seconds
    CV#1 it  12 lam=3.9e+00 ov=0.9992085 chi2=6.283e-01 rel=6.4e-06
Body is not plunging, Fisher should be stable.
waveform shape: (3, 7889537)
Computing SNR for parameters: (np.float64(999993.12778353), np.float64(10.000034193029505), np.float64(0.899998333778303), np.float64(9.086836034487307), np.float64(0.09999925776156965), 1.0, 13.7253796777895, np.float64(1.0463152461701917), np.float64(0.7849647028227168), 0.6283185307179586, 0.5235987755982988, np.float64(0.10363693648471443), 0.2, np.float64(0.23481663954239423), 0.95, False, False, False, True, np.float64(-0.0018048342246638788), np.float64(0.0022604754108792335), 0.0, 0.0)
Waveform Generated. SNR: 19.93970848081628
The optimal source SNR is <= 20. The Fisher approximation may not be valid!
calculating Fisher matrix...
Finished derivatives
Calculated Fisher is *atleast* positive-definite.
Time taken to compute FM is 4.7446630001068115 seconds
    CV#1 it  13 lam=1.3e+00 ov=0.9992085 chi2=6.283e-01 rel=3.3e-05
Body is not plunging, Fisher should be stable.
waveform shape: (3, 7889537)
Computing SNR for parameters: (np.float64(999993.127777), np.float64(10.000034193232704), np.float64(0.899998333805856), np.float64(9.086836034466693), np.float64(0.09999925768064294), 1.0, 13.7253796777895, np.float64(1.046314688631888), np.float64(0.784964929504778), 0.6283185307179586, 0.5235987755982988, np.float64(0.10365086099544962), 0.2, np.float64(0.23485863563765283), 0.95, False, False, False, True, np.float64(-0.0018141746638291733), np.float64(0.0022664455438730917), 0.0, 0.0)
Waveform Generated. SNR: 19.939700494769387
The optimal source SNR is <= 20. The Fisher approximation may not be valid!
calculating Fisher matrix...
Finished derivatives
Calculated Fisher is *atleast* positive-definite.
Time taken to compute FM is 4.797605752944946 seconds
    CV#1 it  14 lam=3.0e+00 ov=0.9992086 chi2=6.283e-01 rel=1.6e-05
Body is not plunging, Fisher should be stable.
waveform shape: (3, 7889537)
Computing SNR for parameters: (np.float64(999993.1277697779), np.float64(10.000034193459445), np.float64(0.899998333857422), np.float64(9.086836034449137), np.float64(0.09999925759418955), 1.0, 13.7253796777895, np.float64(1.046314290558314), np.float64(0.7849646603359655), 0.6283185307179586, 0.5235987755982988, np.float64(0.10366999708497446), 0.2, np.float64(0.23491605085637385), 0.95, False, False, False, True, np.float64(-0.0018231370482472496), np.float64(0.002019290477396157), 0.0, 0.0)
Waveform Generated. SNR: 19.939696788965097
The optimal source SNR is <= 20. The Fisher approximation may not be valid!
calculating stable deltas...
minimum relative error is greater than 1% for dev_1. Fisher may be unstable!
minimum relative error is greater than 1% for dev_2. Fisher may be unstable!
Time taken to compute stable deltas is 43.91909599304199 seconds
calculating Fisher matrix...
Finished derivatives
Calculated Fisher is *atleast* positive-definite.
Time taken to compute FM is 4.123216152191162 seconds
    CV#1 it  15 lam=2.0e+00 ov=0.9992086 chi2=6.282e-01 rel=1.9e-05
Body is not plunging, Fisher should be stable.
waveform shape: (3, 7889537)
Computing SNR for parameters: (np.float64(999993.1277682225), np.float64(10.000034193554516), np.float64(0.8999983339148322), np.float64(9.08683603445694), np.float64(0.09999925764468717), 1.0, 13.7253796777895, np.float64(1.0463156046203146), np.float64(0.7849635265471065), 0.6283185307179586, 0.5235987755982988, np.float64(0.10367184036088128), 0.2, np.float64(0.2349208213706244), 0.95, False, False, False, True, np.float64(-0.001827491718252987), np.float64(0.002025678603667414), 0.0, 0.0)
Waveform Generated. SNR: 19.93970225163346
The optimal source SNR is <= 20. The Fisher approximation may not be valid!
calculating Fisher matrix...
Finished derivatives
Calculated Fisher is *atleast* positive-definite.
Time taken to compute FM is 4.741678714752197 seconds
    CV#1 it  16 lam=1.6e+00 ov=0.9992086 chi2=6.282e-01 rel=1.9e-05
Body is not plunging, Fisher should be stable.
waveform shape: (3, 7889537)
Computing SNR for parameters: (np.float64(999993.1277632661), np.float64(10.00003419377296), np.float64(0.8999983339927539), np.float64(9.086836034455592), np.float64(0.09999925767752997), 1.0, 13.7253796777895, np.float64(1.0463163615861844), np.float64(0.7849625284664292), 0.6283185307179586, 0.5235987755982988, np.float64(0.1036784497494347), 0.2, np.float64(0.2349264283515442), 0.95, False, False, False, True, np.float64(-0.001835810689980092), np.float64(0.0020270812000543733), 0.0, 0.0)
Waveform Generated. SNR: 19.939703388397696
The optimal source SNR is <= 20. The Fisher approximation may not be valid!
calculating Fisher matrix...
Finished derivatives
Calculated Fisher is *atleast* positive-definite.
Time taken to compute FM is 4.750357627868652 seconds
    CV#1 it  17 lam=1.6e+00 ov=0.9992086 chi2=6.282e-01 rel=2.2e-05
Body is not plunging, Fisher should be stable.
waveform shape: (3, 7889537)
Computing SNR for parameters: (np.float64(999993.1277563875), np.float64(10.000034194075399), np.float64(0.8999983340816914), np.float64(9.086836034448977), np.float64(0.09999925771987227), 1.0, 13.7253796777895, np.float64(1.0463164494556028), np.float64(0.7849617789450506), 0.6283185307179586, 0.5235987755982988, np.float64(0.1036850080562107), 0.2, np.float64(0.23492536561637484), 0.95, False, False, False, True, np.float64(-0.0018477120785886769), np.float64(0.002038394933855249), 0.0, 0.0)
Waveform Generated. SNR: 19.939706136486233
The optimal source SNR is <= 20. The Fisher approximation may not be valid!
calculating Fisher matrix...
Finished derivatives
Calculated Fisher is *atleast* positive-definite.
Time taken to compute FM is 4.735459327697754 seconds
    CV#1 it  18 lam=5.4e-01 ov=0.9992086 chi2=6.282e-01 rel=3.1e-05
Body is not plunging, Fisher should be stable.
waveform shape: (3, 7889537)
Computing SNR for parameters: (np.float64(999993.1277528247), np.float64(10.000034194281264), np.float64(0.8999983341839277), np.float64(9.086836034459607), np.float64(0.0999992578144426), 1.0, 13.7253796777895, np.float64(1.046317510912565), np.float64(0.7849602454448181), 0.6283185307179586, 0.5235987755982988, np.float64(0.10368764274505476), 0.2, np.float64(0.23492199886785248), 0.95, False, False, False, True, np.float64(-0.001859022290690334), np.float64(0.002037360217711148), 0.0, 0.0)
Waveform Generated. SNR: 19.939713588612427
The optimal source SNR is <= 20. The Fisher approximation may not be valid!
calculating Fisher matrix...
Finished derivatives
Calculated Fisher is *atleast* positive-definite.
Time taken to compute FM is 4.73851752281189 seconds
    CV#1 it  19 lam=1.8e-01 ov=0.9992087 chi2=6.282e-01 rel=7.8e-05
Body is not plunging, Fisher should be stable.
waveform shape: (3, 7889537)
Computing SNR for parameters: (np.float64(999993.1277333493), np.float64(10.000034195173773), np.float64(0.8999983344539116), np.float64(9.086836034445522), np.float64(0.09999925798381122), 1.0, 13.7253796777895, np.float64(1.0463170052522166), np.float64(0.7849585246794514), 0.6283185307179586, 0.5235987755982988, np.float64(0.10370259481712821), 0.2, np.float64(0.2349065467290446), 0.95, False, False, False, True, np.float64(-0.0018988622677075908), np.float64(0.0020400164088020287), 0.0, 0.0)
Waveform Generated. SNR: 19.939724317837836
The optimal source SNR is <= 20. The Fisher approximation may not be valid!
calculating stable deltas...
minimum relative error is greater than 1% for dev_1. Fisher may be unstable!
minimum relative error is greater than 1% for dev_2. Fisher may be unstable!
Time taken to compute stable deltas is 43.53410077095032 seconds
calculating Fisher matrix...
Finished derivatives
Calculated Fisher is *atleast* positive-definite.
Time taken to compute FM is 4.134935617446899 seconds
    CV#1 it  20 lam=1.8e-01 ov=0.9992087 chi2=6.281e-01 rel=1.4e-04
Body is not plunging, Fisher should be stable.
waveform shape: (3, 7889537)
Computing SNR for parameters: (np.float64(999993.1276998324), np.float64(10.000034197413566), np.float64(0.8999983353172302), np.float64(9.086836034522186), np.float64(0.09999925927730265), 1.0, 13.7253796777895, np.float64(1.046313580108129), np.float64(0.7849544360477482), 0.6283185307179586, 0.5235987755982988, np.float64(0.10365882293798019), 0.2, np.float64(0.2348214415395632), 0.95, False, False, False, True, np.float64(-0.002015976439695404), np.float64(0.0020396590112299277), 0.0, 0.0)
Waveform Generated. SNR: 19.939793478104786
The optimal source SNR is <= 20. The Fisher approximation may not be valid!
calculating Fisher matrix...
Finished derivatives
Calculated Fisher is *atleast* positive-definite.
Time taken to compute FM is 4.745779514312744 seconds
    CV#1 it  21 lam=1.8e-01 ov=0.9992088 chi2=6.281e-01 rel=1.7e-04
Body is not plunging, Fisher should be stable.
waveform shape: (3, 7889537)
Computing SNR for parameters: (np.float64(999993.1276265421), np.float64(10.00003420062006), np.float64(0.8999983360726157), np.float64(9.086836034400498), np.float64(0.09999925991737763), 1.0, 13.7253796777895, np.float64(1.0463520989273971), np.float64(0.7849502146256641), 0.6283185307179586, 0.5235987755982988, np.float64(0.10357863895139499), 0.2, np.float64(0.23457658479007043), 0.95, False, False, False, True, np.float64(-0.0021478154190258214), np.float64(0.0020409866455103915), 0.0, 0.0)
Waveform Generated. SNR: 19.939594581924542
The optimal source SNR is <= 20. The Fisher approximation may not be valid!
calculating Fisher matrix...
Finished derivatives
Calculated Fisher is *atleast* positive-definite.
Time taken to compute FM is 5.060441255569458 seconds
    CV#1 it  22 lam=1.9e-01 ov=0.9992090 chi2=6.279e-01 rel=1.7e-04
Body is not plunging, Fisher should be stable.
waveform shape: (3, 7889537)
Computing SNR for parameters: (np.float64(999993.1275513456), np.float64(10.000034203492007), np.float64(0.899998336829394), np.float64(9.086836034274159), np.float64(0.09999925971050815), 1.0, 13.7253796777895, np.float64(1.0463212713040257), np.float64(0.7849529098663794), 0.6283185307179586, 0.5235987755982988, np.float64(0.10372395730003825), 0.2, np.float64(0.23480037340793997), 0.95, False, False, False, True, np.float64(-0.002276062054954796), np.float64(0.0020412720962743923), 0.0, 0.0)
Waveform Generated. SNR: 19.93969140433479
The optimal source SNR is <= 20. The Fisher approximation may not be valid!
calculating Fisher matrix...
Finished derivatives
Calculated Fisher is *atleast* positive-definite.
Time taken to compute FM is 4.762648344039917 seconds
    CV#1 it  23 lam=9.7e-02 ov=0.9992091 chi2=6.278e-01 rel=3.9e-04
Body is not plunging, Fisher should be stable.
waveform shape: (3, 7889537)
Computing SNR for parameters: (np.float64(999993.127521264), np.float64(10.000034205288301), np.float64(0.8999983376995805), np.float64(9.08683603436664), np.float64(0.09999926053999247), 1.0, 13.7253796777895, np.float64(1.0463127022945353), np.float64(0.7849476307786863), 0.6283185307179586, 0.5235987755982988, np.float64(0.10375213047510055), 0.2, np.float64(0.2347499265042101), 0.95, False, False, False, True, np.float64(-0.002390000395398909), np.float64(0.002041125828511594), 0.0, 0.0)
Waveform Generated. SNR: 19.939797190925187
The optimal source SNR is <= 20. The Fisher approximation may not be valid!
calculating Fisher matrix...
Finished derivatives
Calculated Fisher is *atleast* positive-definite.
Time taken to compute FM is 4.725366115570068 seconds
    CV#1 it  24 lam=8.9e-01 ov=0.9992094 chi2=6.276e-01 rel=7.3e-05
Body is not plunging, Fisher should be stable.
waveform shape: (3, 7889537)
Computing SNR for parameters: (np.float64(999993.1275281843), np.float64(10.000034205063868), np.float64(0.8999983380019009), np.float64(9.086836034470707), np.float64(0.09999926061520024), 1.0, 13.7253796777895, np.float64(1.046317407567633), np.float64(0.784941673251404), 0.6283185307179586, 0.5235987755982988, np.float64(0.10381110760663717), 0.2, np.float64(0.2348815405898775), 0.95, False, False, False, True, np.float64(-0.0023870430511810626), np.float64(0.002042036783186292), 0.0, 0.0)
Waveform Generated. SNR: 19.939844289811976
The optimal source SNR is <= 20. The Fisher approximation may not be valid!
calculating stable deltas...
minimum relative error is greater than 1% for dev_2. Fisher may be unstable!
Time taken to compute stable deltas is 43.04162621498108 seconds
calculating Fisher matrix...
Finished derivatives
Calculated Fisher is *atleast* positive-definite.
Time taken to compute FM is 4.088006496429443 seconds
    CV#1 it  25 lam=4.0e-01 ov=0.9992095 chi2=6.275e-01 rel=7.4e-05
Body is not plunging, Fisher should be stable.
waveform shape: (3, 7889537)
Computing SNR for parameters: (np.float64(999993.127510465), np.float64(10.00003420582909), np.float64(0.8999983381347166), np.float64(9.086836034429929), np.float64(0.09999926068928236), 1.0, 13.7253796777895, np.float64(1.0463126811331867), np.float64(0.7849443859469283), 0.6283185307179586, 0.5235987755982988, np.float64(0.10381723354613341), 0.2, np.float64(0.23478133721567304), 0.95, False, False, False, True, np.float64(-0.0024207885561915708), np.float64(0.0022607701307382753), 0.0, 0.0)
Waveform Generated. SNR: 19.939838682374685
The optimal source SNR is <= 20. The Fisher approximation may not be valid!
calculating Fisher matrix...
Finished derivatives
Calculated Fisher is *atleast* positive-definite.
Time taken to compute FM is 4.748331546783447 seconds
    CV#1 it  26 lam=4.6e-01 ov=0.9992095 chi2=6.275e-01 rel=3.1e-05
Body is not plunging, Fisher should be stable.
waveform shape: (3, 7889537)
Computing SNR for parameters: (np.float64(999993.1274799388), np.float64(10.000034207109959), np.float64(0.8999983384928162), np.float64(9.086836034391133), np.float64(0.09999926080155297), 1.0, 13.7253796777895, np.float64(1.04631519884819), np.float64(0.784945645516817), 0.6283185307179586, 0.5235987755982988, np.float64(0.10383898995263394), 0.2, np.float64(0.23472603790254593), 0.95, False, False, False, True, np.float64(-0.0024733952035696813), np.float64(0.004290161342704402), 0.0, 0.0)
Waveform Generated. SNR: 19.939836746984728
The optimal source SNR is <= 20. The Fisher approximation may not be valid!
calculating Fisher matrix...
Finished derivatives
Calculated Fisher is *atleast* positive-definite.
Time taken to compute FM is 4.737610340118408 seconds
    CV#1 it  27 lam=1.9e-01 ov=0.9992096 chi2=6.275e-01 rel=1.8e-04
Body is not plunging, Fisher should be stable.
waveform shape: (3, 7889537)
Computing SNR for parameters: (np.float64(999993.1274416804), np.float64(10.000034208471918), np.float64(0.8999983387726651), np.float64(9.086836034299958), np.float64(0.09999926059171667), 1.0, 13.7253796777895, np.float64(1.046315346591072), np.float64(0.784947707077584), 0.6283185307179586, 0.5235987755982988, np.float64(0.10388726424859862), 0.2, np.float64(0.2347128539783105), 0.95, False, False, False, True, np.float64(-0.002540492026443525), np.float64(0.00484292666507334), 0.0, 0.0)
Waveform Generated. SNR: 19.93979889620605
The optimal source SNR is <= 20. The Fisher approximation may not be valid!
calculating Fisher matrix...
Finished derivatives
Calculated Fisher is *atleast* positive-definite.
Time taken to compute FM is 4.740452289581299 seconds
    CV#1 it  28 lam=2.0e-01 ov=0.9992097 chi2=6.274e-01 rel=1.1e-04
Body is not plunging, Fisher should be stable.
waveform shape: (3, 7889537)
Computing SNR for parameters: (np.float64(999993.1274090577), np.float64(10.000034210458479), np.float64(0.8999983395790494), np.float64(9.086836034366161), np.float64(0.09999926155430211), 1.0, 13.7253796777895, np.float64(1.0463107260580218), np.float64(0.7849441767917932), 0.6283185307179586, 0.5235987755982988, np.float64(0.10387381052104976), 0.2, np.float64(0.2346396819825288), 0.95, False, False, False, True, np.float64(-0.00265630584191789), np.float64(0.0022535272704744284), 0.0, 0.0)
Waveform Generated. SNR: 19.93982707067793
The optimal source SNR is <= 20. The Fisher approximation may not be valid!
calculating Fisher matrix...
Finished derivatives
Calculated Fisher is *atleast* positive-definite.
Time taken to compute FM is 4.74324631690979 seconds
    CV#1 it  29 lam=2.0e-01 ov=0.9992098 chi2=6.273e-01 rel=1.4e-04
Body is not plunging, Fisher should be stable.
waveform shape: (3, 7889537)
Computing SNR for parameters: (np.float64(999993.1273865672), np.float64(10.00003421250956), np.float64(0.899998340363901), np.float64(9.086836034471894), np.float64(0.09999926310482685), 1.0, 13.7253796777895, np.float64(1.0462986624341768), np.float64(0.7849426830758205), 0.6283185307179586, 0.5235987755982988, np.float64(0.10380502572494307), 0.2, np.float64(0.23456154499985657), 0.95, False, False, False, True, np.float64(-0.0027675599151713594), np.float64(4.2429439888417436e-05), 0.0, 0.0)
Waveform Generated. SNR: 19.939903122813288
The optimal source SNR is <= 20. The Fisher approximation may not be valid!
calculating stable deltas...
minimum relative error is greater than 1% for dev_1. Fisher may be unstable!
minimum relative error is greater than 1% for dev_2. Fisher may be unstable!
Time taken to compute stable deltas is 43.42317843437195 seconds
calculating Fisher matrix...
Finished derivatives
Calculated Fisher is *atleast* positive-definite.
Time taken to compute FM is 4.13042688369751 seconds
    CV#1 it  30 lam=6.5e-02 ov=0.9992099 chi2=6.272e-01 rel=3.5e-04
Body is not plunging, Fisher should be stable.
waveform shape: (3, 7889537)
Computing SNR for parameters: (np.float64(999993.1273674578), np.float64(10.000034214056031), np.float64(0.8999983412155625), np.float64(9.086836034607565), np.float64(0.09999926411897904), 1.0, 13.7253796777895, np.float64(1.0462942809628013), np.float64(0.7849401721923711), 0.6283185307179586, 0.5235987755982988, np.float64(0.10383815033636548), 0.2, np.float64(0.23460550109677059), 0.95, False, False, False, True, np.float64(-0.0028646924391256775), np.float64(3.961568069146978e-05), 0.0, 0.0)
Waveform Generated. SNR: 19.93997810262658
The optimal source SNR is <= 20. The Fisher approximation may not be valid!
calculating Fisher matrix...
Finished derivatives
Calculated Fisher is *atleast* positive-definite.
Time taken to compute FM is 4.78272271156311 seconds
    CV#1 it  31 lam=7.7e+00 ov=0.9992102 chi2=6.270e-01 rel=7.1e-06
Body is not plunging, Fisher should be stable.
waveform shape: (3, 7889537)
Computing SNR for parameters: (np.float64(999993.1273622343), np.float64(10.000034214280943), np.float64(0.8999983412351936), np.float64(9.086836034590718), np.float64(0.09999926413800114), 1.0, 13.7253796777895, np.float64(1.0462941095678064), np.float64(0.7849411400158485), 0.6283185307179586, 0.5235987755982988, np.float64(0.10383868265122127), 0.2, np.float64(0.23458614861857974), 0.95, False, False, False, True, np.float64(-0.002875023107420926), np.float64(4.578116956364656e-05), 0.0, 0.0)
Waveform Generated. SNR: 19.93996807926144
The optimal source SNR is <= 20. The Fisher approximation may not be valid!
calculating Fisher matrix...
Finished derivatives
Calculated Fisher is *atleast* positive-definite.
Time taken to compute FM is 4.756961822509766 seconds
    CV#1 it  32 lam=1.2e+01 ov=0.9992102 chi2=6.270e-01 rel=2.5e-06
Body is not plunging, Fisher should be stable.
waveform shape: (3, 7889537)
Computing SNR for parameters: (np.float64(999993.1273631623), np.float64(10.000034214279287), np.float64(0.8999983412624368), np.float64(9.086836034601472), np.float64(0.09999926418801675), 1.0, 13.7253796777895, np.float64(1.0462948454776289), np.float64(0.7849406667271336), 0.6283185307179586, 0.5235987755982988, np.float64(0.10383692951534185), 0.2, np.float64(0.2345811632939407), 0.95, False, False, False, True, np.float64(-0.002875680120636857), np.float64(4.72340861986352e-05), 0.0, 0.0)
Waveform Generated. SNR: 19.93996821765473
The optimal source SNR is <= 20. The Fisher approximation may not be valid!
calculating Fisher matrix...
Finished derivatives
Calculated Fisher is *atleast* positive-definite.
Time taken to compute FM is 4.740285634994507 seconds
    CV#1 it  33 lam=4.1e+00 ov=0.9992102 chi2=6.270e-01 rel=9.3e-06
Body is not plunging, Fisher should be stable.
waveform shape: (3, 7889537)
Computing SNR for parameters: (np.float64(999993.1273631267), np.float64(10.000034214297962), np.float64(0.8999983412767396), np.float64(9.086836034604943), np.float64(0.09999926421148243), 1.0, 13.7253796777895, np.float64(1.046294968237082), np.float64(0.7849405498929276), 0.6283185307179586, 0.5235987755982988, np.float64(0.10383644599593798), 0.2, np.float64(0.2345786676921001), 0.95, False, False, False, True, np.float64(-0.002876739900529539), np.float64(4.7227451632099185e-05), 0.0, 0.0)
Waveform Generated. SNR: 19.939969866351525
The optimal source SNR is <= 20. The Fisher approximation may not be valid!
calculating Fisher matrix...
Finished derivatives
Calculated Fisher is *atleast* positive-definite.
Time taken to compute FM is 4.740839004516602 seconds
    CV#1 it  34 lam=7.8e+00 ov=0.9992102 chi2=6.270e-01 rel=5.0e-06
Body is not plunging, Fisher should be stable.
waveform shape: (3, 7889537)
Computing SNR for parameters: (np.float64(999993.1273594965), np.float64(10.000034214401257), np.float64(0.8999983413145796), np.float64(9.08683603459903), np.float64(0.09999926415356468), 1.0, 13.7253796777895, np.float64(1.046295800017678), np.float64(0.7849407256408112), 0.6283185307179586, 0.5235987755982988, np.float64(0.1038505644649722), 0.2, np.float64(0.23460706727752123), 0.95, False, False, False, True, np.float64(-0.0028823240584325066), np.float64(4.169879317604636e-05), 0.0, 0.0)
Waveform Generated. SNR: 19.939960810316645
The optimal source SNR is <= 20. The Fisher approximation may not be valid!
calculating stable deltas...
minimum relative error is greater than 1% for dev_1. Fisher may be unstable!
minimum relative error is greater than 1% for dev_2. Fisher may be unstable!
Time taken to compute stable deltas is 43.18734550476074 seconds
calculating Fisher matrix...
Finished derivatives
Calculated Fisher is *atleast* positive-definite.
Time taken to compute FM is 4.141366004943848 seconds
    CV#1 it  35 lam=9.3e+00 ov=0.9992102 chi2=6.270e-01 rel=1.1e-05
Body is not plunging, Fisher should be stable.
waveform shape: (3, 7889537)
Computing SNR for parameters: (np.float64(999993.1273599119), np.float64(10.000034214414782), np.float64(0.899998341339198), np.float64(9.086836034606986), np.float64(0.09999926419527434), 1.0, 13.7253796777895, np.float64(1.0462962038011985), np.float64(0.7849404058156766), 0.6283185307179586, 0.5235987755982988, np.float64(0.1038495834222272), 0.2, np.float64(0.234601061194827), 0.95, False, False, False, True, np.float64(-0.0028819549181883296), np.float64(4.17275990127096e-05), 0.0, 0.0)
Waveform Generated. SNR: 19.939963476253297
The optimal source SNR is <= 20. The Fisher approximation may not be valid!
calculating Fisher matrix...
Finished derivatives
Calculated Fisher is *atleast* positive-definite.
Time taken to compute FM is 4.722393989562988 seconds
    CV#1 it  36 lam=9.4e+00 ov=0.9992102 chi2=6.270e-01 rel=3.4e-06
Body is not plunging, Fisher should be stable.
waveform shape: (3, 7889537)
Computing SNR for parameters: (np.float64(999993.1273598066), np.float64(10.00003421444353), np.float64(0.8999983413574968), np.float64(9.086836034611188), np.float64(0.09999926422854868), 1.0, 13.7253796777895, np.float64(1.0462962542999412), np.float64(0.7849402908149388), 0.6283185307179586, 0.5235987755982988, np.float64(0.10384849961091477), 0.2, np.float64(0.23459435044351215), 0.95, False, False, False, True, np.float64(-0.0028819646315611344), np.float64(4.173520185755975e-05), 0.0, 0.0)
Waveform Generated. SNR: 19.939965733786764
The optimal source SNR is <= 20. The Fisher approximation may not be valid!
calculating Fisher matrix...
Finished derivatives
Calculated Fisher is *atleast* positive-definite.
Time taken to compute FM is 4.722123384475708 seconds
    CV#1 it  37 lam=6.3e+02 ov=0.9992102 chi2=6.270e-01 rel=5.5e-08
Body is not plunging, Fisher should be stable.
waveform shape: (3, 7889537)
Computing SNR for parameters: (np.float64(999993.1273597971), np.float64(10.000034214444206), np.float64(0.8999983413577504), np.float64(9.086836034611213), np.float64(0.09999926422894413), 1.0, 13.7253796777895, np.float64(1.046296251999853), np.float64(0.7849402910265042), 0.6283185307179586, 0.5235987755982988, np.float64(0.10384849191030639), 0.2, np.float64(0.23459424833688108), 0.95, False, False, False, True, np.float64(-0.0028819649857446715), np.float64(4.173533893298818e-05), 0.0, 0.0)
Waveform Generated. SNR: 19.93996612518439
The optimal source SNR is <= 20. The Fisher approximation may not be valid!
calculating Fisher matrix...
Finished derivatives
Calculated Fisher is *atleast* positive-definite.
Time taken to compute FM is 4.754476070404053 seconds
    CV#1 it  38 lam=1.3e+04 ov=0.9992102 chi2=6.270e-01 rel=1.5e-06
Body is not plunging, Fisher should be stable.
waveform shape: (3, 7889537)
Computing SNR for parameters: (np.float64(999993.1273597969), np.float64(10.000034214444218), np.float64(0.8999983413577539), np.float64(9.086836034611213), np.float64(0.09999926422894904), 1.0, 13.7253796777895, np.float64(1.0462962519443022), np.float64(0.7849402910444517), 0.6283185307179586, 0.5235987755982988, np.float64(0.1038484918794548), 0.2, np.float64(0.23459424687201874), 0.95, False, False, False, True, np.float64(-0.0028819649904660346), np.float64(4.173530964811347e-05), 0.0, 0.0)
Waveform Generated. SNR: 19.93996685212994
The optimal source SNR is <= 20. The Fisher approximation may not be valid!
calculating Fisher matrix...
Finished derivatives
Calculated Fisher is *atleast* positive-definite.
Time taken to compute FM is 4.7642903327941895 seconds
    CV#1 it  39 lam=3.6e+04 ov=0.9992102 chi2=6.270e-01 rel=4.7e-07
Body is not plunging, Fisher should be stable.
waveform shape: (3, 7889537)
Computing SNR for parameters: (np.float64(999993.1273597968), np.float64(10.000034214444224), np.float64(0.8999983413577551), np.float64(9.086836034611213), np.float64(0.0999992642289505), 1.0, 13.7253796777895, np.float64(1.0462962519158672), np.float64(0.7849402910568205), 0.6283185307179586, 0.5235987755982988, np.float64(0.10384849190116781), 0.2, np.float64(0.23459424635384504), 0.95, False, False, False, True, np.float64(-0.002881964991159644), np.float64(4.173530968938946e-05), 0.0, 0.0)
Waveform Generated. SNR: 19.939966585722768
The optimal source SNR is <= 20. The Fisher approximation may not be valid!
calculating stable deltas...
minimum relative error is greater than 1% for dev_1. Fisher may be unstable!
minimum relative error is greater than 1% for dev_2. Fisher may be unstable!
Time taken to compute stable deltas is 43.10170316696167 seconds
calculating Fisher matrix...
Finished derivatives
Calculated Fisher is *atleast* positive-definite.
Time taken to compute FM is 4.15261173248291 seconds
    CV#1 it  40 lam=3.4e+144 ov=0.9992102 chi2=6.270e-01 rel=0.0e+00
    NM  nfev=1803 ov 0.9992102 -> 0.9993813 (accepted=True)
Body is not plunging, Fisher should be stable.
waveform shape: (3, 7889537)
Computing SNR for parameters: (np.float64(999995.5587690746), np.float64(10.000052329747751), np.float64(0.9000013373296921), np.float64(9.086825572540427), np.float64(0.09999457643643234), 1.0, 13.7253796777895, np.float64(1.04711118684587), np.float64(0.7834044434018388), 0.6283185307179586, 0.5235987755982988, np.float64(0.09243579764924209), 0.2, np.float64(0.12597903042625158), 0.95, False, False, False, True, np.float64(-0.3653728791579871), np.float64(0.39757884567901175), 0.0, 0.0)
Waveform Generated. SNR: 19.945409301991294
The optimal source SNR is <= 20. The Fisher approximation may not be valid!
calculating stable deltas...
Time taken to compute stable deltas is 43.056615114212036 seconds
calculating Fisher matrix...
Finished derivatives
Calculated Fisher is *atleast* positive-definite.
Time taken to compute FM is 4.092963457107544 seconds
    CV#2 it   0 lam=3.3e-03 ov=0.9993813 chi2=4.914e-01 rel=7.0e-04
Body is not plunging, Fisher should be stable.
waveform shape: (3, 7889537)
Computing SNR for parameters: (np.float64(999995.5591701812), np.float64(10.000052334897722), np.float64(0.9000013375862174), np.float64(9.08682557551897), np.float64(0.09999459119758981), 1.0, 13.7253796777895, np.float64(1.04715757291843), np.float64(0.7834106162085508), 0.6283185307179586, 0.5235987755982988, np.float64(0.09331300890285915), 0.2, np.float64(0.12610392134624457), 0.95, False, False, False, True, np.float64(-0.3661468009444371), np.float64(0.39072556827496824), 0.0, 0.0)
Waveform Generated. SNR: 19.945112910007456
The optimal source SNR is <= 20. The Fisher approximation may not be valid!
calculating Fisher matrix...
Finished derivatives
Calculated Fisher is *atleast* positive-definite.
Time taken to compute FM is 4.729989767074585 seconds
    CV#2 it   1 lam=1.1e-03 ov=0.9993817 chi2=4.910e-01 rel=1.1e-03
Body is not plunging, Fisher should be stable.
waveform shape: (3, 7889537)
Computing SNR for parameters: (np.float64(999995.5602486833), np.float64(10.000052342477202), np.float64(0.9000013391613078), np.float64(9.086825584189942), np.float64(0.09999461378970002), 1.0, 13.7253796777895, np.float64(1.0471251325343505), np.float64(0.7833971807754461), 0.6283185307179586, 0.5235987755982988, np.float64(0.09429829566394723), 0.2, np.float64(0.1264726452535639), 0.95, False, False, False, True, np.float64(-0.368161249003467), np.float64(0.3656905374487191), 0.0, 0.0)
Waveform Generated. SNR: 19.945394134411103
The optimal source SNR is <= 20. The Fisher approximation may not be valid!
calculating Fisher matrix...
Finished derivatives
Calculated Fisher is *atleast* positive-definite.
Time taken to compute FM is 4.789914131164551 seconds
    CV#2 it   2 lam=3.7e-04 ov=0.9993824 chi2=4.905e-01 rel=2.4e-03
Body is not plunging, Fisher should be stable.
waveform shape: (3, 7889537)
Computing SNR for parameters: (np.float64(999995.5636191289), np.float64(10.000052354987801), np.float64(0.9000013417812495), np.float64(9.086825610940732), np.float64(0.09999463733544797), 1.0, 13.7253796777895, np.float64(1.0470512673402814), np.float64(0.7833859297857343), 0.6283185307179586, 0.5235987755982988, np.float64(0.09565041085731026), 0.2, np.float64(0.1269182986081232), 0.95, False, False, False, True, np.float64(-0.37406297240982045), np.float64(0.31091632075020376), 0.0, 0.0)
Waveform Generated. SNR: 19.94590681026603
The optimal source SNR is <= 20. The Fisher approximation may not be valid!
calculating Fisher matrix...
Finished derivatives
Calculated Fisher is *atleast* positive-definite.
Time taken to compute FM is 4.742231369018555 seconds
    CV#2 it   3 lam=1.2e-04 ov=0.9993839 chi2=4.893e-01 rel=5.8e-03
Body is not plunging, Fisher should be stable.
waveform shape: (3, 7889537)
Computing SNR for parameters: (np.float64(999995.5737708422), np.float64(10.000052376200426), np.float64(0.9000013440405328), np.float64(9.086825690948459), np.float64(0.09999460930521475), 1.0, 13.7253796777895, np.float64(1.046999220708195), np.float64(0.7834012196901732), 0.6283185307179586, 0.5235987755982988, np.float64(0.09713415341416325), 0.2, np.float64(0.12692109779511906), 0.95, False, False, False, True, np.float64(-0.39144803370017706), np.float64(0.21154312896230165), 0.0, 0.0)
Waveform Generated. SNR: 19.946109429502407
The optimal source SNR is <= 20. The Fisher approximation may not be valid!
calculating Fisher matrix...
Finished derivatives
Calculated Fisher is *atleast* positive-definite.
Time taken to compute FM is 4.721666574478149 seconds
    CV#2 it   4 lam=4.1e-05 ov=0.9993875 chi2=4.865e-01 rel=1.6e-02
Body is not plunging, Fisher should be stable.
waveform shape: (3, 7889537)
Computing SNR for parameters: (np.float64(999995.6025279394), np.float64(10.000052423428492), np.float64(0.9000013477565755), np.float64(9.086825917302999), np.float64(0.09999444215723642), 1.0, 13.7253796777895, np.float64(1.0470029389544775), np.float64(0.7834854794269264), 0.6283185307179586, 0.5235987755982988, np.float64(0.09913463285028022), 0.2, np.float64(0.1256049277361771), 0.95, False, False, False, True, np.float64(-0.4410673424576964), np.float64(-0.010609756488666355), 0.0, 0.0)
Waveform Generated. SNR: 19.945501747701584
The optimal source SNR is <= 20. The Fisher approximation may not be valid!
calculating stable deltas...
minimum relative error is greater than 1% for dev_2. Fisher may be unstable!
Time taken to compute stable deltas is 43.06433320045471 seconds
calculating Fisher matrix...
Finished derivatives
Calculated Fisher is *atleast* positive-definite.
Time taken to compute FM is 4.1329474449157715 seconds
    CV#2 it   5 lam=7.4e+01 ov=0.9993971 chi2=4.789e-01 rel=4.5e-06
Body is not plunging, Fisher should be stable.
waveform shape: (3, 7889537)
Computing SNR for parameters: (np.float64(999995.6025281067), np.float64(10.000052423424858), np.float64(0.9000013477570736), np.float64(9.086825917303976), np.float64(0.0999944421589748), 1.0, 13.7253796777895, np.float64(1.0470029855578125), np.float64(0.7834854444967319), 0.6283185307179586, 0.5235987755982988, np.float64(0.09913447190446519), 0.2, np.float64(0.12560502543298), 0.95, False, False, False, True, np.float64(-0.4410672794151437), np.float64(-0.010609734783997894), 0.0, 0.0)
Waveform Generated. SNR: 19.94550177467178
The optimal source SNR is <= 20. The Fisher approximation may not be valid!
calculating Fisher matrix...
Finished derivatives
Calculated Fisher is *atleast* positive-definite.
Time taken to compute FM is 4.7289323806762695 seconds
    CV#2 it   6 lam=8.1e+05 ov=0.9993971 chi2=4.789e-01 rel=6.4e-07
Body is not plunging, Fisher should be stable.
waveform shape: (3, 7889537)
Computing SNR for parameters: (np.float64(999995.6025281067), np.float64(10.000052423424858), np.float64(0.9000013477570736), np.float64(9.086825917303976), np.float64(0.09999444215897488), 1.0, 13.7253796777895, np.float64(1.0470029855598266), np.float64(0.7834854444952062), 0.6283185307179586, 0.5235987755982988, np.float64(0.09913447189718104), 0.2, np.float64(0.12560502543601196), 0.95, False, False, False, True, np.float64(-0.441067279411744), np.float64(-0.010609734784019461), 0.0, 0.0)
Waveform Generated. SNR: 19.94550129619719
The optimal source SNR is <= 20. The Fisher approximation may not be valid!
calculating Fisher matrix...
Finished derivatives
Calculated Fisher is *atleast* positive-definite.
Time taken to compute FM is 4.725938081741333 seconds
    CV#2 it   7 lam=1.7e+07 ov=0.9993971 chi2=4.789e-01 rel=8.7e-07
Body is not plunging, Fisher should be stable.
waveform shape: (3, 7889537)
Computing SNR for parameters: (np.float64(999995.6025281067), np.float64(10.000052423424858), np.float64(0.9000013477570736), np.float64(9.086825917303976), np.float64(0.09999444215897488), 1.0, 13.7253796777895, np.float64(1.047002985559938), np.float64(0.783485444495124), 0.6283185307179586, 0.5235987755982988, np.float64(0.09913447189677568), 0.2, np.float64(0.12560502543608615), 0.95, False, False, False, True, np.float64(-0.4410672794115407), np.float64(-0.010609734784043716), 0.0, 0.0)
Waveform Generated. SNR: 19.945501283926685
The optimal source SNR is <= 20. The Fisher approximation may not be valid!
calculating Fisher matrix...
Finished derivatives
Calculated Fisher is *atleast* positive-definite.
Time taken to compute FM is 4.755731821060181 seconds
    CV#2 it   8 lam=4.6e+07 ov=0.9993971 chi2=4.789e-01 rel=1.1e-07
Body is not plunging, Fisher should be stable.
waveform shape: (3, 7889537)
Computing SNR for parameters: (np.float64(999995.6025281067), np.float64(10.000052423424858), np.float64(0.9000013477570736), np.float64(9.086825917303976), np.float64(0.09999444215897488), 1.0, 13.7253796777895, np.float64(1.04700298555998), np.float64(0.7834854444950932), 0.6283185307179586, 0.5235987755982988, np.float64(0.09913447189662355), 0.2, np.float64(0.12560502543611396), 0.95, False, False, False, True, np.float64(-0.4410672794114642), np.float64(-0.010609734784053037), 0.0, 0.0)
Waveform Generated. SNR: 19.945501282319533
The optimal source SNR is <= 20. The Fisher approximation may not be valid!
calculating Fisher matrix...
Finished derivatives
Calculated Fisher is *atleast* positive-definite.
Time taken to compute FM is 4.728072881698608 seconds
    CV#2 it   9 lam=9.8e+08 ov=0.9993971 chi2=4.789e-01 rel=5.8e-14
======================================================================
[idx14] SNR=19.64  overlap(MAP seed) = 0.9938607
Body is not plunging, Fisher should be stable.
waveform shape: (3, 7889537)
Computing SNR for parameters: (np.float64(999997.25137), np.float64(10.000063704), np.float64(0.9000020297), np.float64(9.0484577531), np.float64(0.29999822161), 1.0, 14.134243467540808, np.float64(1.0471975512), np.float64(0.7853981634), 0.6283185307179586, 0.5235987755982988, np.float64(0.1034798023), 0.2, np.float64(0.30892018459), 0.95, False, False, False, True, np.float64(0.0), np.float64(0.0), 0.0, 0.0)
Waveform Generated. SNR: 19.771581306586608
The optimal source SNR is <= 20. The Fisher approximation may not be valid!
calculating stable deltas...
minimum relative error is greater than 1% for dev_1. Fisher may be unstable!
minimum relative error is greater than 1% for dev_2. Fisher may be unstable!
Time taken to compute stable deltas is 44.86515927314758 seconds
calculating Fisher matrix...
Finished derivatives
Calculated Fisher is *atleast* positive-definite.
Time taken to compute FM is 4.303027868270874 seconds
    CV#1 it   0 lam=3.3e-03 ov=0.9938607 chi2=4.735e+00 rel=2.6e-01
Body is not plunging, Fisher should be stable.
waveform shape: (3, 7889537)
Computing SNR for parameters: (np.float64(999997.2484985916), np.float64(10.000063795188238), np.float64(0.9000020775742558), np.float64(9.04845775425209), np.float64(0.29999822850945884), 1.0, 14.134243467540808, np.float64(1.0440009708931661), np.float64(0.7828080877867261), 0.6283185307179586, 0.5235987755982988, np.float64(0.12877684610556603), 0.2, np.float64(0.23744663996013343), 0.95, False, False, False, True, np.float64(-0.0036209870121877664), np.float64(-0.0005827098692449025), 0.0, 0.0)
Waveform Generated. SNR: 19.8392191918212
The optimal source SNR is <= 20. The Fisher approximation may not be valid!
calculating Fisher matrix...
Finished derivatives
Calculated Fisher is *atleast* positive-definite.
Time taken to compute FM is 4.906769037246704 seconds
    CV#1 it   1 lam=2.7e-03 ov=0.9954666 chi2=3.504e+00 rel=4.7e-02
Body is not plunging, Fisher should be stable.
waveform shape: (3, 7889537)
Computing SNR for parameters: (np.float64(999997.2418304419), np.float64(10.000064081411734), np.float64(0.900002204410353), np.float64(9.048457760920718), np.float64(0.2999982866367331), 1.0, 14.134243467540808, np.float64(1.0439481413434646), np.float64(0.7829007994654289), 0.6283185307179586, 0.5235987755982988, np.float64(0.14296292849605946), 0.2, np.float64(0.227564449516737), 0.95, False, False, False, True, np.float64(-0.02509337993504748), np.float64(-0.006825049317668984), 0.0, 0.0)
Waveform Generated. SNR: 19.843890111829122
The optimal source SNR is <= 20. The Fisher approximation may not be valid!
calculating Fisher matrix...
Finished derivatives
Calculated Fisher is *atleast* positive-definite.
Time taken to compute FM is 5.206001043319702 seconds
    CV#1 it   2 lam=1.3e-02 ov=0.9956812 chi2=3.338e+00 rel=1.9e-02
Body is not plunging, Fisher should be stable.
waveform shape: (3, 7889537)
Computing SNR for parameters: (np.float64(999997.2406359705), np.float64(10.000064128520291), np.float64(0.9000022241997052), np.float64(9.048457761267507), np.float64(0.29999829489157515), 1.0, 14.134243467540808, np.float64(1.044119335654256), np.float64(0.7829392826546556), 0.6283185307179586, 0.5235987755982988, np.float64(0.14248350698738577), 0.2, np.float64(0.22610077919680946), 0.95, False, False, False, True, np.float64(-0.028629155394769783), np.float64(-0.00686993103213907), 0.0, 0.0)
Waveform Generated. SNR: 19.851457608664216
The optimal source SNR is <= 20. The Fisher approximation may not be valid!
calculating Fisher matrix...
Finished derivatives
Calculated Fisher is *atleast* positive-definite.
Time taken to compute FM is 4.886621952056885 seconds
    CV#1 it   3 lam=4.2e-03 ov=0.9957629 chi2=3.275e+00 rel=2.8e-02
Body is not plunging, Fisher should be stable.
waveform shape: (3, 7889537)
Computing SNR for parameters: (np.float64(999997.2384815536), np.float64(10.000064210005432), np.float64(0.9000022562537799), np.float64(9.04845776091501), np.float64(0.29999830580633696), 1.0, 14.134243467540808, np.float64(1.0441908215897517), np.float64(0.7830246716962079), 0.6283185307179586, 0.5235987755982988, np.float64(0.144933919515785), 0.2, np.float64(0.22445163390281894), 0.95, False, False, False, True, np.float64(-0.03143417069703226), np.float64(-0.006605615175964773), 0.0, 0.0)
Waveform Generated. SNR: 19.874299707339556
The optimal source SNR is <= 20. The Fisher approximation may not be valid!
calculating Fisher matrix...
Finished derivatives
Calculated Fisher is *atleast* positive-definite.
Time taken to compute FM is 4.8589324951171875 seconds
    CV#1 it   4 lam=1.4e-03 ov=0.9958813 chi2=3.183e+00 rel=3.2e-02
Body is not plunging, Fisher should be stable.
waveform shape: (3, 7889537)
Computing SNR for parameters: (np.float64(999997.2318832647), np.float64(10.000064477918343), np.float64(0.9000023395162753), np.float64(9.04845775588043), np.float64(0.2999983388882971), 1.0, 14.134243467540808, np.float64(1.044267995647266), np.float64(0.7832365437489944), 0.6283185307179586, 0.5235987755982988, np.float64(0.1513321633485144), 0.2, np.float64(0.21941482909624985), 0.95, False, False, False, True, np.float64(-0.03899420482089073), np.float64(-0.007007200159878324), 0.0, 0.0)
Waveform Generated. SNR: 19.88974845312526
The optimal source SNR is <= 20. The Fisher approximation may not be valid!
calculating stable deltas...
minimum relative error is greater than 1% for dev_1. Fisher may be unstable!
Time taken to compute stable deltas is 44.73550033569336 seconds
calculating Fisher matrix...
Finished derivatives
Calculated Fisher is *atleast* positive-definite.
Time taken to compute FM is 4.237550973892212 seconds
    CV#1 it   5 lam=4.7e-04 ov=0.9960121 chi2=3.082e+00 rel=5.8e-02
Body is not plunging, Fisher should be stable.
waveform shape: (3, 7889537)
Computing SNR for parameters: (np.float64(999997.2166071492), np.float64(10.0000650805117), np.float64(0.9000025534213397), np.float64(9.048457750078871), np.float64(0.2999983867161392), 1.0, 14.134243467540808, np.float64(1.0445765565369458), np.float64(0.7833421535297631), 0.6283185307179586, 0.5235987755982988, np.float64(0.16294875044620666), 0.2, np.float64(0.2074512453210801), 0.95, False, False, False, True, np.float64(-0.07104742620721638), np.float64(0.0012781108608203567), 0.0, 0.0)
Waveform Generated. SNR: 19.887019243111304
The optimal source SNR is <= 20. The Fisher approximation may not be valid!
calculating Fisher matrix...
Finished derivatives
Calculated Fisher is *atleast* positive-definite.
Time taken to compute FM is 4.896780014038086 seconds
    CV#1 it   6 lam=1.6e-04 ov=0.9962417 chi2=2.904e+00 rel=8.6e-02
Body is not plunging, Fisher should be stable.
waveform shape: (3, 7889537)
Computing SNR for parameters: (np.float64(999997.1880515221), np.float64(10.00006620650111), np.float64(0.9000029585320642), np.float64(9.048457742340984), np.float64(0.2999984049035882), 1.0, 14.134243467540808, np.float64(1.0450783278194757), np.float64(0.7832511001173292), 0.6283185307179586, 0.5235987755982988, np.float64(0.17886257936018507), 0.2, np.float64(0.18403943855423693), 0.95, False, False, False, True, np.float64(-0.1370595404589714), np.float64(0.037198036203238395), 0.0, 0.0)
Waveform Generated. SNR: 19.876212370396466
The optimal source SNR is <= 20. The Fisher approximation may not be valid!
calculating Fisher matrix...
Finished derivatives
Calculated Fisher is *atleast* positive-definite.
Time taken to compute FM is 4.858637809753418 seconds
    CV#1 it   7 lam=5.2e-05 ov=0.9965651 chi2=2.654e+00 rel=6.8e-02
Body is not plunging, Fisher should be stable.
waveform shape: (3, 7889537)
Computing SNR for parameters: (np.float64(999997.1613976225), np.float64(10.000067324249951), np.float64(0.9000034293873914), np.float64(9.048457754300376), np.float64(0.2999983630286863), 1.0, 14.134243467540808, np.float64(1.0458932618114216), np.float64(0.7831335350016557), 0.6283185307179586, 0.5235987755982988, np.float64(0.19314249030967878), 0.2, np.float64(0.15491267001295841), 0.95, False, False, False, True, np.float64(-0.23003027230839268), np.float64(0.0885465265710029), 0.0, 0.0)
Waveform Generated. SNR: 19.856165694977193
The optimal source SNR is <= 20. The Fisher approximation may not be valid!
calculating Fisher matrix...
Finished derivatives
Calculated Fisher is *atleast* positive-definite.
Time taken to compute FM is 4.840398073196411 seconds
    CV#1 it   8 lam=1.7e-05 ov=0.9967994 chi2=2.472e+00 rel=3.4e-02
Body is not plunging, Fisher should be stable.
waveform shape: (3, 7889537)
Computing SNR for parameters: (np.float64(999997.1768091744), np.float64(10.000067250664113), np.float64(0.9000037013415654), np.float64(9.048457859070416), np.float64(0.29999829642493053), 1.0, 14.134243467540808, np.float64(1.046265988817904), np.float64(0.7830855152002668), 0.6283185307179586, 0.5235987755982988, np.float64(0.20177305432434323), 0.2, np.float64(0.13821842746654042), 0.95, False, False, False, True, np.float64(-0.3437696504931089), np.float64(0.0987087512611339), 0.0, 0.0)
Waveform Generated. SNR: 19.831498954597055
The optimal source SNR is <= 20. The Fisher approximation may not be valid!
calculating Fisher matrix...
Finished derivatives
Calculated Fisher is *atleast* positive-definite.
Time taken to compute FM is 4.86482048034668 seconds
    CV#1 it   9 lam=5.8e-06 ov=0.9969067 chi2=2.389e+00 rel=1.9e-02
Body is not plunging, Fisher should be stable.
waveform shape: (3, 7889537)
Computing SNR for parameters: (np.float64(999997.2403366413), np.float64(10.000064378106627), np.float64(0.900003828599778), np.float64(9.048457953652097), np.float64(0.29999821390416637), 1.0, 14.134243467540808, np.float64(1.046399878314621), np.float64(0.7830680577839922), 0.6283185307179586, 0.5235987755982988, np.float64(0.20717924500485543), 0.2, np.float64(0.1315128286055083), 0.95, False, False, False, True, np.float64(-0.5400029879308961), np.float64(0.06969302801010449), 0.0, 0.0)
Waveform Generated. SNR: 19.81875480108126
The optimal source SNR is <= 20. The Fisher approximation may not be valid!
calculating stable deltas...
minimum relative error is greater than 1% for qS. Fisher may be unstable!
Time taken to compute stable deltas is 44.3159716129303 seconds
calculating Fisher matrix...
Finished derivatives
Calculated Fisher is *atleast* positive-definite.
Time taken to compute FM is 4.220484733581543 seconds
    CV#1 it  10 lam=1.9e-06 ov=0.9969653 chi2=2.343e+00 rel=2.5e-02
Body is not plunging, Fisher should be stable.
waveform shape: (3, 7889537)
Computing SNR for parameters: (np.float64(999997.3848409269), np.float64(10.000054147460945), np.float64(0.900003889479823), np.float64(9.048457588082815), np.float64(0.2999981780355816), 1.0, 14.134243467540808, np.float64(1.0464851263021273), np.float64(0.7832605962776451), 0.6283185307179586, 0.5235987755982988, np.float64(0.21193141562224596), 0.2, np.float64(0.1322794250660137), 0.95, False, False, False, True, np.float64(-0.9605751195449069), np.float64(-0.006970126179377187), 0.0, 0.0)
Waveform Generated. SNR: 19.806256324191672
The optimal source SNR is <= 20. The Fisher approximation may not be valid!
calculating Fisher matrix...
Finished derivatives
Calculated Fisher is *atleast* positive-definite.
Time taken to compute FM is 4.862490892410278 seconds
    CV#1 it  11 lam=6.5e-07 ov=0.9970399 chi2=2.285e+00 rel=4.9e-02
Body is not plunging, Fisher should be stable.
waveform shape: (3, 7889537)
Computing SNR for parameters: (np.float64(999997.6166383994), np.float64(10.000023304712247), np.float64(0.9000041191559179), np.float64(9.048454974969676), np.float64(0.29999844215777266), 1.0, 14.134243467540808, np.float64(1.0466121128093338), np.float64(0.7834875349050969), 0.6283185307179586, 0.5235987755982988, np.float64(0.21206839609028985), 0.2, np.float64(0.13744722817266464), 0.95, False, False, False, True, np.float64(-1.8983612682977289), np.float64(-0.07172905677664057), 0.0, 0.0)
Waveform Generated. SNR: 19.792551240635326
The optimal source SNR is <= 20. The Fisher approximation may not be valid!
calculating Fisher matrix...
Finished derivatives
Calculated Fisher is *atleast* positive-definite.
Time taken to compute FM is 4.8513023853302 seconds
    CV#1 it  12 lam=2.2e-07 ov=0.9971859 chi2=2.172e+00 rel=1.2e-01
Body is not plunging, Fisher should be stable.
waveform shape: (3, 7889537)
Computing SNR for parameters: (np.float64(999998.092690139), np.float64(9.999938492362206), np.float64(0.9000048310790265), np.float64(9.048446511693836), np.float64(0.29999947312069214), 1.0, 14.134243467540808, np.float64(1.0467564732129626), np.float64(0.7836850795182676), 0.6283185307179586, 0.5235987755982988, np.float64(0.20214574745865224), 0.2, np.float64(0.15200954008036646), 0.95, False, False, False, True, np.float64(-4.217850788101474), np.float64(-0.11161040156306945), 0.0, 0.0)
Waveform Generated. SNR: 19.773706943964648
The optimal source SNR is <= 20. The Fisher approximation may not be valid!
calculating Fisher matrix...
Finished derivatives
Calculated Fisher is *atleast* positive-definite.
Time taken to compute FM is 4.86467719078064 seconds
    CV#1 it  13 lam=7.2e-08 ov=0.9975302 chi2=1.906e+00 rel=2.7e-01
Body is not plunging, Fisher should be stable.
waveform shape: (3, 7889537)
Computing SNR for parameters: (np.float64(999999.3173058562), np.float64(9.999742597622541), np.float64(0.9000065800474982), np.float64(9.04842593524835), np.float64(0.30000187428562874), 1.0, 14.134243467540808, np.float64(1.0470818555493473), np.float64(0.7840724324703561), 0.6283185307179586, 0.5235987755982988, np.float64(0.17583478353046808), 0.2, np.float64(0.18716098261862457), 0.95, False, False, False, True, np.float64(-9.540876157843766), np.float64(-0.18163866638303544), 0.0, 0.0)
Waveform Generated. SNR: 19.756817115839524
The optimal source SNR is <= 20. The Fisher approximation may not be valid!
calculating Fisher matrix...
Finished derivatives
Calculated Fisher is *atleast* positive-definite.
Time taken to compute FM is 5.032243490219116 seconds
    CV#1 it  14 lam=2.4e-08 ov=0.9981925 chi2=1.395e+00 rel=3.8e-01
Body is not plunging, Fisher should be stable.
waveform shape: (3, 7889537)
Computing SNR for parameters: (np.float64(1000002.4097632198), np.float64(9.999432877486882), np.float64(0.9000100156689431), np.float64(9.048388250559617), np.float64(0.3000052178499108), 1.0, 14.134243467540808, np.float64(1.0477581270004515), np.float64(0.784693712909825), 0.6283185307179586, 0.5235987755982988, np.float64(0.1323658432975446), 0.2, np.float64(0.2456679934887341), 0.95, False, False, False, True, np.float64(-18.17795561083548), np.float64(-0.3490471466488958), 0.0, 0.0)
Waveform Generated. SNR: 19.74264237791016
The optimal source SNR is <= 20. The Fisher approximation may not be valid!
calculating stable deltas...
Time taken to compute stable deltas is 44.53060030937195 seconds
calculating Fisher matrix...
Finished derivatives
Calculated Fisher is *atleast* positive-definite.
Time taken to compute FM is 4.2639548778533936 seconds
    CV#1 it  15 lam=8.0e-09 ov=0.9988864 chi2=8.589e-01 rel=4.4e-01
Body is not plunging, Fisher should be stable.
waveform shape: (3, 7889537)
Computing SNR for parameters: (np.float64(1000008.8275633976), np.float64(9.999199866675074), np.float64(0.900014960245345), np.float64(9.048342749589994), np.float64(0.3000060276024065), 1.0, 14.134243467540808, np.float64(1.0486967295100993), np.float64(0.7851381984401447), 0.6283185307179586, 0.5235987755982988, np.float64(0.09899835604081068), 0.2, np.float64(0.2981998933163923), 0.95, False, False, False, True, np.float64(-25.61325228152342), np.float64(-0.7489123806828862), 0.0, 0.0)
Waveform Generated. SNR: 19.71077444688852
The optimal source SNR is <= 20. The Fisher approximation may not be valid!
calculating Fisher matrix...
Finished derivatives
Calculated Fisher is *atleast* positive-definite.
Time taken to compute FM is 4.93291711807251 seconds
    CV#1 it  16 lam=2.7e-09 ov=0.9993747 chi2=4.822e-01 rel=3.3e-01
Body is not plunging, Fisher should be stable.
waveform shape: (3, 7889537)
Computing SNR for parameters: (np.float64(1000015.4058728304), np.float64(9.99909495384237), np.float64(0.9000193393041069), np.float64(9.048307611334216), np.float64(0.30000472770452735), 1.0, 14.134243467540808, np.float64(1.0495047393638373), np.float64(0.7851957323116435), 0.6283185307179586, 0.5235987755982988, np.float64(0.08845369686858001), 0.2, np.float64(0.3241510292112353), 0.95, False, False, False, True, np.float64(-29.927929960747296), np.float64(-1.2154891256982905), 0.0, 0.0)
Waveform Generated. SNR: 19.68925569783283
The optimal source SNR is <= 20. The Fisher approximation may not be valid!
calculating Fisher matrix...
Finished derivatives
Calculated Fisher is *atleast* positive-definite.
Time taken to compute FM is 4.877843141555786 seconds
    CV#1 it  17 lam=8.9e-10 ov=0.9995833 chi2=3.214e-01 rel=2.6e-01
Body is not plunging, Fisher should be stable.
waveform shape: (3, 7889537)
Computing SNR for parameters: (np.float64(1000016.7545568587), np.float64(9.999031090377313), np.float64(0.900020484995616), np.float64(9.048297528201996), np.float64(0.30000502689914293), 1.0, 14.134243467540808, np.float64(1.0495801262183533), np.float64(0.7851884674295692), 0.6283185307179586, 0.5235987755982988, np.float64(0.08435665878184742), 0.2, np.float64(0.33365381185479315), 0.95, False, False, False, True, np.float64(-31.977672223234787), np.float64(-1.3335653866201425), 0.0, 0.0)
Waveform Generated. SNR: 19.67471103255615
The optimal source SNR is <= 20. The Fisher approximation may not be valid!
calculating Fisher matrix...
Finished derivatives
Calculated Fisher is *atleast* positive-definite.
Time taken to compute FM is 4.863922357559204 seconds
    CV#1 it  18 lam=3.0e-10 ov=0.9996934 chi2=2.365e-01 rel=2.2e-01
Body is not plunging, Fisher should be stable.
waveform shape: (3, 7889537)
Computing SNR for parameters: (np.float64(1000014.0036653539), np.float64(9.998962119032814), np.float64(0.900019296470284), np.float64(9.0483041032673), np.float64(0.3000071400831181), 1.0, 14.134243467540808, np.float64(1.0490819351078535), np.float64(0.7852031188789995), 0.6283185307179586, 0.5235987755982988, np.float64(0.08027991704920737), 0.2, np.float64(0.3367702010283455), 0.95, False, False, False, True, np.float64(-33.205957840361464), np.float64(-1.1735219138096395), 0.0, 0.0)
Waveform Generated. SNR: 19.666462264320916
The optimal source SNR is <= 20. The Fisher approximation may not be valid!
calculating Fisher matrix...
Finished derivatives
Calculated Fisher is *atleast* positive-definite.
Time taken to compute FM is 4.866714000701904 seconds
    CV#1 it  19 lam=9.9e-11 ov=0.9997606 chi2=1.847e-01 rel=1.3e-01
Body is not plunging, Fisher should be stable.
waveform shape: (3, 7889537)
Computing SNR for parameters: (np.float64(1000011.2530868492), np.float64(9.998905447196076), np.float64(0.9000180205696222), np.float64(9.048311664546356), np.float64(0.30000905749701834), 1.0, 14.134243467540808, np.float64(1.0488102780640045), np.float64(0.7852604970771193), 0.6283185307179586, 0.5235987755982988, np.float64(0.07666410055741402), 0.2, np.float64(0.33816824624855557), 0.95, False, False, False, True, np.float64(-34.11301791685624), np.float64(-1.0129485634763356), 0.0, 0.0)
Waveform Generated. SNR: 19.66155186125537
The optimal source SNR is <= 20. The Fisher approximation may not be valid!
calculating stable deltas...
Time taken to compute stable deltas is 44.730135440826416 seconds
calculating Fisher matrix...
Finished derivatives
Calculated Fisher is *atleast* positive-definite.
Time taken to compute FM is 4.260108709335327 seconds
    CV#1 it  20 lam=3.3e-11 ov=0.9997928 chi2=1.598e-01 rel=1.1e-01
Body is not plunging, Fisher should be stable.
waveform shape: (3, 7889537)
Computing SNR for parameters: (np.float64(1000009.7660740814), np.float64(9.998874544353503), np.float64(0.900017325725486), np.float64(9.048315793647697), np.float64(0.30001008536031437), 1.0, 14.134243467540808, np.float64(1.0487382505416212), np.float64(0.7853017862578063), 0.6283185307179586, 0.5235987755982988, np.float64(0.07486435602309974), 0.2, np.float64(0.3388084713556777), 0.95, False, False, False, True, np.float64(-34.61774563053765), np.float64(-0.9287630821172791), 0.0, 0.0)
Waveform Generated. SNR: 19.65668609140467
The optimal source SNR is <= 20. The Fisher approximation may not be valid!
calculating Fisher matrix...
Finished derivatives
Calculated Fisher is *atleast* positive-definite.
Time taken to compute FM is 4.950803518295288 seconds
    CV#1 it  21 lam=1.1e-11 ov=0.9998157 chi2=1.422e-01 rel=8.8e-02
Body is not plunging, Fisher should be stable.
waveform shape: (3, 7889537)
Computing SNR for parameters: (np.float64(1000007.2718736876), np.float64(9.998837573429322), np.float64(0.900016093611647), np.float64(9.048323540687322), np.float64(0.3000116619908882), 1.0, 14.134243467540808, np.float64(1.048179330175254), np.float64(0.7853040319628614), 0.6283185307179586, 0.5235987755982988, np.float64(0.07282975335974404), 0.2, np.float64(0.339367154730158), 0.95, False, False, False, True, np.float64(-35.033207883289215), np.float64(-0.7756323997025496), 0.0, 0.0)
Waveform Generated. SNR: 19.65566129664563
The optimal source SNR is <= 20. The Fisher approximation may not be valid!
calculating Fisher matrix...
Finished derivatives
Calculated Fisher is *atleast* positive-definite.
Time taken to compute FM is 4.865834474563599 seconds
    CV#1 it  22 lam=3.7e-12 ov=0.9998319 chi2=1.297e-01 rel=5.9e-02
Body is not plunging, Fisher should be stable.
waveform shape: (3, 7889537)
Computing SNR for parameters: (np.float64(1000006.9441952402), np.float64(9.998820954446543), np.float64(0.9000159751317746), np.float64(9.04832398132845), np.float64(0.3000119705568341), 1.0, 14.134243467540808, np.float64(1.0485506112956895), np.float64(0.7853664735250575), 0.6283185307179586, 0.5235987755982988, np.float64(0.07171546804057319), 0.2, np.float64(0.33972106411293246), 0.95, False, False, False, True, np.float64(-35.43671690522979), np.float64(-0.7677637145998626), 0.0, 0.0)
Waveform Generated. SNR: 19.6501409411852
The optimal source SNR is <= 20. The Fisher approximation may not be valid!
calculating Fisher matrix...
Finished derivatives
Calculated Fisher is *atleast* positive-definite.
Time taken to compute FM is 4.90335488319397 seconds
    CV#1 it  23 lam=1.2e-12 ov=0.9998419 chi2=1.220e-01 rel=4.2e-02
Body is not plunging, Fisher should be stable.
waveform shape: (3, 7889537)
Computing SNR for parameters: (np.float64(1000005.2037451005), np.float64(9.998797292402287), np.float64(0.9000151048514818), np.float64(9.04832951235048), np.float64(0.30001304790520417), 1.0, 14.134243467540808, np.float64(1.0481101877034538), np.float64(0.785361679735736), 0.6283185307179586, 0.5235987755982988, np.float64(0.07045215717144754), 0.2, np.float64(0.34001872390531995), 0.95, False, False, False, True, np.float64(-35.66545233927461), np.float64(-0.6594495789044483), 0.0, 0.0)
Waveform Generated. SNR: 19.650369406626936
The optimal source SNR is <= 20. The Fisher approximation may not be valid!
calculating Fisher matrix...
Finished derivatives
Calculated Fisher is *atleast* positive-definite.
Time taken to compute FM is 5.228568077087402 seconds
    CV#1 it  24 lam=4.1e-13 ov=0.9998485 chi2=1.168e-01 rel=2.5e-02
Body is not plunging, Fisher should be stable.
waveform shape: (3, 7889537)
Computing SNR for parameters: (np.float64(1000004.9307878637), np.float64(9.998786514733068), np.float64(0.9000149919852268), np.float64(9.048330053044067), np.float64(0.30001327359433216), 1.0, 14.134243467540808, np.float64(1.0483360662492747), np.float64(0.7854024810766694), 0.6283185307179586, 0.5235987755982988, np.float64(0.06974132472132828), 0.2, np.float64(0.3401922486096623), 0.95, False, False, False, True, np.float64(-35.9131561393763), np.float64(-0.6505945917556794), 0.0, 0.0)
Waveform Generated. SNR: 19.647103823615275
The optimal source SNR is <= 20. The Fisher approximation may not be valid!
calculating stable deltas...
Time taken to compute stable deltas is 45.199759006500244 seconds
calculating Fisher matrix...
Finished derivatives
Calculated Fisher is *atleast* positive-definite.
Time taken to compute FM is 4.242565631866455 seconds
    CV#1 it  25 lam=1.4e-13 ov=0.9998524 chi2=1.139e-01 rel=1.7e-02
Body is not plunging, Fisher should be stable.
waveform shape: (3, 7889537)
Computing SNR for parameters: (np.float64(1000003.9818851546), np.float64(9.998773733898641), np.float64(0.9000145159077816), np.float64(9.04833308356166), np.float64(0.30001385810627373), 1.0, 14.134243467540808, np.float64(1.048102407981771), np.float64(0.7854011503587248), 0.6283185307179586, 0.5235987755982988, np.float64(0.06906135381595416), 0.2, np.float64(0.3403379733605865), 0.95, False, False, False, True, np.float64(-36.03529515501265), np.float64(-0.5918014538710342), 0.0, 0.0)
Waveform Generated. SNR: 19.64727750445847
The optimal source SNR is <= 20. The Fisher approximation may not be valid!
calculating Fisher matrix...
Finished derivatives
Calculated Fisher is *atleast* positive-definite.
Time taken to compute FM is 4.875000715255737 seconds
    CV#1 it  26 lam=4.5e-14 ov=0.9998549 chi2=1.119e-01 rel=1.1e-02
Body is not plunging, Fisher should be stable.
waveform shape: (3, 7889537)
Computing SNR for parameters: (np.float64(1000003.4617927893), np.float64(9.998765042537933), np.float64(0.9000142599476365), np.float64(9.048334671730807), np.float64(0.30001419088024006), 1.0, 14.134243467540808, np.float64(1.0480537226168647), np.float64(0.7854115209050677), 0.6283185307179586, 0.5235987755982988, np.float64(0.06856896774910202), 0.2, np.float64(0.3404369521376194), 0.95, False, False, False, True, np.float64(-36.153343629989195), np.float64(-0.5616988003815047), 0.0, 0.0)
Waveform Generated. SNR: 19.64654673466183
The optimal source SNR is <= 20. The Fisher approximation may not be valid!
calculating Fisher matrix...
Finished derivatives
Calculated Fisher is *atleast* positive-definite.
Time taken to compute FM is 4.879144191741943 seconds
    CV#1 it  27 lam=1.5e-14 ov=0.9998565 chi2=1.107e-01 rel=7.9e-03
Body is not plunging, Fisher should be stable.
waveform shape: (3, 7889537)
Computing SNR for parameters: (np.float64(1000003.0436586604), np.float64(9.998758043625937), np.float64(0.9000140541549848), np.float64(9.04833594828772), np.float64(0.30001445849171493), 1.0, 14.134243467540808, np.float64(1.0480139779040538), np.float64(0.785419321677544), 0.6283185307179586, 0.5235987755982988, np.float64(0.06816985934207666), 0.2, np.float64(0.3405174609428319), 0.95, False, False, False, True, np.float64(-36.24861699467578), np.float64(-0.5375376778991848), 0.0, 0.0)
Waveform Generated. SNR: 19.645932824721086
The optimal source SNR is <= 20. The Fisher approximation may not be valid!
calculating Fisher matrix...
Finished derivatives
Calculated Fisher is *atleast* positive-definite.
Time taken to compute FM is 4.862502813339233 seconds
    CV#1 it  28 lam=5.0e-15 ov=0.9998576 chi2=1.098e-01 rel=5.3e-03
Body is not plunging, Fisher should be stable.
waveform shape: (3, 7889537)
Computing SNR for parameters: (np.float64(1000002.6777987039), np.float64(9.998752012799466), np.float64(0.900013873626808), np.float64(9.048337071209927), np.float64(0.30001469141738407), 1.0, 14.134243467540808, np.float64(1.0479802174661976), np.float64(0.7854268226786029), 0.6283185307179586, 0.5235987755982988, np.float64(0.06782331335929093), 0.2, np.float64(0.340575602948889), 0.95, False, False, False, True, np.float64(-36.32938509869169), np.float64(-0.516309727314197), 0.0, 0.0)
Waveform Generated. SNR: 19.645435978475017
The optimal source SNR is <= 20. The Fisher approximation may not be valid!
calculating Fisher matrix...
Finished derivatives
Calculated Fisher is *atleast* positive-definite.
Time taken to compute FM is 5.215834856033325 seconds
    CV#1 it  29 lam=1.7e-15 ov=0.9998584 chi2=1.092e-01 rel=3.8e-03
Body is not plunging, Fisher should be stable.
waveform shape: (3, 7889537)
Computing SNR for parameters: (np.float64(1000002.3772186434), np.float64(9.998747080760857), np.float64(0.9000137251178086), np.float64(9.048337995733268), np.float64(0.3000148823532637), 1.0, 14.134243467540808, np.float64(1.0479537236680454), np.float64(0.7854329618315414), 0.6283185307179586, 0.5235987755982988, np.float64(0.06753932384780256), 0.2, np.float64(0.3406187888519149), 0.95, False, False, False, True, np.float64(-36.39516514855922), np.float64(-0.4988629727518479), 0.0, 0.0)
Waveform Generated. SNR: 19.645036191347316
The optimal source SNR is <= 20. The Fisher approximation may not be valid!
calculating stable deltas...
Time taken to compute stable deltas is 44.51402521133423 seconds
calculating Fisher matrix...
Finished derivatives
Calculated Fisher is *atleast* positive-definite.
Time taken to compute FM is 4.2240684032440186 seconds
    CV#1 it  30 lam=5.6e-16 ov=0.9998589 chi2=1.088e-01 rel=2.4e-03
Body is not plunging, Fisher should be stable.
waveform shape: (3, 7889537)
Computing SNR for parameters: (np.float64(1000002.2310539631), np.float64(9.998743761135549), np.float64(0.9000136556809792), np.float64(9.048338404462072), np.float64(0.30001498254260606), 1.0, 14.134243467540808, np.float64(1.0479761253504205), np.float64(0.785440864411824), 0.6283185307179586, 0.5235987755982988, np.float64(0.06734922524754182), 0.2, np.float64(0.34066829920553815), 0.95, False, False, False, True, np.float64(-36.45491864970424), np.float64(-0.4916065925173725), 0.0, 0.0)
Waveform Generated. SNR: 19.644436992017358
The optimal source SNR is <= 20. The Fisher approximation may not be valid!
calculating Fisher matrix...
Finished derivatives
Calculated Fisher is *atleast* positive-definite.
Time taken to compute FM is 4.866291761398315 seconds
    CV#1 it  31 lam=1.9e-16 ov=0.9998593 chi2=1.086e-01 rel=1.9e-03
Body is not plunging, Fisher should be stable.
waveform shape: (3, 7889537)
Computing SNR for parameters: (np.float64(1000001.996351044), np.float64(9.998740301727667), np.float64(0.9000135385261213), np.float64(9.048339143553049), np.float64(0.3000151285627932), 1.0, 14.134243467540808, np.float64(1.0479399409636452), np.float64(0.7854430274719489), 0.6283185307179586, 0.5235987755982988, np.float64(0.06715059265711633), 0.2, np.float64(0.3406935127338967), 0.95, False, False, False, True, np.float64(-36.494458376390085), np.float64(-0.4774648408167613), 0.0, 0.0)
Waveform Generated. SNR: 19.644291630951827
The optimal source SNR is <= 20. The Fisher approximation may not be valid!
calculating Fisher matrix...
Finished derivatives
Calculated Fisher is *atleast* positive-definite.
Time taken to compute FM is 4.881977558135986 seconds
    CV#1 it  32 lam=6.2e-17 ov=0.9998595 chi2=1.084e-01 rel=1.5e-03
Body is not plunging, Fisher should be stable.
waveform shape: (3, 7889537)
Computing SNR for parameters: (np.float64(1000001.7359526663), np.float64(9.99873672380159), np.float64(0.9000134078445762), np.float64(9.048339974988258), np.float64(0.30001528835691466), 1.0, 14.134243467540808, np.float64(1.0478921155922558), np.float64(0.7854444950222542), 0.6283185307179586, 0.5235987755982988, np.float64(0.06694168719323867), 0.2, np.float64(0.3407036038473905), 0.95, False, False, False, True, np.float64(-36.53050237250405), np.float64(-0.46137222506191017), 0.0, 0.0)
Waveform Generated. SNR: 19.644197351967335
The optimal source SNR is <= 20. The Fisher approximation may not be valid!
calculating Fisher matrix...
Finished derivatives
Calculated Fisher is *atleast* positive-definite.
Time taken to compute FM is 4.901309967041016 seconds
    CV#1 it  33 lam=2.1e-17 ov=0.9998597 chi2=1.082e-01 rel=8.5e-04
Body is not plunging, Fisher should be stable.
waveform shape: (3, 7889537)
Computing SNR for parameters: (np.float64(1000001.4720246047), np.float64(9.99873293677564), np.float64(0.9000132753691442), np.float64(9.048340812939113), np.float64(0.30001545215058656), 1.0, 14.134243467540808, np.float64(1.047835665239578), np.float64(0.7854460897222032), 0.6283185307179586, 0.5235987755982988, np.float64(0.06675566255350027), 0.2, np.float64(0.34076391652124155), 0.95, False, False, False, True, np.float64(-36.57197708926983), np.float64(-0.445670974447599), 0.0, 0.0)
Waveform Generated. SNR: 19.64424427458905
The optimal source SNR is <= 20. The Fisher approximation may not be valid!
calculating Fisher matrix...
Finished derivatives
Calculated Fisher is *atleast* positive-definite.
Time taken to compute FM is 4.870222568511963 seconds
    CV#1 it  34 lam=6.9e-18 ov=0.9998599 chi2=1.081e-01 rel=4.6e-04
Body is not plunging, Fisher should be stable.
waveform shape: (3, 7889537)
Computing SNR for parameters: (np.float64(1000001.3675072225), np.float64(9.99873116414001), np.float64(0.9000132237720186), np.float64(9.048341132960653), np.float64(0.30001551882042543), 1.0, 14.134243467540808, np.float64(1.047829253007661), np.float64(0.7854485354469126), 0.6283185307179586, 0.5235987755982988, np.float64(0.06665607551606743), 0.2, np.float64(0.340780776455356), 0.95, False, False, False, True, np.float64(-36.596705467449056), np.float64(-0.439740975198311), 0.0, 0.0)
Waveform Generated. SNR: 19.64411699408568
The optimal source SNR is <= 20. The Fisher approximation may not be valid!
calculating stable deltas...
Time taken to compute stable deltas is 44.801576375961304 seconds
calculating Fisher matrix...
Finished derivatives
Calculated Fisher is *atleast* positive-definite.
Time taken to compute FM is 4.277087211608887 seconds
    CV#1 it  35 lam=2.3e-18 ov=0.9998599 chi2=1.081e-01 rel=3.8e-04
Body is not plunging, Fisher should be stable.
waveform shape: (3, 7889537)
Computing SNR for parameters: (np.float64(1000001.3909276992), np.float64(9.998730703512127), np.float64(0.9000132378860394), np.float64(9.048341022906355), np.float64(0.3000155107552563), 1.0, 14.134243467540808, np.float64(1.0478636729261488), np.float64(0.7854529379034019), 0.6283185307179586, 0.5235987755982988, np.float64(0.06662798647046884), 0.2, np.float64(0.3408052691062725), 0.95, False, False, False, True, np.float64(-36.61697224969464), np.float64(-0.4422016275678031), 0.0, 0.0)
Waveform Generated. SNR: 19.643712370095074
The optimal source SNR is <= 20. The Fisher approximation may not be valid!
calculating Fisher matrix...
Finished derivatives
Calculated Fisher is *atleast* positive-definite.
Time taken to compute FM is 4.9628400802612305 seconds
    CV#1 it  36 lam=7.6e-19 ov=0.9998600 chi2=1.080e-01 rel=2.4e-04
Body is not plunging, Fisher should be stable.
waveform shape: (3, 7889537)
Computing SNR for parameters: (np.float64(1000001.2916297928), np.float64(9.998729246939284), np.float64(0.9000131881432998), np.float64(9.048341338127983), np.float64(0.30001557192114703), 1.0, 14.134243467540808, np.float64(1.0478525329836466), np.float64(0.785454194892815), 0.6283185307179586, 0.5235987755982988, np.float64(0.06654302224901289), 0.2, np.float64(0.3408029037647943), 0.95, False, False, False, True, np.float64(-36.633763400178616), np.float64(-0.4362597258334323), 0.0, 0.0)
Waveform Generated. SNR: 19.64367228232779
The optimal source SNR is <= 20. The Fisher approximation may not be valid!
calculating Fisher matrix...
Finished derivatives
Calculated Fisher is *atleast* positive-definite.
Time taken to compute FM is 4.96306300163269 seconds
    CV#1 it  37 lam=2.5e-19 ov=0.9998600 chi2=1.080e-01 rel=2.2e-04
Body is not plunging, Fisher should be stable.
waveform shape: (3, 7889537)
Computing SNR for parameters: (np.float64(1000001.2328536267), np.float64(9.998728279078241), np.float64(0.9000131592810485), np.float64(9.048341516591504), np.float64(0.30001560968143925), 1.0, 14.134243467540808, np.float64(1.0478457116919193), np.float64(0.7854551097284254), 0.6283185307179586, 0.5235987755982988, np.float64(0.06648164765254738), 0.2, np.float64(0.3408180668819459), 0.95, False, False, False, True, np.float64(-36.64647074762473), np.float64(-0.4327547543788887), 0.0, 0.0)
Waveform Generated. SNR: 19.64358602895109
The optimal source SNR is <= 20. The Fisher approximation may not be valid!
calculating Fisher matrix...
Finished derivatives
Calculated Fisher is *atleast* positive-definite.
Time taken to compute FM is 4.924500226974487 seconds
    CV#1 it  38 lam=8.5e-20 ov=0.9998600 chi2=1.080e-01 rel=9.8e-05
Body is not plunging, Fisher should be stable.
waveform shape: (3, 7889537)
Computing SNR for parameters: (np.float64(1000001.1760015676), np.float64(9.998727315352221), np.float64(0.9000131311361802), np.float64(9.048341691341445), np.float64(0.30001564590932334), 1.0, 14.134243467540808, np.float64(1.0478412912961048), np.float64(0.7854565297093914), 0.6283185307179586, 0.5235987755982988, np.float64(0.06643186608051935), 0.2, np.float64(0.340830023864988), 0.95, False, False, False, True, np.float64(-36.65996697075828), np.float64(-0.42957953208913713), 0.0, 0.0)
Waveform Generated. SNR: 19.64352773101437
The optimal source SNR is <= 20. The Fisher approximation may not be valid!
calculating Fisher matrix...
Finished derivatives
Calculated Fisher is *atleast* positive-definite.
Time taken to compute FM is 4.900919675827026 seconds
    CV#1 it  39 lam=2.8e-20 ov=0.9998600 chi2=1.080e-01 rel=5.3e-05
Body is not plunging, Fisher should be stable.
waveform shape: (3, 7889537)
Computing SNR for parameters: (np.float64(1000001.1382007444), np.float64(9.998726748615024), np.float64(0.9000131121846657), np.float64(9.048341811886734), np.float64(0.3000156689471463), 1.0, 14.134243467540808, np.float64(1.0478407995711922), np.float64(0.7854574618243546), 0.6283185307179586, 0.5235987755982988, np.float64(0.06639518130867463), 0.2, np.float64(0.3408191973129028), 0.95, False, False, False, True, np.float64(-36.66688275757844), np.float64(-0.4273440886059902), 0.0, 0.0)
Waveform Generated. SNR: 19.64347105281282
The optimal source SNR is <= 20. The Fisher approximation may not be valid!
calculating stable deltas...
Time taken to compute stable deltas is 44.834200382232666 seconds
calculating Fisher matrix...
Finished derivatives
Calculated Fisher is *atleast* positive-definite.
Time taken to compute FM is 4.234220504760742 seconds
    CV#1 it  40 lam=9.4e-21 ov=0.9998601 chi2=1.079e-01 rel=3.4e-05
Body is not plunging, Fisher should be stable.
waveform shape: (3, 7889537)
Computing SNR for parameters: (np.float64(1000001.0872556713), np.float64(9.998726081401252), np.float64(0.9000130866748743), np.float64(9.048341975297202), np.float64(0.30001569975205117), 1.0, 14.134243467540808, np.float64(1.0478350027838763), np.float64(0.7854579015433965), 0.6283185307179586, 0.5235987755982988, np.float64(0.06634134647480688), 0.2, np.float64(0.3408060393236766), 0.95, False, False, False, True, np.float64(-36.672911972634466), np.float64(-0.42401734021227633), 0.0, 0.0)
Waveform Generated. SNR: 19.64345453158651
The optimal source SNR is <= 20. The Fisher approximation may not be valid!
calculating Fisher matrix...
Finished derivatives
Calculated Fisher is *atleast* positive-definite.
Time taken to compute FM is 4.882246255874634 seconds
    CV#1 it  41 lam=3.1e-21 ov=0.9998601 chi2=1.079e-01 rel=5.4e-05
Body is not plunging, Fisher should be stable.
waveform shape: (3, 7889537)
Computing SNR for parameters: (np.float64(1000001.0808436704), np.float64(9.99872584161286), np.float64(0.90001308373946), np.float64(9.0483419896402), np.float64(0.3000157051144138), 1.0, 14.134243467540808, np.float64(1.0478347563583432), np.float64(0.7854584666002149), 0.6283185307179586, 0.5235987755982988, np.float64(0.06634169117545395), 0.2, np.float64(0.34082646928726673), 0.95, False, False, False, True, np.float64(-36.678386987363275), np.float64(-0.4239559354763005), 0.0, 0.0)
Waveform Generated. SNR: 19.64340852125075
The optimal source SNR is <= 20. The Fisher approximation may not be valid!
calculating Fisher matrix...
Finished derivatives
Calculated Fisher is *atleast* positive-definite.
Time taken to compute FM is 4.884406328201294 seconds
    CV#1 it  42 lam=1.0e-21 ov=0.9998601 chi2=1.079e-01 rel=3.6e-05
Body is not plunging, Fisher should be stable.
waveform shape: (3, 7889537)
Computing SNR for parameters: (np.float64(1000001.0577748358), np.float64(9.99872546598369), np.float64(0.9000130723381212), np.float64(9.04834206055639), np.float64(0.3000157197820491), 1.0, 14.134243467540808, np.float64(1.0478326299739613), np.float64(0.7854588803400177), 0.6283185307179586, 0.5235987755982988, np.float64(0.06631908008102323), 0.2, np.float64(0.3408304879481581), 0.95, False, False, False, True, np.float64(-36.68332865135724), np.float64(-0.422606815916419), 0.0, 0.0)
Waveform Generated. SNR: 19.643361024749186
The optimal source SNR is <= 20. The Fisher approximation may not be valid!
calculating Fisher matrix...
Finished derivatives
Calculated Fisher is *atleast* positive-definite.
Time taken to compute FM is 4.867466449737549 seconds
    CV#1 it  43 lam=7.3e-16 ov=0.9998601 chi2=1.079e-01 rel=1.1e-05
Body is not plunging, Fisher should be stable.
waveform shape: (3, 7889537)
Computing SNR for parameters: (np.float64(1000001.0307429619), np.float64(9.998725014950816), np.float64(0.9000130589505672), np.float64(9.048342143822666), np.float64(0.3000157369764219), 1.0, 14.134243467540808, np.float64(1.0478301903950107), np.float64(0.785459434787976), 0.6283185307179586, 0.5235987755982988, np.float64(0.06629606868989585), 0.2, np.float64(0.3408363670784911), 0.95, False, False, False, True, np.float64(-36.689513340228245), np.float64(-0.4210792465815264), 0.0, 0.0)
Waveform Generated. SNR: 19.643340953619767
The optimal source SNR is <= 20. The Fisher approximation may not be valid!
calculating Fisher matrix...
Finished derivatives
Calculated Fisher is *atleast* positive-definite.
Time taken to compute FM is 4.952809572219849 seconds
    CV#1 it  44 lam=6.6e-08 ov=0.9998601 chi2=1.079e-01 rel=7.5e-06
Body is not plunging, Fisher should be stable.
waveform shape: (3, 7889537)
Computing SNR for parameters: (np.float64(1000001.031160914), np.float64(9.99872499233639), np.float64(0.9000130588708104), np.float64(9.048342144909835), np.float64(0.300015736496252), 1.0, 14.134243467540808, np.float64(1.0478302894851166), np.float64(0.7854596494145016), 0.6283185307179586, 0.5235987755982988, np.float64(0.06631228139759167), 0.2, np.float64(0.34083853764076744), 0.95, False, False, False, True, np.float64(-36.6907188333935), np.float64(-0.42138308171835154), 0.0, 0.0)
Waveform Generated. SNR: 19.64331572224589
The optimal source SNR is <= 20. The Fisher approximation may not be valid!
calculating stable deltas...
Time taken to compute stable deltas is 44.58402061462402 seconds
calculating Fisher matrix...
Finished derivatives
Calculated Fisher is *atleast* positive-definite.
Time taken to compute FM is 4.237480401992798 seconds
    CV#1 it  45 lam=1.7e-07 ov=0.9998601 chi2=1.079e-01 rel=4.8e-06
Body is not plunging, Fisher should be stable.
waveform shape: (3, 7889537)
Computing SNR for parameters: (np.float64(1000001.0307563248), np.float64(9.998724972126084), np.float64(0.9000130587273203), np.float64(9.04834214640178), np.float64(0.3000157366717644), 1.0, 14.134243467540808, np.float64(1.0478310235769854), np.float64(0.7854584253845291), 0.6283185307179586, 0.5235987755982988, np.float64(0.06631571180160943), 0.2, np.float64(0.340832372406224), 0.95, False, False, False, True, np.float64(-36.691355673281734), np.float64(-0.421399725244292), 0.0, 0.0)
Waveform Generated. SNR: 19.64330031705838
The optimal source SNR is <= 20. The Fisher approximation may not be valid!
calculating Fisher matrix...
Finished derivatives
Calculated Fisher is *atleast* positive-definite.
Time taken to compute FM is 4.8631956577301025 seconds
    CV#1 it  46 lam=3.7e-06 ov=0.9998601 chi2=1.079e-01 rel=8.5e-06
Body is not plunging, Fisher should be stable.
waveform shape: (3, 7889537)
Computing SNR for parameters: (np.float64(1000001.0308247403), np.float64(9.998724971352539), np.float64(0.900013058661175), np.float64(9.048342147269596), np.float64(0.30001573647853), 1.0, 14.134243467540808, np.float64(1.047830358830711), np.float64(0.7854584516636679), 0.6283185307179586, 0.5235987755982988, np.float64(0.06631867790465334), 0.2, np.float64(0.34083213532761064), 0.95, False, False, False, True, np.float64(-36.6915350892744), np.float64(-0.42147224584617093), 0.0, 0.0)
Waveform Generated. SNR: 19.643306848339623
The optimal source SNR is <= 20. The Fisher approximation may not be valid!
calculating Fisher matrix...
Finished derivatives
Calculated Fisher is *atleast* positive-definite.
Time taken to compute FM is 4.881479978561401 seconds
    CV#1 it  47 lam=2.6e+00 ov=0.9998601 chi2=1.079e-01 rel=8.4e-06
Body is not plunging, Fisher should be stable.
waveform shape: (3, 7889537)
Computing SNR for parameters: (np.float64(1000001.0308243895), np.float64(9.998724971362172), np.float64(0.9000130586599433), np.float64(9.048342147267821), np.float64(0.30001573647673885), 1.0, 14.134243467540808, np.float64(1.047830231706168), np.float64(0.7854585518800514), 0.6283185307179586, 0.5235987755982988, np.float64(0.06631921582893328), 0.2, np.float64(0.3408322313894357), 0.95, False, False, False, True, np.float64(-36.691535451270866), np.float64(-0.4214727809840334), 0.0, 0.0)
Waveform Generated. SNR: 19.64327495799556
The optimal source SNR is <= 20. The Fisher approximation may not be valid!
calculating Fisher matrix...
Finished derivatives
Calculated Fisher is *atleast* positive-definite.
Time taken to compute FM is 4.885959625244141 seconds
    CV#1 it  48 lam=2.5e+140 ov=0.9998601 chi2=1.079e-01 rel=0.0e+00
    NM  nfev=1495 ov 0.9998601 -> 0.9998601 (accepted=True)
Body is not plunging, Fisher should be stable.
waveform shape: (3, 7889537)
Computing SNR for parameters: (np.float64(1000001.0309549395), np.float64(9.998724973279904), np.float64(0.9000130586634503), np.float64(9.048342147498708), np.float64(0.3000157360592396), 1.0, 14.134243467540808, np.float64(1.047828729500209), np.float64(0.7854561437793328), 0.6283185307179586, 0.5235987755982988, np.float64(0.06630347728234423), 0.2, np.float64(0.3408135336793504), 0.95, False, False, False, True, np.float64(-36.691593637881134), np.float64(-0.4214622971072332), 0.0, 0.0)
Waveform Generated. SNR: 19.64328490024442
The optimal source SNR is <= 20. The Fisher approximation may not be valid!
calculating stable deltas...
Time taken to compute stable deltas is 44.65142226219177 seconds
calculating Fisher matrix...
Finished derivatives
Calculated Fisher is *atleast* positive-definite.
Time taken to compute FM is 4.252655506134033 seconds
    CV#2 it   0 lam=2.3e+08 ov=0.9998601 chi2=1.079e-01 rel=1.2e-13

======================================================================
model = 0PA + PN deviation  (EMRI grid, 11 params, start = 0PA-vs-2PA MAP)
case        SNR     ov@seed       ov@CV        chi2
idx4      19.92    0.999097    0.999397   4.789e-01
idx14     19.64    0.993861    0.999860   1.079e-01

optimized 11-param points  [m1, m2, a, p0, e0, qS, phiS, Phi_phi0, Phi_r0, dev_1, dev_2]:
[idx4] ov=0.999397 = [9.99995603e+05, 1.00000524e+01, 9.00001348e-01, 9.08682592e+00, 9.99944422e-02, 1.04700299e+00, 7.83485444e-01, 9.91344719e-02, 1.25605025e-01, -4.41067279e-01, -1.06097348e-02]
[idx14] ov=0.999860 = [1.00000103e+06, 9.99872497e+00, 9.00013059e-01, 9.04834215e+00, 3.00015736e-01, 1.04782873e+00, 7.85456144e-01, 6.63034773e-02, 3.40813534e-01, -3.66915936e+01, -4.21462297e-01]

[saved] all results -> /home/svu/e1583490/EMRI_CV_bias/src/EMRI/results_emri_grid_PN.json
