startup
[INFO] use_gpu = True
[cfg] CV controls: overlap_target=0.9999999999, lambda0=0.01, rel_tol=1e-09, recompute_deltas_every=10
[point] no hard_point_16.json: reading the run results
[point] live/16: m1 = 1.455578e+06, p0 = 11.752153, T = 2.872921 yr, dt = 10, d = 2.556545 Gpc, SNR = 200.0000
[point] injected A_PM = 2.794709e-05, n_PM = 8, A_GC = 1.0e-12, n_GC = 4.0
[point] population run reached ov = 0.00551808 (0PA), 0.00552077 (0PA+PN)
[cfg] model = 0PA+PN, parameters = m1, m2, a, p0, qS, phiS, Phi_phi0, C_p
[build] SNR check: 200.000000 (A = 151.2768, E = 130.8256)
    [DELTA] 0PA+PN C_p: steps 3.162e-04 -> 1.000e-05  (mismatch 4.18e-06 -> 4.18e-09, 4 of 45 ladder points in band)
[bounds] C_p: calibrated d_hi = 3.1623e-04 at mismatch 1.0e-05 -> decoherence at |C_p| ~ 1.0000e-01; box = +-1.0000e+00 (10x)

=== stage 1: CV step from the injected point ===
Body is not plunging, Fisher should be stable.
waveform shape: (2, 9066408)
Computing SNR for parameters: (np.float64(1455577.860685931), np.float64(50.0), np.float64(0.9), np.float64(11.75215257138856), 0.0, 1.0, 2.556544793795935, np.float64(0.2), np.float64(0.2), 0.8, 0.8, np.float64(0.3), 0.5, 0.5, 0.0, False, False, False, True, np.float64(0.0), 0.0, False, 2.7947094925169876e-05, 8.0, 1e-12, 4.0)
Waveform Generated. SNR: 199.92357448148007
calculating stable deltas...
Time taken to compute stable deltas is 29.088207006454468 seconds
calculating Fisher matrix...
Finished derivatives
Calculated Fisher is not positive semi-definite. Try lowering inspiral error tolerance or increasing the derivative order.
Time taken to compute FM is 2.540173053741455 seconds
[stage1] 8 capped CV steps, 2 sigma each, 5 sigma total; start ov = 0.0136147771
  -- stage-1 step 1/8  (walked 0.00 sigma, cap 2.00)
    start overlap = 0.0136147771
Body is not plunging, Fisher should be stable.
waveform shape: (2, 9066408)
Computing SNR for parameters: (np.float64(1455577.860685931), np.float64(50.0), np.float64(0.9), np.float64(11.75215257138856), 0.0, 1.0, 2.556544793795935, np.float64(0.2), np.float64(0.2), 0.8, 0.8, np.float64(0.3), 0.5, 0.5, 0.0, False, False, False, True, np.float64(0.0), 0.0, False, 2.7947094925169876e-05, 8.0, 1e-12, 4.0)
Waveform Generated. SNR: 199.92357448148007
calculating stable deltas...
Time taken to compute stable deltas is 28.328472137451172 seconds
calculating Fisher matrix...
Finished derivatives
Calculated Fisher is not positive semi-definite. Try lowering inspiral error tolerance or increasing the derivative order.
Time taken to compute FM is 2.5456442832946777 seconds
    CV1.1 step capped to 2 sigma (scaled by 0.03318)
    CV1.1 scale 1 gives ov 0.0062555843 <= start 0.0136147771; halving
    CV1.1 scale 0.5 gives ov 0.0130596660 <= start 0.0136147771; halving
    CV1.1 scale 0.25 gives ov 0.0135464333 <= start 0.0136147771; halving
    CV1.1 scale 0.125 gives ov 0.0135885638 <= start 0.0136147771; halving
    CV1.1 scale 0.0625 gives ov 0.0136008890 <= start 0.0136147771; halving
    CV1.1 scale 0.03125 gives ov 0.0136074610 <= start 0.0136147771; halving
    CV1.1 scale 0.015625 gives ov 0.0136110145 <= start 0.0136147771; halving
    CV1.1 scale 0.0078125 gives ov 0.0136128678 <= start 0.0136147771; halving
    CV1.1 scale 0.00390625 gives ov 0.0136138165 <= start 0.0136147771; halving
    CV1.1 scale 0.00195312 gives ov 0.0136142947 <= start 0.0136147771; halving
    CV1.1 scale 0.000976562 gives ov 0.0136145359 <= start 0.0136147771; halving
    CV1.1 scale 0.000488281 gives ov 0.0136146567 <= start 0.0136147771; halving
    CV1.1 scale 0.000244141 gives ov 0.0136147170 <= start 0.0136147771; halving
    CV1.1 no scale improved the overlap; staying put
    CV1.1 exact step  scale 0  ov 0.0136147771 -> 0.0136147771  chi2 7.888e+04 -> 7.888e+04
[stage1] step 1 could not improve the overlap; stopping
[stage1] 1 step(s), ov 0.0136147771 -> 0.0136147771, walked 0.00 sigma, stop = no_scale_improved_overlap
Body is not plunging, Fisher should be stable.
waveform shape: (2, 9066408)
Computing SNR for parameters: (np.float64(1455577.860685931), np.float64(50.0), np.float64(0.9), np.float64(11.75215257138856), 0.0, 1.0, 2.556544793795935, np.float64(0.2), np.float64(0.2), 0.8, 0.8, np.float64(0.3), 0.5, 0.5, 0.0, False, False, False, True, np.float64(0.0), 0.0, False, 2.7947094925169876e-05, 8.0, 1e-12, 4.0)
Waveform Generated. SNR: 199.92357448148007
calculating stable deltas...
Time taken to compute stable deltas is 28.297333478927612 seconds
calculating Fisher matrix...
Finished derivatives
Calculated Fisher is not positive semi-definite. Try lowering inspiral error tolerance or increasing the derivative order.
Time taken to compute FM is 2.4932408332824707 seconds
[stage] CV step    ov = 0.0136147771  chi2 = 7.888067e+04  1.7 min

=== stage 2: differential evolution in the Fisher box ===
Body is not plunging, Fisher should be stable.
waveform shape: (2, 9066408)
Computing SNR for parameters: (np.float64(1455577.860685931), np.float64(50.0), np.float64(0.9), np.float64(11.75215257138856), 0.0, 1.0, 2.556544793795935, np.float64(0.2), np.float64(0.2), 0.8, 0.8, np.float64(0.3), 0.5, 0.5, 0.0, False, False, False, True, np.float64(0.0), 0.0, False, 2.7947094925169876e-05, 8.0, 1e-12, 4.0)
Waveform Generated. SNR: 199.92357448148007
calculating stable deltas...
Time taken to compute stable deltas is 27.975501537322998 seconds
calculating Fisher matrix...
Finished derivatives
Calculated Fisher is not positive semi-definite. Try lowering inspiral error tolerance or increasing the derivative order.
Time taken to compute FM is 2.49908709526062 seconds
[DE] Fisher-based bounds:
         m1: [+1.44345676e+06, +1.46769896e+06]  centre +1.45557786e+06  injected +1.45557786e+06 in 
         m2: [+4.96960896e+01, +5.03039104e+01]  centre +5.00000000e+01  injected +5.00000000e+01 in 
          a: [+8.98923300e-01, +9.01076700e-01]  centre +9.00000000e-01  injected +9.00000000e-01 in 
         p0: [+1.16852286e+01, +1.18190766e+01]  centre +1.17521526e+01  injected +1.17521526e+01 in 
         qS: [+0.00000000e+00, +3.14159265e+00]  centre +2.00000000e-01  injected +2.00000000e-01 in 
       phiS: [+0.00000000e+00, +6.28318531e+00]  centre +2.00000000e-01  injected +2.00000000e-01 in 
   Phi_phi0: [+0.00000000e+00, +6.28318531e+00]  centre +3.00000000e-01  injected +3.00000000e-01 in 
        C_p: [-1.00000000e+00, +1.00000000e+00]  centre +0.00000000e+00  injected +0.00000000e+00 in 
[DE] ndim = 8, maxiter = 1100, popsize = 15, objective = chi2, init = sobol
    [DE]     200 evals    0.01 h    0.09 s/eval  best = 4.290866e+04
    [DE]     400 evals    0.01 h    0.09 s/eval  best = 4.290866e+04
    [DE]     600 evals    0.01 h    0.09 s/eval  best = 4.257408e+04
    [DE]     800 evals    0.02 h    0.09 s/eval  best = 4.249442e+04
    [DE]    1000 evals    0.02 h    0.08 s/eval  best = 4.245591e+04
    [DE]    1200 evals    0.03 h    0.08 s/eval  best = 4.245591e+04
    [DE]    1400 evals    0.03 h    0.08 s/eval  best = 4.241768e+04
    [DE]    1600 evals    0.04 h    0.08 s/eval  best = 4.236799e+04
    [DE]    1800 evals    0.04 h    0.08 s/eval  best = 4.236799e+04
    [DE]    2000 evals    0.05 h    0.08 s/eval  best = 4.236799e+04
    [DE]    2200 evals    0.05 h    0.08 s/eval  best = 4.233905e+04
    [DE]    2400 evals    0.05 h    0.08 s/eval  best = 4.232446e+04
    [DE]    2600 evals    0.06 h    0.08 s/eval  best = 4.232405e+04
    [DE]    2800 evals    0.06 h    0.08 s/eval  best = 4.232405e+04
    [DE]    3000 evals    0.07 h    0.08 s/eval  best = 4.232405e+04
    [DE]    3200 evals    0.07 h    0.08 s/eval  best = 4.232405e+04
    [DE]    3400 evals    0.08 h    0.08 s/eval  best = 4.231848e+04
    [DE]    3600 evals    0.08 h    0.08 s/eval  best = 4.231208e+04
    [DE]    3800 evals    0.08 h    0.08 s/eval  best = 4.231170e+04
    [DE]    4000 evals    0.09 h    0.08 s/eval  best = 4.230926e+04
    [DE]    4200 evals    0.09 h    0.08 s/eval  best = 4.230926e+04
    [DE]    4400 evals    0.10 h    0.08 s/eval  best = 4.230926e+04
    [DE]    4600 evals    0.10 h    0.08 s/eval  best = 4.230574e+04
    [DE]    4800 evals    0.11 h    0.08 s/eval  best = 4.230574e+04
    [DE]    5000 evals    0.11 h    0.08 s/eval  best = 4.230574e+04
    [DE]    5200 evals    0.11 h    0.08 s/eval  best = 4.230574e+04
    [DE]    5400 evals    0.12 h    0.08 s/eval  best = 4.230574e+04
    [DE]    5600 evals    0.12 h    0.08 s/eval  best = 4.230574e+04
    [DE]    5800 evals    0.13 h    0.08 s/eval  best = 4.230574e+04
    [DE]    6000 evals    0.13 h    0.08 s/eval  best = 4.230574e+04
    [DE]    6200 evals    0.14 h    0.08 s/eval  best = 4.230574e+04
    [DE]    6400 evals    0.14 h    0.08 s/eval  best = 4.230161e+04
    [DE]    6600 evals    0.15 h    0.08 s/eval  best = 4.230161e+04
    [DE]    6800 evals    0.15 h    0.08 s/eval  best = 4.230161e+04
    [DE]    7000 evals    0.15 h    0.08 s/eval  best = 4.230161e+04
    [DE]    7200 evals    0.16 h    0.08 s/eval  best = 4.230161e+04
    [DE]    7400 evals    0.16 h    0.08 s/eval  best = 4.230161e+04
    [DE]    7600 evals    0.17 h    0.08 s/eval  best = 4.230161e+04
    [DE]    7800 evals    0.17 h    0.08 s/eval  best = 4.230161e+04
    [DE]    8000 evals    0.18 h    0.08 s/eval  best = 4.229946e+04
    [DE]    8200 evals    0.18 h    0.08 s/eval  best = 4.229946e+04
    [DE]    8400 evals    0.18 h    0.08 s/eval  best = 4.229946e+04
    [DE]    8600 evals    0.19 h    0.08 s/eval  best = 4.229946e+04
    [DE]    8800 evals    0.19 h    0.08 s/eval  best = 4.229946e+04
    [DE]    9000 evals    0.20 h    0.08 s/eval  best = 4.229946e+04
    [DE]    9200 evals    0.20 h    0.08 s/eval  best = 4.229946e+04
    [DE]    9400 evals    0.21 h    0.08 s/eval  best = 4.229946e+04
    [DE]    9600 evals    0.21 h    0.08 s/eval  best = 4.229946e+04
    [DE]    9800 evals    0.21 h    0.08 s/eval  best = 4.229946e+04
    [DE]   10000 evals    0.22 h    0.08 s/eval  best = 4.229946e+04
    [DE]   10200 evals    0.22 h    0.08 s/eval  best = 4.229946e+04
    [DE]   10400 evals    0.23 h    0.08 s/eval  best = 4.229937e+04
    [DE]   10600 evals    0.23 h    0.08 s/eval  best = 4.229937e+04
    [DE]   10800 evals    0.24 h    0.08 s/eval  best = 4.229937e+04
    [DE]   11000 evals    0.24 h    0.08 s/eval  best = 4.229937e+04
    [DE]   11200 evals    0.24 h    0.08 s/eval  best = 4.229797e+04
    [DE]   11400 evals    0.25 h    0.08 s/eval  best = 4.229718e+04
    [DE]   11600 evals    0.25 h    0.08 s/eval  best = 4.229718e+04
    [DE]   11800 evals    0.26 h    0.08 s/eval  best = 4.229621e+04
    [DE]   12000 evals    0.26 h    0.08 s/eval  best = 4.229593e+04
    [DE]   12200 evals    0.27 h    0.08 s/eval  best = 4.229593e+04
    [DE]   12400 evals    0.27 h    0.08 s/eval  best = 4.229593e+04
    [DE]   12600 evals    0.27 h    0.08 s/eval  best = 4.229593e+04
    [DE]   12800 evals    0.28 h    0.08 s/eval  best = 4.229593e+04
    [DE]   13000 evals    0.28 h    0.08 s/eval  best = 4.229593e+04
    [DE]   13200 evals    0.29 h    0.08 s/eval  best = 4.229593e+04
    [DE]   13400 evals    0.29 h    0.08 s/eval  best = 4.229593e+04
    [DE]   13600 evals    0.30 h    0.08 s/eval  best = 4.229593e+04
    [DE]   13800 evals    0.30 h    0.08 s/eval  best = 4.229593e+04
    [DE]   14000 evals    0.31 h    0.08 s/eval  best = 4.229593e+04
    [DE]   14200 evals    0.31 h    0.08 s/eval  best = 4.229593e+04
    [DE]   14400 evals    0.31 h    0.08 s/eval  best = 4.229593e+04
    [DE]   14600 evals    0.32 h    0.08 s/eval  best = 4.229593e+04
    [DE]   14800 evals    0.32 h    0.08 s/eval  best = 4.229593e+04
    [DE]   15000 evals    0.33 h    0.08 s/eval  best = 4.229593e+04
    [DE]   15200 evals    0.33 h    0.08 s/eval  best = 4.229593e+04
    [DE]   15400 evals    0.34 h    0.08 s/eval  best = 4.229593e+04
    [DE]   15600 evals    0.34 h    0.08 s/eval  best = 4.229593e+04
    [DE]   15800 evals    0.34 h    0.08 s/eval  best = 4.229593e+04
    [DE]   16000 evals    0.35 h    0.08 s/eval  best = 4.229593e+04
    [DE]   16200 evals    0.35 h    0.08 s/eval  best = 4.229458e+04
    [DE]   16400 evals    0.36 h    0.08 s/eval  best = 4.229458e+04
    [DE]   16600 evals    0.36 h    0.08 s/eval  best = 4.229458e+04
    [DE]   16800 evals    0.37 h    0.08 s/eval  best = 4.229458e+04
    [DE]   17000 evals    0.37 h    0.08 s/eval  best = 4.229458e+04
    [DE]   17200 evals    0.38 h    0.08 s/eval  best = 4.229458e+04
    [DE]   17400 evals    0.38 h    0.08 s/eval  best = 4.229458e+04
    [DE]   17600 evals    0.38 h    0.08 s/eval  best = 4.229458e+04
    [DE]   17800 evals    0.39 h    0.08 s/eval  best = 4.229458e+04
    [DE]   18000 evals    0.39 h    0.08 s/eval  best = 4.229458e+04
    [DE]   18200 evals    0.40 h    0.08 s/eval  best = 4.229458e+04
    [DE]   18400 evals    0.40 h    0.08 s/eval  best = 4.229458e+04
    [DE]   18600 evals    0.41 h    0.08 s/eval  best = 4.229458e+04
    [DE]   18800 evals    0.41 h    0.08 s/eval  best = 4.229458e+04
    [DE]   19000 evals    0.42 h    0.08 s/eval  best = 4.229458e+04
    [DE]   19200 evals    0.42 h    0.08 s/eval  best = 4.229458e+04
    [DE]   19400 evals    0.42 h    0.08 s/eval  best = 4.229458e+04
    [DE]   19600 evals    0.43 h    0.08 s/eval  best = 4.229458e+04
    [DE]   19800 evals    0.43 h    0.08 s/eval  best = 4.229458e+04
    [DE]   20000 evals    0.44 h    0.08 s/eval  best = 4.229458e+04
    [DE]   20200 evals    0.44 h    0.08 s/eval  best = 4.229458e+04
    [DE]   20400 evals    0.45 h    0.08 s/eval  best = 4.229458e+04
    [DE]   20600 evals    0.45 h    0.08 s/eval  best = 4.229458e+04
    [DE]   20800 evals    0.45 h    0.08 s/eval  best = 4.229458e+04
    [DE]   21000 evals    0.46 h    0.08 s/eval  best = 4.229458e+04
    [DE]   21200 evals    0.46 h    0.08 s/eval  best = 4.229458e+04
    [DE]   21400 evals    0.47 h    0.08 s/eval  best = 4.229458e+04
    [DE]   21600 evals    0.47 h    0.08 s/eval  best = 4.229458e+04
    [DE]   21800 evals    0.48 h    0.08 s/eval  best = 4.229458e+04
    [DE]   22000 evals    0.48 h    0.08 s/eval  best = 4.229458e+04
    [DE]   22200 evals    0.49 h    0.08 s/eval  best = 4.229458e+04
    [DE]   22400 evals    0.49 h    0.08 s/eval  best = 4.229458e+04
    [DE]   22600 evals    0.49 h    0.08 s/eval  best = 4.229458e+04
    [DE]   22800 evals    0.50 h    0.08 s/eval  best = 4.229458e+04
    [DE]   23000 evals    0.50 h    0.08 s/eval  best = 4.229458e+04
    [DE]   23200 evals    0.51 h    0.08 s/eval  best = 4.229458e+04
    [DE]   23400 evals    0.51 h    0.08 s/eval  best = 4.229458e+04
    [DE]   23600 evals    0.52 h    0.08 s/eval  best = 4.229458e+04
    [DE]   23800 evals    0.52 h    0.08 s/eval  best = 4.229458e+04
    [DE]   24000 evals    0.52 h    0.08 s/eval  best = 4.229458e+04
    [DE]   24200 evals    0.53 h    0.08 s/eval  best = 4.229458e+04
    [DE]   24400 evals    0.53 h    0.08 s/eval  best = 4.229458e+04
    [DE]   24600 evals    0.54 h    0.08 s/eval  best = 4.229458e+04
    [DE]   24800 evals    0.54 h    0.08 s/eval  best = 4.229458e+04
    [DE]   25000 evals    0.55 h    0.08 s/eval  best = 4.229458e+04
    [DE]   25200 evals    0.55 h    0.08 s/eval  best = 4.229458e+04
    [DE]   25400 evals    0.56 h    0.08 s/eval  best = 4.229458e+04
    [DE]   25600 evals    0.56 h    0.08 s/eval  best = 4.229458e+04
    [DE]   25800 evals    0.56 h    0.08 s/eval  best = 4.229458e+04
    [DE]   26000 evals    0.57 h    0.08 s/eval  best = 4.229458e+04
    [DE]   26200 evals    0.57 h    0.08 s/eval  best = 4.229458e+04
    [DE]   26400 evals    0.58 h    0.08 s/eval  best = 4.229458e+04
    [DE]   26600 evals    0.58 h    0.08 s/eval  best = 4.229458e+04
    [DE]   26800 evals    0.59 h    0.08 s/eval  best = 4.229458e+04
    [DE]   27000 evals    0.59 h    0.08 s/eval  best = 4.229458e+04
    [DE]   27200 evals    0.59 h    0.08 s/eval  best = 4.229458e+04
    [DE]   27400 evals    0.60 h    0.08 s/eval  best = 4.229458e+04
    [DE]   27600 evals    0.60 h    0.08 s/eval  best = 4.229458e+04
    [DE]   27800 evals    0.61 h    0.08 s/eval  best = 4.229458e+04
    [DE]   28000 evals    0.61 h    0.08 s/eval  best = 4.229458e+04
    [DE]   28200 evals    0.62 h    0.08 s/eval  best = 4.229458e+04
    [DE]   28400 evals    0.62 h    0.08 s/eval  best = 4.229458e+04
    [DE]   28600 evals    0.63 h    0.08 s/eval  best = 4.229458e+04
    [DE]   28800 evals    0.63 h    0.08 s/eval  best = 4.229458e+04
    [DE]   29000 evals    0.63 h    0.08 s/eval  best = 4.229458e+04
    [DE]   29200 evals    0.64 h    0.08 s/eval  best = 4.229458e+04
    [DE]   29400 evals    0.64 h    0.08 s/eval  best = 4.229458e+04
    [DE]   29600 evals    0.65 h    0.08 s/eval  best = 4.229458e+04
    [DE]   29800 evals    0.65 h    0.08 s/eval  best = 4.229458e+04
    [DE]   30000 evals    0.66 h    0.08 s/eval  best = 4.229458e+04
    [DE]   30200 evals    0.66 h    0.08 s/eval  best = 4.229458e+04
    [DE]   30400 evals    0.66 h    0.08 s/eval  best = 4.229458e+04
    [DE]   30600 evals    0.67 h    0.08 s/eval  best = 4.229458e+04
    [DE]   30800 evals    0.67 h    0.08 s/eval  best = 4.229458e+04
    [DE]   31000 evals    0.68 h    0.08 s/eval  best = 4.229458e+04
    [DE]   31200 evals    0.68 h    0.08 s/eval  best = 4.229458e+04
    [DE]   31400 evals    0.69 h    0.08 s/eval  best = 4.229458e+04
    [DE]   31600 evals    0.69 h    0.08 s/eval  best = 4.229458e+04
    [DE]   31800 evals    0.70 h    0.08 s/eval  best = 4.229458e+04
    [DE]   32000 evals    0.70 h    0.08 s/eval  best = 4.229458e+04
    [DE]   32200 evals    0.70 h    0.08 s/eval  best = 4.229458e+04
    [DE]   32400 evals    0.71 h    0.08 s/eval  best = 4.229458e+04
    [DE]   32600 evals    0.71 h    0.08 s/eval  best = 4.229458e+04
    [DE]   32800 evals    0.72 h    0.08 s/eval  best = 4.229458e+04
    [DE]   33000 evals    0.72 h    0.08 s/eval  best = 4.229458e+04
    [DE]   33200 evals    0.73 h    0.08 s/eval  best = 4.229458e+04
    [DE]   33400 evals    0.73 h    0.08 s/eval  best = 4.229458e+04
    [DE]   33600 evals    0.73 h    0.08 s/eval  best = 4.229458e+04
    [DE]   33800 evals    0.74 h    0.08 s/eval  best = 4.229458e+04
    [DE]   34000 evals    0.74 h    0.08 s/eval  best = 4.229458e+04
    [DE]   34200 evals    0.75 h    0.08 s/eval  best = 4.229458e+04
    [DE]   34400 evals    0.75 h    0.08 s/eval  best = 4.229458e+04
    [DE]   34600 evals    0.76 h    0.08 s/eval  best = 4.229458e+04
    [DE]   34800 evals    0.76 h    0.08 s/eval  best = 4.229458e+04
    [DE]   35000 evals    0.76 h    0.08 s/eval  best = 4.229458e+04
    [DE]   35200 evals    0.77 h    0.08 s/eval  best = 4.229458e+04
    [DE]   35400 evals    0.77 h    0.08 s/eval  best = 4.229458e+04
    [DE]   35600 evals    0.78 h    0.08 s/eval  best = 4.229458e+04
    [DE]   35800 evals    0.78 h    0.08 s/eval  best = 4.229458e+04
    [DE]   36000 evals    0.79 h    0.08 s/eval  best = 4.229458e+04
    [DE]   36200 evals    0.79 h    0.08 s/eval  best = 4.229435e+04
    [DE]   36400 evals    0.79 h    0.08 s/eval  best = 4.229435e+04
    [DE]   36600 evals    0.80 h    0.08 s/eval  best = 4.229435e+04
    [DE]   36800 evals    0.80 h    0.08 s/eval  best = 4.229416e+04
    [DE]   37000 evals    0.81 h    0.08 s/eval  best = 4.229416e+04
    [DE]   37200 evals    0.81 h    0.08 s/eval  best = 4.229416e+04
    [DE]   37400 evals    0.82 h    0.08 s/eval  best = 4.229416e+04
    [DE]   37600 evals    0.82 h    0.08 s/eval  best = 4.229416e+04
    [DE]   37800 evals    0.82 h    0.08 s/eval  best = 4.229416e+04
    [DE]   38000 evals    0.83 h    0.08 s/eval  best = 4.229416e+04
    [DE]   38200 evals    0.83 h    0.08 s/eval  best = 4.229416e+04
    [DE]   38400 evals    0.84 h    0.08 s/eval  best = 4.229411e+04
    [DE]   38600 evals    0.84 h    0.08 s/eval  best = 4.229411e+04
    [DE]   38800 evals    0.85 h    0.08 s/eval  best = 4.229411e+04
    [DE]   39000 evals    0.85 h    0.08 s/eval  best = 4.229411e+04
    [DE]   39200 evals    0.85 h    0.08 s/eval  best = 4.229411e+04
    [DE]   39400 evals    0.86 h    0.08 s/eval  best = 4.229411e+04
    [DE]   39600 evals    0.86 h    0.08 s/eval  best = 4.229411e+04
    [DE]   39800 evals    0.87 h    0.08 s/eval  best = 4.229396e+04
    [DE]   40000 evals    0.87 h    0.08 s/eval  best = 4.229396e+04
    [DE]   40200 evals    0.88 h    0.08 s/eval  best = 4.229396e+04
    [DE]   40400 evals    0.88 h    0.08 s/eval  best = 4.229396e+04
    [DE]   40600 evals    0.89 h    0.08 s/eval  best = 4.229396e+04
    [DE]   40800 evals    0.89 h    0.08 s/eval  best = 4.229396e+04
    [DE]   41000 evals    0.89 h    0.08 s/eval  best = 4.229396e+04
    [DE]   41200 evals    0.90 h    0.08 s/eval  best = 4.229396e+04
    [DE]   41400 evals    0.90 h    0.08 s/eval  best = 4.229396e+04
    [DE]   41600 evals    0.91 h    0.08 s/eval  best = 4.229396e+04
    [DE]   41800 evals    0.91 h    0.08 s/eval  best = 4.229396e+04
    [DE]   42000 evals    0.92 h    0.08 s/eval  best = 4.229396e+04
    [DE]   42200 evals    0.92 h    0.08 s/eval  best = 4.229396e+04
    [DE]   42400 evals    0.92 h    0.08 s/eval  best = 4.229396e+04
    [DE]   42600 evals    0.93 h    0.08 s/eval  best = 4.229396e+04
    [DE]   42800 evals    0.93 h    0.08 s/eval  best = 4.229396e+04
    [DE]   43000 evals    0.94 h    0.08 s/eval  best = 4.229396e+04
    [DE]   43200 evals    0.94 h    0.08 s/eval  best = 4.229396e+04
    [DE]   43400 evals    0.95 h    0.08 s/eval  best = 4.229396e+04
    [DE]   43600 evals    0.95 h    0.08 s/eval  best = 4.229396e+04
    [DE]   43800 evals    0.95 h    0.08 s/eval  best = 4.229396e+04
    [DE]   44000 evals    0.96 h    0.08 s/eval  best = 4.229396e+04
    [DE]   44200 evals    0.96 h    0.08 s/eval  best = 4.229396e+04
    [DE]   44400 evals    0.97 h    0.08 s/eval  best = 4.229396e+04
    [DE]   44600 evals    0.97 h    0.08 s/eval  best = 4.229396e+04
    [DE]   44800 evals    0.98 h    0.08 s/eval  best = 4.229396e+04
    [DE]   45000 evals    0.98 h    0.08 s/eval  best = 4.229396e+04
    [DE]   45200 evals    0.98 h    0.08 s/eval  best = 4.229396e+04
    [DE]   45400 evals    0.99 h    0.08 s/eval  best = 4.229396e+04
    [DE]   45600 evals    0.99 h    0.08 s/eval  best = 4.229396e+04
    [DE]   45800 evals    1.00 h    0.08 s/eval  best = 4.229396e+04
    [DE]   46000 evals    1.00 h    0.08 s/eval  best = 4.229396e+04
    [DE]   46200 evals    1.01 h    0.08 s/eval  best = 4.229396e+04
    [DE]   46400 evals    1.01 h    0.08 s/eval  best = 4.229396e+04
    [DE]   46600 evals    1.01 h    0.08 s/eval  best = 4.229396e+04
    [DE]   46800 evals    1.02 h    0.08 s/eval  best = 4.229395e+04
    [DE]   47000 evals    1.02 h    0.08 s/eval  best = 4.229395e+04
    [DE]   47200 evals    1.03 h    0.08 s/eval  best = 4.229395e+04
    [DE]   47400 evals    1.03 h    0.08 s/eval  best = 4.229395e+04
    [DE]   47600 evals    1.04 h    0.08 s/eval  best = 4.229395e+04
    [DE]   47800 evals    1.04 h    0.08 s/eval  best = 4.229395e+04
    [DE]   48000 evals    1.04 h    0.08 s/eval  best = 4.229395e+04
    [DE]   48200 evals    1.05 h    0.08 s/eval  best = 4.229395e+04
    [DE]   48400 evals    1.05 h    0.08 s/eval  best = 4.229388e+04
    [DE]   48600 evals    1.06 h    0.08 s/eval  best = 4.229371e+04
    [DE]   48800 evals    1.06 h    0.08 s/eval  best = 4.229371e+04
    [DE]   49000 evals    1.07 h    0.08 s/eval  best = 4.229371e+04
    [DE]   49200 evals    1.07 h    0.08 s/eval  best = 4.229364e+04
    [DE]   49400 evals    1.07 h    0.08 s/eval  best = 4.229364e+04
    [DE]   49600 evals    1.08 h    0.08 s/eval  best = 4.229364e+04
    [DE]   49800 evals    1.08 h    0.08 s/eval  best = 4.229364e+04
    [DE]   50000 evals    1.09 h    0.08 s/eval  best = 4.229364e+04
    [DE]   50200 evals    1.09 h    0.08 s/eval  best = 4.229364e+04
    [DE]   50400 evals    1.10 h    0.08 s/eval  best = 4.229364e+04
    [DE]   50600 evals    1.10 h    0.08 s/eval  best = 4.229364e+04
    [DE]   50800 evals    1.10 h    0.08 s/eval  best = 4.229364e+04
    [DE]   51000 evals    1.11 h    0.08 s/eval  best = 4.229364e+04
    [DE]   51200 evals    1.11 h    0.08 s/eval  best = 4.229364e+04
    [DE]   51400 evals    1.12 h    0.08 s/eval  best = 4.229364e+04
    [DE]   51600 evals    1.12 h    0.08 s/eval  best = 4.229364e+04
    [DE]   51800 evals    1.13 h    0.08 s/eval  best = 4.229364e+04
    [DE]   52000 evals    1.13 h    0.08 s/eval  best = 4.229364e+04
    [DE]   52200 evals    1.13 h    0.08 s/eval  best = 4.229364e+04
    [DE]   52400 evals    1.14 h    0.08 s/eval  best = 4.229364e+04
    [DE]   52600 evals    1.14 h    0.08 s/eval  best = 4.229364e+04
    [DE]   52800 evals    1.15 h    0.08 s/eval  best = 4.229362e+04
    [DE]   53000 evals    1.15 h    0.08 s/eval  best = 4.229362e+04
    [DE]   53200 evals    1.16 h    0.08 s/eval  best = 4.229362e+04
    [DE]   53400 evals    1.16 h    0.08 s/eval  best = 4.229362e+04
    [DE]   53600 evals    1.16 h    0.08 s/eval  best = 4.229362e+04
    [DE]   53800 evals    1.17 h    0.08 s/eval  best = 4.229362e+04
    [DE]   54000 evals    1.17 h    0.08 s/eval  best = 4.229362e+04
    [DE]   54200 evals    1.18 h    0.08 s/eval  best = 4.229357e+04
    [DE]   54400 evals    1.18 h    0.08 s/eval  best = 4.229357e+04
    [DE]   54600 evals    1.19 h    0.08 s/eval  best = 4.229357e+04
    [DE]   54800 evals    1.19 h    0.08 s/eval  best = 4.229357e+04
    [DE]   55000 evals    1.19 h    0.08 s/eval  best = 4.229357e+04
    [DE]   55200 evals    1.20 h    0.08 s/eval  best = 4.229357e+04
    [DE]   55400 evals    1.20 h    0.08 s/eval  best = 4.229357e+04
    [DE]   55600 evals    1.21 h    0.08 s/eval  best = 4.229357e+04
    [DE]   55800 evals    1.21 h    0.08 s/eval  best = 4.229357e+04
    [DE]   56000 evals    1.22 h    0.08 s/eval  best = 4.229357e+04
    [DE]   56200 evals    1.22 h    0.08 s/eval  best = 4.229357e+04
    [DE]   56400 evals    1.22 h    0.08 s/eval  best = 4.229357e+04
    [DE]   56600 evals    1.23 h    0.08 s/eval  best = 4.229356e+04
    [DE]   56800 evals    1.23 h    0.08 s/eval  best = 4.229356e+04
    [DE]   57000 evals    1.24 h    0.08 s/eval  best = 4.229356e+04
    [DE]   57200 evals    1.24 h    0.08 s/eval  best = 4.229356e+04
    [DE]   57400 evals    1.25 h    0.08 s/eval  best = 4.229356e+04
    [DE]   57600 evals    1.25 h    0.08 s/eval  best = 4.229356e+04
    [DE]   57800 evals    1.25 h    0.08 s/eval  best = 4.229356e+04
    [DE]   58000 evals    1.26 h    0.08 s/eval  best = 4.229356e+04
    [DE]   58200 evals    1.26 h    0.08 s/eval  best = 4.229356e+04
    [DE]   58400 evals    1.27 h    0.08 s/eval  best = 4.229356e+04
    [DE]   58600 evals    1.27 h    0.08 s/eval  best = 4.229355e+04
    [DE]   58800 evals    1.28 h    0.08 s/eval  best = 4.229355e+04
    [DE]   59000 evals    1.28 h    0.08 s/eval  best = 4.229355e+04
    [DE]   59200 evals    1.28 h    0.08 s/eval  best = 4.229355e+04
    [DE]   59400 evals    1.29 h    0.08 s/eval  best = 4.229355e+04
    [DE]   59600 evals    1.29 h    0.08 s/eval  best = 4.229355e+04
    [DE]   59800 evals    1.30 h    0.08 s/eval  best = 4.229355e+04
    [DE]   60000 evals    1.30 h    0.08 s/eval  best = 4.229355e+04
    [DE]   60200 evals    1.30 h    0.08 s/eval  best = 4.229355e+04
    [DE]   60400 evals    1.31 h    0.08 s/eval  best = 4.229355e+04
    [DE]   60600 evals    1.31 h    0.08 s/eval  best = 4.229355e+04
    [DE]   60800 evals    1.32 h    0.08 s/eval  best = 4.229355e+04
    [DE]   61000 evals    1.32 h    0.08 s/eval  best = 4.229355e+04
    [DE]   61200 evals    1.33 h    0.08 s/eval  best = 4.229355e+04
    [DE]   61400 evals    1.33 h    0.08 s/eval  best = 4.229354e+04
    [DE]   61600 evals    1.33 h    0.08 s/eval  best = 4.229354e+04
    [DE]   61800 evals    1.34 h    0.08 s/eval  best = 4.229354e+04
    [DE]   62000 evals    1.34 h    0.08 s/eval  best = 4.229354e+04
    [DE]   62200 evals    1.35 h    0.08 s/eval  best = 4.229354e+04
    [DE]   62400 evals    1.35 h    0.08 s/eval  best = 4.229354e+04
    [DE]   62600 evals    1.36 h    0.08 s/eval  best = 4.229354e+04
    [DE]   62800 evals    1.36 h    0.08 s/eval  best = 4.229354e+04
    [DE]   63000 evals    1.36 h    0.08 s/eval  best = 4.229354e+04
    [DE]   63200 evals    1.37 h    0.08 s/eval  best = 4.229354e+04
    [DE]   63400 evals    1.37 h    0.08 s/eval  best = 4.229354e+04
    [DE]   63600 evals    1.38 h    0.08 s/eval  best = 4.229354e+04
    [DE]   63800 evals    1.38 h    0.08 s/eval  best = 4.229354e+04
    [DE]   64000 evals    1.39 h    0.08 s/eval  best = 4.229354e+04
    [DE]   64200 evals    1.39 h    0.08 s/eval  best = 4.229354e+04
    [DE]   64400 evals    1.39 h    0.08 s/eval  best = 4.229354e+04
    [DE]   64600 evals    1.40 h    0.08 s/eval  best = 4.229354e+04
    [DE]   64800 evals    1.40 h    0.08 s/eval  best = 4.229353e+04
    [DE]   65000 evals    1.41 h    0.08 s/eval  best = 4.229353e+04
    [DE]   65200 evals    1.41 h    0.08 s/eval  best = 4.229353e+04
    [DE]   65400 evals    1.41 h    0.08 s/eval  best = 4.229353e+04
    [DE]   65600 evals    1.42 h    0.08 s/eval  best = 4.229353e+04
    [DE]   65800 evals    1.42 h    0.08 s/eval  best = 4.229353e+04
    [DE]   66000 evals    1.43 h    0.08 s/eval  best = 4.229353e+04
    [DE]   66200 evals    1.43 h    0.08 s/eval  best = 4.229353e+04
    [DE]   66400 evals    1.44 h    0.08 s/eval  best = 4.229353e+04
    [DE]   66600 evals    1.44 h    0.08 s/eval  best = 4.229353e+04
    [DE]   66800 evals    1.44 h    0.08 s/eval  best = 4.229353e+04
    [DE]   67000 evals    1.45 h    0.08 s/eval  best = 4.229353e+04
    [DE]   67200 evals    1.45 h    0.08 s/eval  best = 4.229353e+04
    [DE]   67400 evals    1.46 h    0.08 s/eval  best = 4.229353e+04
    [DE]   67600 evals    1.46 h    0.08 s/eval  best = 4.229353e+04
    [DE]   67800 evals    1.47 h    0.08 s/eval  best = 4.229353e+04
    [DE]   68000 evals    1.47 h    0.08 s/eval  best = 4.229353e+04
    [DE]   68200 evals    1.47 h    0.08 s/eval  best = 4.229353e+04
    [DE]   68400 evals    1.48 h    0.08 s/eval  best = 4.229353e+04
    [DE]   68600 evals    1.48 h    0.08 s/eval  best = 4.229353e+04
    [DE]   68800 evals    1.49 h    0.08 s/eval  best = 4.229353e+04
    [DE]   69000 evals    1.49 h    0.08 s/eval  best = 4.229353e+04
    [DE]   69200 evals    1.50 h    0.08 s/eval  best = 4.229353e+04
    [DE]   69400 evals    1.50 h    0.08 s/eval  best = 4.229353e+04
    [DE]   69600 evals    1.50 h    0.08 s/eval  best = 4.229353e+04
    [DE]   69800 evals    1.51 h    0.08 s/eval  best = 4.229353e+04
    [DE]   70000 evals    1.51 h    0.08 s/eval  best = 4.229353e+04
    [DE]   70200 evals    1.52 h    0.08 s/eval  best = 4.229353e+04
    [DE]   70400 evals    1.52 h    0.08 s/eval  best = 4.229353e+04
    [DE]   70600 evals    1.53 h    0.08 s/eval  best = 4.229353e+04
    [DE]   70800 evals    1.53 h    0.08 s/eval  best = 4.229353e+04
    [DE]   71000 evals    1.53 h    0.08 s/eval  best = 4.229353e+04
    [DE]   71200 evals    1.54 h    0.08 s/eval  best = 4.229353e+04
    [DE]   71400 evals    1.54 h    0.08 s/eval  best = 4.229353e+04
    [DE]   71600 evals    1.55 h    0.08 s/eval  best = 4.229353e+04
    [DE]   71800 evals    1.55 h    0.08 s/eval  best = 4.229353e+04
    [DE]   72000 evals    1.56 h    0.08 s/eval  best = 4.229353e+04
    [DE]   72200 evals    1.56 h    0.08 s/eval  best = 4.229353e+04
    [DE]   72400 evals    1.57 h    0.08 s/eval  best = 4.229353e+04
    [DE]   72600 evals    1.57 h    0.08 s/eval  best = 4.229353e+04
    [DE]   72800 evals    1.57 h    0.08 s/eval  best = 4.229353e+04
    [DE]   73000 evals    1.58 h    0.08 s/eval  best = 4.229353e+04
    [DE]   73200 evals    1.58 h    0.08 s/eval  best = 4.229353e+04
    [DE]   73400 evals    1.59 h    0.08 s/eval  best = 4.229353e+04
    [DE]   73600 evals    1.59 h    0.08 s/eval  best = 4.229353e+04
    [DE]   73800 evals    1.60 h    0.08 s/eval  best = 4.229353e+04
    [DE]   74000 evals    1.60 h    0.08 s/eval  best = 4.229353e+04
    [DE]   74200 evals    1.60 h    0.08 s/eval  best = 4.229353e+04
    [DE]   74400 evals    1.61 h    0.08 s/eval  best = 4.229353e+04
    [DE]   74600 evals    1.61 h    0.08 s/eval  best = 4.229353e+04
    [DE]   74800 evals    1.62 h    0.08 s/eval  best = 4.229353e+04
    [DE]   75000 evals    1.62 h    0.08 s/eval  best = 4.229353e+04
    [DE]   75200 evals    1.63 h    0.08 s/eval  best = 4.229353e+04
    [DE]   75400 evals    1.63 h    0.08 s/eval  best = 4.229353e+04
    [DE]   75600 evals    1.63 h    0.08 s/eval  best = 4.229353e+04
    [DE]   75800 evals    1.64 h    0.08 s/eval  best = 4.229353e+04
    [DE]   76000 evals    1.64 h    0.08 s/eval  best = 4.229353e+04
    [DE]   76200 evals    1.65 h    0.08 s/eval  best = 4.229353e+04
    [DE]   76400 evals    1.65 h    0.08 s/eval  best = 4.229353e+04
    [DE]   76600 evals    1.66 h    0.08 s/eval  best = 4.229353e+04
    [DE]   76800 evals    1.66 h    0.08 s/eval  best = 4.229353e+04
    [DE]   77000 evals    1.66 h    0.08 s/eval  best = 4.229353e+04
    [DE]   77200 evals    1.67 h    0.08 s/eval  best = 4.229353e+04
    [DE]   77400 evals    1.67 h    0.08 s/eval  best = 4.229353e+04
    [DE]   77600 evals    1.68 h    0.08 s/eval  best = 4.229353e+04
    [DE]   77800 evals    1.68 h    0.08 s/eval  best = 4.229353e+04
    [DE]   78000 evals    1.69 h    0.08 s/eval  best = 4.229353e+04
    [DE]   78200 evals    1.69 h    0.08 s/eval  best = 4.229353e+04
    [DE]   78400 evals    1.69 h    0.08 s/eval  best = 4.229353e+04
    [DE]   78600 evals    1.70 h    0.08 s/eval  best = 4.229353e+04
    [DE]   78800 evals    1.70 h    0.08 s/eval  best = 4.229353e+04
    [DE]   79000 evals    1.71 h    0.08 s/eval  best = 4.229353e+04
    [DE]   79200 evals    1.71 h    0.08 s/eval  best = 4.229353e+04
    [DE]   79400 evals    1.72 h    0.08 s/eval  best = 4.229353e+04
    [DE]   79600 evals    1.72 h    0.08 s/eval  best = 4.229353e+04
    [DE]   79800 evals    1.72 h    0.08 s/eval  best = 4.229353e+04
    [DE]   80000 evals    1.73 h    0.08 s/eval  best = 4.229353e+04
    [DE]   80200 evals    1.73 h    0.08 s/eval  best = 4.229353e+04
    [DE]   80400 evals    1.74 h    0.08 s/eval  best = 4.229353e+04
    [DE]   80600 evals    1.74 h    0.08 s/eval  best = 4.229353e+04
    [DE]   80800 evals    1.75 h    0.08 s/eval  best = 4.229353e+04
    [DE]   81000 evals    1.75 h    0.08 s/eval  best = 4.229353e+04
    [DE]   81200 evals    1.75 h    0.08 s/eval  best = 4.229353e+04
    [DE]   81400 evals    1.76 h    0.08 s/eval  best = 4.229353e+04
    [DE]   81600 evals    1.76 h    0.08 s/eval  best = 4.229353e+04
    [DE]   81800 evals    1.77 h    0.08 s/eval  best = 4.229353e+04
    [DE]   82000 evals    1.77 h    0.08 s/eval  best = 4.229353e+04
    [DE]   82200 evals    1.78 h    0.08 s/eval  best = 4.229353e+04
    [DE]   82400 evals    1.78 h    0.08 s/eval  best = 4.229353e+04
    [DE]   82600 evals    1.78 h    0.08 s/eval  best = 4.229353e+04
    [DE]   82800 evals    1.79 h    0.08 s/eval  best = 4.229353e+04
    [DE]   83000 evals    1.79 h    0.08 s/eval  best = 4.229353e+04
    [DE]   83200 evals    1.80 h    0.08 s/eval  best = 4.229353e+04
    [DE]   83400 evals    1.80 h    0.08 s/eval  best = 4.229353e+04
    [DE]   83600 evals    1.81 h    0.08 s/eval  best = 4.229353e+04
    [DE]   83800 evals    1.81 h    0.08 s/eval  best = 4.229353e+04
    [DE]   84000 evals    1.81 h    0.08 s/eval  best = 4.229353e+04
    [DE]   84200 evals    1.82 h    0.08 s/eval  best = 4.229353e+04
    [DE]   84400 evals    1.82 h    0.08 s/eval  best = 4.229353e+04
    [DE]   84600 evals    1.83 h    0.08 s/eval  best = 4.229353e+04
    [DE]   84800 evals    1.83 h    0.08 s/eval  best = 4.229353e+04
    [DE]   85000 evals    1.84 h    0.08 s/eval  best = 4.229353e+04
[DE] 664 iters, 85120 evals, 1.84 h: ov = 0.0013743573, chi2 = 4.229353e+04 (Optimization terminated successfully.)

=== stage 3: CV climb from the DE point ===
    start overlap = 0.0013743573
Body is not plunging, Fisher should be stable.
waveform shape: (2, 9066408)
Computing SNR for parameters: (np.float64(1467690.3283354903), np.float64(49.69609017045873), np.float64(0.9009792670819501), np.float64(11.819076451818846), 0.0, 1.0, 2.556544793795935, np.float64(2.3794714338467347), np.float64(0.8738043429830413), 0.8, 0.8, np.float64(5.155970838158643), 0.5, 0.5, 0.0, False, False, False, True, np.float64(-0.6532314305256359), 0.0, False, 2.7947094925169876e-05, 8.0, 1e-12, 4.0)
Waveform Generated. SNR: 48.16644040342674
calculating stable deltas...
Time taken to compute stable deltas is 24.25667095184326 seconds
calculating Fisher matrix...
Finished derivatives
Calculated Fisher is not positive semi-definite. Try lowering inspiral error tolerance or increasing the derivative order.
Time taken to compute FM is 2.1450889110565186 seconds
    CV CV2#1 it   0 lam=3.3e-03 ov=0.0013743573 chi2=4.229e+04 rel=4.6e-10
    NM CV2 nfev=993 ov 0.0013744507 -> 0.0000051527 (accepted=False)
Body is not plunging, Fisher should be stable.
waveform shape: (2, 9066408)
Computing SNR for parameters: (np.float64(1467690.3282733774), np.float64(49.69609013742871), np.float64(0.9009792666168414), np.float64(11.819076451660598), 0.0, 1.0, 2.556544793795935, np.float64(2.3794819954349897), np.float64(0.8737903251454424), 0.8, 0.8, np.float64(5.1559768317256225), 0.5, 0.5, 0.0, False, False, False, True, np.float64(-0.6532563351509866), 0.0, False, 2.7947094925169876e-05, 8.0, 1e-12, 4.0)
Waveform Generated. SNR: 48.166459005248015
calculating stable deltas...
Time taken to compute stable deltas is 24.254496335983276 seconds
calculating Fisher matrix...
Finished derivatives
Calculated Fisher is not positive semi-definite. Try lowering inspiral error tolerance or increasing the derivative order.
Time taken to compute FM is 2.146782398223877 seconds
    CV CV2#2 it   0 lam=6.5e-03 ov=0.0013744507 chi2=4.229e+04 rel=2.6e-10
[stage] CV climb   ov = 0.0013745055  chi2 = 4.229353e+04  1.8 min
Body is not plunging, Fisher should be stable.
waveform shape: (2, 9066408)
Computing SNR for parameters: (np.float64(1467690.3282166282), np.float64(49.696090105714866), np.float64(0.9009792661276609), np.float64(11.819076451515862), 0.0, 1.0, 2.556544793795935, np.float64(2.379487147344465), np.float64(0.8737776221293162), 0.8, 0.8, np.float64(5.15597636900081), 0.5, 0.5, 0.0, False, False, False, True, np.float64(-0.6532844601213103), 0.0, False, 2.7947094925169876e-05, 8.0, 1e-12, 4.0)
Waveform Generated. SNR: 48.16646989726257
calculating stable deltas...
Time taken to compute stable deltas is 24.248072147369385 seconds
calculating Fisher matrix...
Finished derivatives
Calculated Fisher is *atleast* positive-definite.
Time taken to compute FM is 2.143758773803711 seconds
[FISH] 0PA+PN final: cond = 1.272e+21, 27.7 s

    param           injected            CV step                 DE           CV climb        sigma    b/sigma
       m1        1455577.861        1455577.861        1467690.328        1467690.328   3.6536e+04    +0.3315
       m2                 50                 50        49.69609017        49.69609011   8.5881e-01    -0.3539
        a                0.9                0.9       0.9009792671       0.9009792661   2.4021e-03    +0.4077
       p0        11.75215257        11.75215257        11.81907645        11.81907645   2.0095e-01    +0.3330
       qS                0.2                0.2        2.379471434        2.379487147   6.2498e-03  +348.7315
     phiS                0.2                0.2        0.873804343       0.8737776221   8.5616e-03   +78.6972
 Phi_phi0                0.3                0.3        5.155970838        5.155976369   5.0513e-02   -28.2543
      C_p                  0                  0      -0.6532314305      -0.6532844601   3.3015e+02    -0.0020

[done] ov: injected 0.0136147771 -> CV step 0.0136147771 -> DE 0.0013743573 -> CV climb 0.0013745055
[done] population run reached 0.0055180791 (0PA), 0.0055207710 (0PA+PN)
[done] total 1.94 h
[saved] /home/svu/e1583490/EMRI_CV_bias/harder_environmental/results_cv_de_cv_pn_s16.json
