startup
[INFO] use_gpu = True
[cfg] CV controls: overlap_target=0.9999999999, lambda0=0.01, rel_tol=1e-09, recompute_deltas_every=10
[point] no hard_point_16.json: reading the run results
[point] live/16: m1 = 1.455578e+06, p0 = 11.752153, T = 2.872921 yr, dt = 10, d = 2.556545 Gpc, SNR = 200.0000
[point] injected A_PM = 2.794709e-05, n_PM = 8, A_GC = 1.0e-12, n_GC = 4.0
[point] population run reached ov = 0.00551808 (0PA), 0.00552077 (0PA+PN)
[cfg] model = 0PA+PN, parameters = m1, m2, a, p0, qS, phiS, Phi_phi0, C_p
[build] SNR check: 200.000000 (A = 151.2768, E = 130.8256)
    [DELTA] 0PA+PN C_p: steps 3.162e-04 -> 1.000e-05  (mismatch 4.18e-06 -> 4.18e-09, 4 of 45 ladder points in band)
[bounds] C_p: calibrated d_hi = 3.1623e-04 at mismatch 1.0e-05 -> decoherence at |C_p| ~ 1.0000e-01; box = +-1.0000e+00 (10x)

=== stage 1: CV step from the injected point ===
[stage1] skipped: the DE box is centred on the injected point
[stage1] overlap at injection = 0.0136147771

=== stage 2: differential evolution in the Fisher box ===
Body is not plunging, Fisher should be stable.
waveform shape: (2, 9066408)
Computing SNR for parameters: (np.float64(1455577.860685931), np.float64(50.0), np.float64(0.9), np.float64(11.75215257138856), 0.0, 1.0, 2.556544793795935, np.float64(0.2), np.float64(0.2), 0.8, 0.8, np.float64(0.3), 0.5, 0.5, 0.0, False, False, False, True, np.float64(0.0), 0.0, False, 2.7947094925169876e-05, 8.0, 1e-12, 4.0)
Waveform Generated. SNR: 199.92357448148007
calculating stable deltas...
Time taken to compute stable deltas is 28.90995693206787 seconds
calculating Fisher matrix...
Finished derivatives
Calculated Fisher is not positive semi-definite. Try lowering inspiral error tolerance or increasing the derivative order.
Time taken to compute FM is 2.5234222412109375 seconds
[DE] Fisher-based bounds:
         m1: [+1.44691993e+06, +1.46423579e+06]  centre +1.45557786e+06  injected +1.45557786e+06 in 
         m2: [+4.97829211e+01, +5.02170789e+01]  centre +5.00000000e+01  injected +5.00000000e+01 in 
          a: [+8.99230929e-01, +9.00769071e-01]  centre +9.00000000e-01  injected +9.00000000e-01 in 
         p0: [+1.17043497e+01, +1.17999554e+01]  centre +1.17521526e+01  injected +1.17521526e+01 in 
         qS: [+0.00000000e+00, +3.14159265e+00]  centre +2.00000000e-01  injected +2.00000000e-01 in 
       phiS: [+0.00000000e+00, +6.28318531e+00]  centre +2.00000000e-01  injected +2.00000000e-01 in 
   Phi_phi0: [+0.00000000e+00, +6.28318531e+00]  centre +3.00000000e-01  injected +3.00000000e-01 in 
        C_p: [-1.00000000e+00, +1.00000000e+00]  centre +0.00000000e+00  injected +0.00000000e+00 in 
[DE] ndim = 8, maxiter = 2000, popsize = 15, objective = chi2, init = sobol
    [DE]     200 evals    0.01 h    0.09 s/eval  best = 4.314330e+04
    [DE]     400 evals    0.01 h    0.09 s/eval  best = 4.314330e+04
    [DE]     600 evals    0.01 h    0.09 s/eval  best = 4.314330e+04
    [DE]     800 evals    0.02 h    0.09 s/eval  best = 4.305506e+04
    [DE]    1000 evals    0.02 h    0.09 s/eval  best = 4.293006e+04
    [DE]    1200 evals    0.03 h    0.09 s/eval  best = 4.293006e+04
    [DE]    1400 evals    0.03 h    0.09 s/eval  best = 4.290022e+04
    [DE]    1600 evals    0.04 h    0.09 s/eval  best = 4.282180e+04
    [DE]    1800 evals    0.04 h    0.09 s/eval  best = 4.280257e+04
    [DE]    2000 evals    0.05 h    0.08 s/eval  best = 4.275615e+04
    [DE]    2200 evals    0.05 h    0.08 s/eval  best = 4.272604e+04
    [DE]    2400 evals    0.06 h    0.08 s/eval  best = 4.267795e+04
    [DE]    2600 evals    0.06 h    0.08 s/eval  best = 4.267795e+04
    [DE]    2800 evals    0.07 h    0.08 s/eval  best = 4.265857e+04
    [DE]    3000 evals    0.07 h    0.08 s/eval  best = 4.263496e+04
    [DE]    3200 evals    0.07 h    0.08 s/eval  best = 4.263496e+04
    [DE]    3400 evals    0.08 h    0.08 s/eval  best = 4.262356e+04
    [DE]    3600 evals    0.08 h    0.08 s/eval  best = 4.262356e+04
    [DE]    3800 evals    0.09 h    0.08 s/eval  best = 4.261778e+04
    [DE]    4000 evals    0.09 h    0.08 s/eval  best = 4.258772e+04
    [DE]    4200 evals    0.10 h    0.08 s/eval  best = 4.258772e+04
    [DE]    4400 evals    0.10 h    0.08 s/eval  best = 4.258772e+04
    [DE]    4600 evals    0.11 h    0.08 s/eval  best = 4.258772e+04
    [DE]    4800 evals    0.11 h    0.08 s/eval  best = 4.258772e+04
    [DE]    5000 evals    0.11 h    0.08 s/eval  best = 4.258772e+04
    [DE]    5200 evals    0.12 h    0.08 s/eval  best = 4.258772e+04
    [DE]    5400 evals    0.12 h    0.08 s/eval  best = 4.258772e+04
    [DE]    5600 evals    0.13 h    0.08 s/eval  best = 4.258772e+04
    [DE]    5800 evals    0.13 h    0.08 s/eval  best = 4.258772e+04
    [DE]    6000 evals    0.14 h    0.08 s/eval  best = 4.258772e+04
    [DE]    6200 evals    0.14 h    0.08 s/eval  best = 4.258772e+04
    [DE]    6400 evals    0.15 h    0.08 s/eval  best = 4.258772e+04
    [DE]    6600 evals    0.15 h    0.08 s/eval  best = 4.258772e+04
    [DE]    6800 evals    0.15 h    0.08 s/eval  best = 4.258265e+04
    [DE]    7000 evals    0.16 h    0.08 s/eval  best = 4.258265e+04
    [DE]    7200 evals    0.16 h    0.08 s/eval  best = 4.258265e+04
    [DE]    7400 evals    0.17 h    0.08 s/eval  best = 4.258265e+04
    [DE]    7600 evals    0.17 h    0.08 s/eval  best = 4.258265e+04
    [DE]    7800 evals    0.18 h    0.08 s/eval  best = 4.258265e+04
    [DE]    8000 evals    0.18 h    0.08 s/eval  best = 4.258265e+04
    [DE]    8200 evals    0.19 h    0.08 s/eval  best = 4.258265e+04
    [DE]    8400 evals    0.19 h    0.08 s/eval  best = 4.258265e+04
    [DE]    8600 evals    0.19 h    0.08 s/eval  best = 4.258265e+04
    [DE]    8800 evals    0.20 h    0.08 s/eval  best = 4.258265e+04
    [DE]    9000 evals    0.20 h    0.08 s/eval  best = 4.258265e+04
    [DE]    9200 evals    0.21 h    0.08 s/eval  best = 4.258017e+04
    [DE]    9400 evals    0.21 h    0.08 s/eval  best = 4.257847e+04
    [DE]    9600 evals    0.22 h    0.08 s/eval  best = 4.257847e+04
    [DE]    9800 evals    0.22 h    0.08 s/eval  best = 4.257847e+04
    [DE]   10000 evals    0.22 h    0.08 s/eval  best = 4.257847e+04
    [DE]   10200 evals    0.23 h    0.08 s/eval  best = 4.257831e+04
    [DE]   10400 evals    0.23 h    0.08 s/eval  best = 4.257831e+04
    [DE]   10600 evals    0.24 h    0.08 s/eval  best = 4.257831e+04
    [DE]   10800 evals    0.24 h    0.08 s/eval  best = 4.257831e+04
    [DE]   11000 evals    0.25 h    0.08 s/eval  best = 4.257831e+04
    [DE]   11200 evals    0.25 h    0.08 s/eval  best = 4.257782e+04
    [DE]   11400 evals    0.26 h    0.08 s/eval  best = 4.257782e+04
    [DE]   11600 evals    0.26 h    0.08 s/eval  best = 4.257782e+04
    [DE]   11800 evals    0.26 h    0.08 s/eval  best = 4.257782e+04
    [DE]   12000 evals    0.27 h    0.08 s/eval  best = 4.257782e+04
    [DE]   12200 evals    0.27 h    0.08 s/eval  best = 4.257782e+04
    [DE]   12400 evals    0.28 h    0.08 s/eval  best = 4.257782e+04
    [DE]   12600 evals    0.28 h    0.08 s/eval  best = 4.257782e+04
    [DE]   12800 evals    0.29 h    0.08 s/eval  best = 4.257782e+04
    [DE]   13000 evals    0.29 h    0.08 s/eval  best = 4.257782e+04
    [DE]   13200 evals    0.29 h    0.08 s/eval  best = 4.257692e+04
    [DE]   13400 evals    0.30 h    0.08 s/eval  best = 4.257692e+04
    [DE]   13600 evals    0.30 h    0.08 s/eval  best = 4.257692e+04
    [DE]   13800 evals    0.31 h    0.08 s/eval  best = 4.257540e+04
    [DE]   14000 evals    0.31 h    0.08 s/eval  best = 4.257540e+04
    [DE]   14200 evals    0.32 h    0.08 s/eval  best = 4.257540e+04
    [DE]   14400 evals    0.32 h    0.08 s/eval  best = 4.257540e+04
    [DE]   14600 evals    0.33 h    0.08 s/eval  best = 4.257540e+04
    [DE]   14800 evals    0.33 h    0.08 s/eval  best = 4.257540e+04
    [DE]   15000 evals    0.33 h    0.08 s/eval  best = 4.257540e+04
    [DE]   15200 evals    0.34 h    0.08 s/eval  best = 4.257540e+04
    [DE]   15400 evals    0.34 h    0.08 s/eval  best = 4.257223e+04
    [DE]   15600 evals    0.35 h    0.08 s/eval  best = 4.257223e+04
    [DE]   15800 evals    0.35 h    0.08 s/eval  best = 4.257223e+04
    [DE]   16000 evals    0.36 h    0.08 s/eval  best = 4.257223e+04
    [DE]   16200 evals    0.36 h    0.08 s/eval  best = 4.257223e+04
    [DE]   16400 evals    0.37 h    0.08 s/eval  best = 4.257223e+04
    [DE]   16600 evals    0.37 h    0.08 s/eval  best = 4.257223e+04
    [DE]   16800 evals    0.37 h    0.08 s/eval  best = 4.257223e+04
    [DE]   17000 evals    0.38 h    0.08 s/eval  best = 4.257223e+04
    [DE]   17200 evals    0.38 h    0.08 s/eval  best = 4.257223e+04
    [DE]   17400 evals    0.39 h    0.08 s/eval  best = 4.257223e+04
    [DE]   17600 evals    0.39 h    0.08 s/eval  best = 4.257223e+04
    [DE]   17800 evals    0.40 h    0.08 s/eval  best = 4.257223e+04
    [DE]   18000 evals    0.40 h    0.08 s/eval  best = 4.257092e+04
    [DE]   18200 evals    0.41 h    0.08 s/eval  best = 4.257092e+04
    [DE]   18400 evals    0.41 h    0.08 s/eval  best = 4.257092e+04
    [DE]   18600 evals    0.41 h    0.08 s/eval  best = 4.257092e+04
    [DE]   18800 evals    0.42 h    0.08 s/eval  best = 4.257092e+04
    [DE]   19000 evals    0.42 h    0.08 s/eval  best = 4.257092e+04
    [DE]   19200 evals    0.43 h    0.08 s/eval  best = 4.257092e+04
    [DE]   19400 evals    0.43 h    0.08 s/eval  best = 4.257092e+04
    [DE]   19600 evals    0.44 h    0.08 s/eval  best = 4.257092e+04
    [DE]   19800 evals    0.44 h    0.08 s/eval  best = 4.257092e+04
    [DE]   20000 evals    0.44 h    0.08 s/eval  best = 4.257092e+04
    [DE]   20200 evals    0.45 h    0.08 s/eval  best = 4.257092e+04
    [DE]   20400 evals    0.45 h    0.08 s/eval  best = 4.257092e+04
    [DE]   20600 evals    0.46 h    0.08 s/eval  best = 4.257092e+04
    [DE]   20800 evals    0.46 h    0.08 s/eval  best = 4.257092e+04
    [DE]   21000 evals    0.47 h    0.08 s/eval  best = 4.257092e+04
    [DE]   21200 evals    0.47 h    0.08 s/eval  best = 4.257092e+04
    [DE]   21400 evals    0.48 h    0.08 s/eval  best = 4.257092e+04
    [DE]   21600 evals    0.48 h    0.08 s/eval  best = 4.257092e+04
    [DE]   21800 evals    0.48 h    0.08 s/eval  best = 4.257092e+04
    [DE]   22000 evals    0.49 h    0.08 s/eval  best = 4.257092e+04
    [DE]   22200 evals    0.49 h    0.08 s/eval  best = 4.257092e+04
    [DE]   22400 evals    0.50 h    0.08 s/eval  best = 4.257092e+04
    [DE]   22600 evals    0.50 h    0.08 s/eval  best = 4.257092e+04
    [DE]   22800 evals    0.51 h    0.08 s/eval  best = 4.257092e+04
    [DE]   23000 evals    0.51 h    0.08 s/eval  best = 4.257092e+04
    [DE]   23200 evals    0.51 h    0.08 s/eval  best = 4.257092e+04
    [DE]   23400 evals    0.52 h    0.08 s/eval  best = 4.257092e+04
    [DE]   23600 evals    0.52 h    0.08 s/eval  best = 4.257092e+04
    [DE]   23800 evals    0.53 h    0.08 s/eval  best = 4.257092e+04
    [DE]   24000 evals    0.53 h    0.08 s/eval  best = 4.257092e+04
    [DE]   24200 evals    0.54 h    0.08 s/eval  best = 4.257092e+04
    [DE]   24400 evals    0.54 h    0.08 s/eval  best = 4.257092e+04
    [DE]   24600 evals    0.55 h    0.08 s/eval  best = 4.257092e+04
    [DE]   24800 evals    0.55 h    0.08 s/eval  best = 4.257092e+04
    [DE]   25000 evals    0.55 h    0.08 s/eval  best = 4.257092e+04
    [DE]   25200 evals    0.56 h    0.08 s/eval  best = 4.257092e+04
    [DE]   25400 evals    0.56 h    0.08 s/eval  best = 4.257092e+04
    [DE]   25600 evals    0.57 h    0.08 s/eval  best = 4.257092e+04
    [DE]   25800 evals    0.57 h    0.08 s/eval  best = 4.257092e+04
    [DE]   26000 evals    0.58 h    0.08 s/eval  best = 4.257092e+04
    [DE]   26200 evals    0.58 h    0.08 s/eval  best = 4.257092e+04
    [DE]   26400 evals    0.58 h    0.08 s/eval  best = 4.257092e+04
    [DE]   26600 evals    0.59 h    0.08 s/eval  best = 4.257092e+04
    [DE]   26800 evals    0.59 h    0.08 s/eval  best = 4.257046e+04
    [DE]   27000 evals    0.60 h    0.08 s/eval  best = 4.257046e+04
    [DE]   27200 evals    0.60 h    0.08 s/eval  best = 4.257046e+04
    [DE]   27400 evals    0.61 h    0.08 s/eval  best = 4.257046e+04
    [DE]   27600 evals    0.61 h    0.08 s/eval  best = 4.257046e+04
    [DE]   27800 evals    0.61 h    0.08 s/eval  best = 4.257046e+04
    [DE]   28000 evals    0.62 h    0.08 s/eval  best = 4.257046e+04
    [DE]   28200 evals    0.62 h    0.08 s/eval  best = 4.257046e+04
    [DE]   28400 evals    0.63 h    0.08 s/eval  best = 4.257046e+04
    [DE]   28600 evals    0.63 h    0.08 s/eval  best = 4.257046e+04
    [DE]   28800 evals    0.64 h    0.08 s/eval  best = 4.257046e+04
    [DE]   29000 evals    0.64 h    0.08 s/eval  best = 4.257046e+04
    [DE]   29200 evals    0.65 h    0.08 s/eval  best = 4.257046e+04
    [DE]   29400 evals    0.65 h    0.08 s/eval  best = 4.257046e+04
    [DE]   29600 evals    0.65 h    0.08 s/eval  best = 4.257046e+04
    [DE]   29800 evals    0.66 h    0.08 s/eval  best = 4.257046e+04
    [DE]   30000 evals    0.66 h    0.08 s/eval  best = 4.256979e+04
    [DE]   30200 evals    0.67 h    0.08 s/eval  best = 4.256979e+04
    [DE]   30400 evals    0.67 h    0.08 s/eval  best = 4.256979e+04
    [DE]   30600 evals    0.68 h    0.08 s/eval  best = 4.256979e+04
    [DE]   30800 evals    0.68 h    0.08 s/eval  best = 4.256979e+04
    [DE]   31000 evals    0.68 h    0.08 s/eval  best = 4.256979e+04
    [DE]   31200 evals    0.69 h    0.08 s/eval  best = 4.256979e+04
    [DE]   31400 evals    0.69 h    0.08 s/eval  best = 4.256979e+04
    [DE]   31600 evals    0.70 h    0.08 s/eval  best = 4.256972e+04
    [DE]   31800 evals    0.70 h    0.08 s/eval  best = 4.256972e+04
    [DE]   32000 evals    0.71 h    0.08 s/eval  best = 4.256972e+04
    [DE]   32200 evals    0.71 h    0.08 s/eval  best = 4.256972e+04
    [DE]   32400 evals    0.71 h    0.08 s/eval  best = 4.256972e+04
    [DE]   32600 evals    0.72 h    0.08 s/eval  best = 4.256972e+04
    [DE]   32800 evals    0.72 h    0.08 s/eval  best = 4.256972e+04
    [DE]   33000 evals    0.73 h    0.08 s/eval  best = 4.256956e+04
    [DE]   33200 evals    0.73 h    0.08 s/eval  best = 4.256956e+04
    [DE]   33400 evals    0.74 h    0.08 s/eval  best = 4.256956e+04
    [DE]   33600 evals    0.74 h    0.08 s/eval  best = 4.256956e+04
    [DE]   33800 evals    0.74 h    0.08 s/eval  best = 4.256956e+04
    [DE]   34000 evals    0.75 h    0.08 s/eval  best = 4.256956e+04
    [DE]   34200 evals    0.75 h    0.08 s/eval  best = 4.256956e+04
    [DE]   34400 evals    0.76 h    0.08 s/eval  best = 4.256956e+04
    [DE]   34600 evals    0.76 h    0.08 s/eval  best = 4.256956e+04
    [DE]   34800 evals    0.77 h    0.08 s/eval  best = 4.256956e+04
    [DE]   35000 evals    0.77 h    0.08 s/eval  best = 4.256956e+04
    [DE]   35200 evals    0.78 h    0.08 s/eval  best = 4.256956e+04
    [DE]   35400 evals    0.78 h    0.08 s/eval  best = 4.256956e+04
    [DE]   35600 evals    0.78 h    0.08 s/eval  best = 4.256956e+04
    [DE]   35800 evals    0.79 h    0.08 s/eval  best = 4.256956e+04
    [DE]   36000 evals    0.79 h    0.08 s/eval  best = 4.256956e+04
    [DE]   36200 evals    0.80 h    0.08 s/eval  best = 4.256956e+04
    [DE]   36400 evals    0.80 h    0.08 s/eval  best = 4.256956e+04
    [DE]   36600 evals    0.81 h    0.08 s/eval  best = 4.256956e+04
    [DE]   36800 evals    0.81 h    0.08 s/eval  best = 4.256956e+04
    [DE]   37000 evals    0.81 h    0.08 s/eval  best = 4.256956e+04
    [DE]   37200 evals    0.82 h    0.08 s/eval  best = 4.256956e+04
    [DE]   37400 evals    0.82 h    0.08 s/eval  best = 4.256956e+04
    [DE]   37600 evals    0.83 h    0.08 s/eval  best = 4.256956e+04
    [DE]   37800 evals    0.83 h    0.08 s/eval  best = 4.256956e+04
    [DE]   38000 evals    0.84 h    0.08 s/eval  best = 4.256956e+04
    [DE]   38200 evals    0.84 h    0.08 s/eval  best = 4.256956e+04
    [DE]   38400 evals    0.85 h    0.08 s/eval  best = 4.256956e+04
    [DE]   38600 evals    0.85 h    0.08 s/eval  best = 4.256956e+04
    [DE]   38800 evals    0.85 h    0.08 s/eval  best = 4.256956e+04
    [DE]   39000 evals    0.86 h    0.08 s/eval  best = 4.256956e+04
    [DE]   39200 evals    0.86 h    0.08 s/eval  best = 4.256956e+04
    [DE]   39400 evals    0.87 h    0.08 s/eval  best = 4.256956e+04
    [DE]   39600 evals    0.87 h    0.08 s/eval  best = 4.256956e+04
    [DE]   39800 evals    0.88 h    0.08 s/eval  best = 4.256956e+04
    [DE]   40000 evals    0.88 h    0.08 s/eval  best = 4.256956e+04
    [DE]   40200 evals    0.89 h    0.08 s/eval  best = 4.256956e+04
    [DE]   40400 evals    0.89 h    0.08 s/eval  best = 4.256956e+04
    [DE]   40600 evals    0.89 h    0.08 s/eval  best = 4.256956e+04
    [DE]   40800 evals    0.90 h    0.08 s/eval  best = 4.256956e+04
    [DE]   41000 evals    0.90 h    0.08 s/eval  best = 4.256956e+04
    [DE]   41200 evals    0.91 h    0.08 s/eval  best = 4.256956e+04
    [DE]   41400 evals    0.91 h    0.08 s/eval  best = 4.256956e+04
    [DE]   41600 evals    0.92 h    0.08 s/eval  best = 4.256956e+04
    [DE]   41800 evals    0.92 h    0.08 s/eval  best = 4.256956e+04
    [DE]   42000 evals    0.93 h    0.08 s/eval  best = 4.256956e+04
    [DE]   42200 evals    0.93 h    0.08 s/eval  best = 4.256956e+04
    [DE]   42400 evals    0.93 h    0.08 s/eval  best = 4.256956e+04
    [DE]   42600 evals    0.94 h    0.08 s/eval  best = 4.256956e+04
    [DE]   42800 evals    0.94 h    0.08 s/eval  best = 4.256956e+04
    [DE]   43000 evals    0.95 h    0.08 s/eval  best = 4.256956e+04
    [DE]   43200 evals    0.95 h    0.08 s/eval  best = 4.256956e+04
    [DE]   43400 evals    0.96 h    0.08 s/eval  best = 4.256950e+04
    [DE]   43600 evals    0.96 h    0.08 s/eval  best = 4.256950e+04
    [DE]   43800 evals    0.96 h    0.08 s/eval  best = 4.256950e+04
    [DE]   44000 evals    0.97 h    0.08 s/eval  best = 4.256950e+04
    [DE]   44200 evals    0.97 h    0.08 s/eval  best = 4.256950e+04
    [DE]   44400 evals    0.98 h    0.08 s/eval  best = 4.256950e+04
    [DE]   44600 evals    0.98 h    0.08 s/eval  best = 4.256950e+04
    [DE]   44800 evals    0.99 h    0.08 s/eval  best = 4.256950e+04
    [DE]   45000 evals    0.99 h    0.08 s/eval  best = 4.256950e+04
    [DE]   45200 evals    1.00 h    0.08 s/eval  best = 4.256950e+04
    [DE]   45400 evals    1.00 h    0.08 s/eval  best = 4.256950e+04
    [DE]   45600 evals    1.00 h    0.08 s/eval  best = 4.256950e+04
    [DE]   45800 evals    1.01 h    0.08 s/eval  best = 4.256950e+04
    [DE]   46000 evals    1.01 h    0.08 s/eval  best = 4.256950e+04
    [DE]   46200 evals    1.02 h    0.08 s/eval  best = 4.256950e+04
    [DE]   46400 evals    1.02 h    0.08 s/eval  best = 4.256950e+04
    [DE]   46600 evals    1.03 h    0.08 s/eval  best = 4.256950e+04
    [DE]   46800 evals    1.03 h    0.08 s/eval  best = 4.256938e+04
    [DE]   47000 evals    1.03 h    0.08 s/eval  best = 4.256938e+04
    [DE]   47200 evals    1.04 h    0.08 s/eval  best = 4.256938e+04
    [DE]   47400 evals    1.04 h    0.08 s/eval  best = 4.256938e+04
    [DE]   47600 evals    1.05 h    0.08 s/eval  best = 4.256938e+04
    [DE]   47800 evals    1.05 h    0.08 s/eval  best = 4.256938e+04
    [DE]   48000 evals    1.06 h    0.08 s/eval  best = 4.256938e+04
    [DE]   48200 evals    1.06 h    0.08 s/eval  best = 4.256938e+04
    [DE]   48400 evals    1.07 h    0.08 s/eval  best = 4.256938e+04
    [DE]   48600 evals    1.07 h    0.08 s/eval  best = 4.256938e+04
    [DE]   48800 evals    1.07 h    0.08 s/eval  best = 4.256938e+04
    [DE]   49000 evals    1.08 h    0.08 s/eval  best = 4.256938e+04
    [DE]   49200 evals    1.08 h    0.08 s/eval  best = 4.256938e+04
    [DE]   49400 evals    1.09 h    0.08 s/eval  best = 4.256938e+04
    [DE]   49600 evals    1.09 h    0.08 s/eval  best = 4.256938e+04
    [DE]   49800 evals    1.10 h    0.08 s/eval  best = 4.256938e+04
    [DE]   50000 evals    1.10 h    0.08 s/eval  best = 4.256938e+04
    [DE]   50200 evals    1.10 h    0.08 s/eval  best = 4.256938e+04
    [DE]   50400 evals    1.11 h    0.08 s/eval  best = 4.256938e+04
    [DE]   50600 evals    1.11 h    0.08 s/eval  best = 4.256938e+04
    [DE]   50800 evals    1.12 h    0.08 s/eval  best = 4.256938e+04
    [DE]   51000 evals    1.12 h    0.08 s/eval  best = 4.256938e+04
    [DE]   51200 evals    1.13 h    0.08 s/eval  best = 4.256938e+04
    [DE]   51400 evals    1.13 h    0.08 s/eval  best = 4.256938e+04
    [DE]   51600 evals    1.13 h    0.08 s/eval  best = 4.256938e+04
    [DE]   51800 evals    1.14 h    0.08 s/eval  best = 4.256938e+04
    [DE]   52000 evals    1.14 h    0.08 s/eval  best = 4.256938e+04
    [DE]   52200 evals    1.15 h    0.08 s/eval  best = 4.256938e+04
    [DE]   52400 evals    1.15 h    0.08 s/eval  best = 4.256938e+04
    [DE]   52600 evals    1.16 h    0.08 s/eval  best = 4.256938e+04
    [DE]   52800 evals    1.16 h    0.08 s/eval  best = 4.256938e+04
    [DE]   53000 evals    1.17 h    0.08 s/eval  best = 4.256938e+04
    [DE]   53200 evals    1.17 h    0.08 s/eval  best = 4.256938e+04
    [DE]   53400 evals    1.17 h    0.08 s/eval  best = 4.256938e+04
    [DE]   53600 evals    1.18 h    0.08 s/eval  best = 4.256938e+04
    [DE]   53800 evals    1.18 h    0.08 s/eval  best = 4.256938e+04
    [DE]   54000 evals    1.19 h    0.08 s/eval  best = 4.256938e+04
    [DE]   54200 evals    1.19 h    0.08 s/eval  best = 4.256938e+04
    [DE]   54400 evals    1.20 h    0.08 s/eval  best = 4.256938e+04
    [DE]   54600 evals    1.20 h    0.08 s/eval  best = 4.256938e+04
    [DE]   54800 evals    1.20 h    0.08 s/eval  best = 4.256938e+04
    [DE]   55000 evals    1.21 h    0.08 s/eval  best = 4.256938e+04
    [DE]   55200 evals    1.21 h    0.08 s/eval  best = 4.256938e+04
    [DE]   55400 evals    1.22 h    0.08 s/eval  best = 4.256938e+04
    [DE]   55600 evals    1.22 h    0.08 s/eval  best = 4.256938e+04
    [DE]   55800 evals    1.23 h    0.08 s/eval  best = 4.256938e+04
    [DE]   56000 evals    1.23 h    0.08 s/eval  best = 4.256938e+04
    [DE]   56200 evals    1.23 h    0.08 s/eval  best = 4.256938e+04
    [DE]   56400 evals    1.24 h    0.08 s/eval  best = 4.256938e+04
    [DE]   56600 evals    1.24 h    0.08 s/eval  best = 4.256938e+04
    [DE]   56800 evals    1.25 h    0.08 s/eval  best = 4.256938e+04
    [DE]   57000 evals    1.25 h    0.08 s/eval  best = 4.256938e+04
    [DE]   57200 evals    1.26 h    0.08 s/eval  best = 4.256938e+04
    [DE]   57400 evals    1.26 h    0.08 s/eval  best = 4.256938e+04
    [DE]   57600 evals    1.26 h    0.08 s/eval  best = 4.256938e+04
    [DE]   57800 evals    1.27 h    0.08 s/eval  best = 4.256938e+04
    [DE]   58000 evals    1.27 h    0.08 s/eval  best = 4.256933e+04
    [DE]   58200 evals    1.28 h    0.08 s/eval  best = 4.256933e+04
    [DE]   58400 evals    1.28 h    0.08 s/eval  best = 4.256933e+04
    [DE]   58600 evals    1.29 h    0.08 s/eval  best = 4.256933e+04
    [DE]   58800 evals    1.29 h    0.08 s/eval  best = 4.256933e+04
    [DE]   59000 evals    1.29 h    0.08 s/eval  best = 4.256933e+04
    [DE]   59200 evals    1.30 h    0.08 s/eval  best = 4.256933e+04
    [DE]   59400 evals    1.30 h    0.08 s/eval  best = 4.256933e+04
    [DE]   59600 evals    1.31 h    0.08 s/eval  best = 4.256933e+04
    [DE]   59800 evals    1.31 h    0.08 s/eval  best = 4.256933e+04
    [DE]   60000 evals    1.32 h    0.08 s/eval  best = 4.256933e+04
    [DE]   60200 evals    1.32 h    0.08 s/eval  best = 4.256933e+04
    [DE]   60400 evals    1.32 h    0.08 s/eval  best = 4.256933e+04
    [DE]   60600 evals    1.33 h    0.08 s/eval  best = 4.256930e+04
    [DE]   60800 evals    1.33 h    0.08 s/eval  best = 4.256928e+04
    [DE]   61000 evals    1.34 h    0.08 s/eval  best = 4.256921e+04
    [DE]   61200 evals    1.34 h    0.08 s/eval  best = 4.256921e+04
    [DE]   61400 evals    1.35 h    0.08 s/eval  best = 4.256921e+04
    [DE]   61600 evals    1.35 h    0.08 s/eval  best = 4.256921e+04
    [DE]   61800 evals    1.35 h    0.08 s/eval  best = 4.256921e+04
    [DE]   62000 evals    1.36 h    0.08 s/eval  best = 4.256921e+04
    [DE]   62200 evals    1.36 h    0.08 s/eval  best = 4.256921e+04
    [DE]   62400 evals    1.37 h    0.08 s/eval  best = 4.256921e+04
    [DE]   62600 evals    1.37 h    0.08 s/eval  best = 4.256921e+04
    [DE]   62800 evals    1.38 h    0.08 s/eval  best = 4.256921e+04
    [DE]   63000 evals    1.38 h    0.08 s/eval  best = 4.256921e+04
    [DE]   63200 evals    1.38 h    0.08 s/eval  best = 4.256921e+04
    [DE]   63400 evals    1.39 h    0.08 s/eval  best = 4.256921e+04
    [DE]   63600 evals    1.39 h    0.08 s/eval  best = 4.256921e+04
    [DE]   63800 evals    1.40 h    0.08 s/eval  best = 4.256921e+04
    [DE]   64000 evals    1.40 h    0.08 s/eval  best = 4.256921e+04
    [DE]   64200 evals    1.41 h    0.08 s/eval  best = 4.256917e+04
    [DE]   64400 evals    1.41 h    0.08 s/eval  best = 4.256917e+04
    [DE]   64600 evals    1.41 h    0.08 s/eval  best = 4.256917e+04
    [DE]   64800 evals    1.42 h    0.08 s/eval  best = 4.256917e+04
    [DE]   65000 evals    1.42 h    0.08 s/eval  best = 4.256914e+04
    [DE]   65200 evals    1.43 h    0.08 s/eval  best = 4.256914e+04
    [DE]   65400 evals    1.43 h    0.08 s/eval  best = 4.256914e+04
    [DE]   65600 evals    1.44 h    0.08 s/eval  best = 4.256914e+04
    [DE]   65800 evals    1.44 h    0.08 s/eval  best = 4.256914e+04
    [DE]   66000 evals    1.44 h    0.08 s/eval  best = 4.256914e+04
    [DE]   66200 evals    1.45 h    0.08 s/eval  best = 4.256914e+04
    [DE]   66400 evals    1.45 h    0.08 s/eval  best = 4.256914e+04
    [DE]   66600 evals    1.46 h    0.08 s/eval  best = 4.256914e+04
    [DE]   66800 evals    1.46 h    0.08 s/eval  best = 4.256914e+04
    [DE]   67000 evals    1.47 h    0.08 s/eval  best = 4.256914e+04
    [DE]   67200 evals    1.47 h    0.08 s/eval  best = 4.256914e+04
    [DE]   67400 evals    1.47 h    0.08 s/eval  best = 4.256914e+04
    [DE]   67600 evals    1.48 h    0.08 s/eval  best = 4.256914e+04
    [DE]   67800 evals    1.48 h    0.08 s/eval  best = 4.256914e+04
    [DE]   68000 evals    1.49 h    0.08 s/eval  best = 4.256914e+04
    [DE]   68200 evals    1.49 h    0.08 s/eval  best = 4.256914e+04
    [DE]   68400 evals    1.50 h    0.08 s/eval  best = 4.256914e+04
    [DE]   68600 evals    1.50 h    0.08 s/eval  best = 4.256914e+04
    [DE]   68800 evals    1.51 h    0.08 s/eval  best = 4.256914e+04
    [DE]   69000 evals    1.51 h    0.08 s/eval  best = 4.256914e+04
    [DE]   69200 evals    1.51 h    0.08 s/eval  best = 4.256914e+04
    [DE]   69400 evals    1.52 h    0.08 s/eval  best = 4.256914e+04
    [DE]   69600 evals    1.52 h    0.08 s/eval  best = 4.256914e+04
    [DE]   69800 evals    1.53 h    0.08 s/eval  best = 4.256914e+04
    [DE]   70000 evals    1.53 h    0.08 s/eval  best = 4.256914e+04
    [DE]   70200 evals    1.54 h    0.08 s/eval  best = 4.256914e+04
    [DE]   70400 evals    1.54 h    0.08 s/eval  best = 4.256914e+04
    [DE]   70600 evals    1.54 h    0.08 s/eval  best = 4.256914e+04
    [DE]   70800 evals    1.55 h    0.08 s/eval  best = 4.256914e+04
    [DE]   71000 evals    1.55 h    0.08 s/eval  best = 4.256914e+04
    [DE]   71200 evals    1.56 h    0.08 s/eval  best = 4.256914e+04
    [DE]   71400 evals    1.56 h    0.08 s/eval  best = 4.256914e+04
    [DE]   71600 evals    1.57 h    0.08 s/eval  best = 4.256914e+04
    [DE]   71800 evals    1.57 h    0.08 s/eval  best = 4.256914e+04
    [DE]   72000 evals    1.57 h    0.08 s/eval  best = 4.256914e+04
    [DE]   72200 evals    1.58 h    0.08 s/eval  best = 4.256914e+04
    [DE]   72400 evals    1.58 h    0.08 s/eval  best = 4.256914e+04
    [DE]   72600 evals    1.59 h    0.08 s/eval  best = 4.256914e+04
    [DE]   72800 evals    1.59 h    0.08 s/eval  best = 4.256912e+04
    [DE]   73000 evals    1.60 h    0.08 s/eval  best = 4.256912e+04
    [DE]   73200 evals    1.60 h    0.08 s/eval  best = 4.256912e+04
    [DE]   73400 evals    1.60 h    0.08 s/eval  best = 4.256912e+04
    [DE]   73600 evals    1.61 h    0.08 s/eval  best = 4.256912e+04
    [DE]   73800 evals    1.61 h    0.08 s/eval  best = 4.256912e+04
    [DE]   74000 evals    1.62 h    0.08 s/eval  best = 4.256912e+04
    [DE]   74200 evals    1.62 h    0.08 s/eval  best = 4.256912e+04
    [DE]   74400 evals    1.63 h    0.08 s/eval  best = 4.256912e+04
    [DE]   74600 evals    1.63 h    0.08 s/eval  best = 4.256912e+04
    [DE]   74800 evals    1.63 h    0.08 s/eval  best = 4.256912e+04
    [DE]   75000 evals    1.64 h    0.08 s/eval  best = 4.256912e+04
    [DE]   75200 evals    1.64 h    0.08 s/eval  best = 4.256912e+04
    [DE]   75400 evals    1.65 h    0.08 s/eval  best = 4.256912e+04
    [DE]   75600 evals    1.65 h    0.08 s/eval  best = 4.256912e+04
    [DE]   75800 evals    1.66 h    0.08 s/eval  best = 4.256912e+04
    [DE]   76000 evals    1.66 h    0.08 s/eval  best = 4.256912e+04
    [DE]   76200 evals    1.66 h    0.08 s/eval  best = 4.256912e+04
    [DE]   76400 evals    1.67 h    0.08 s/eval  best = 4.256912e+04
    [DE]   76600 evals    1.67 h    0.08 s/eval  best = 4.256912e+04
    [DE]   76800 evals    1.68 h    0.08 s/eval  best = 4.256912e+04
    [DE]   77000 evals    1.68 h    0.08 s/eval  best = 4.256912e+04
    [DE]   77200 evals    1.69 h    0.08 s/eval  best = 4.256912e+04
    [DE]   77400 evals    1.69 h    0.08 s/eval  best = 4.256912e+04
    [DE]   77600 evals    1.69 h    0.08 s/eval  best = 4.256912e+04
    [DE]   77800 evals    1.70 h    0.08 s/eval  best = 4.256912e+04
    [DE]   78000 evals    1.70 h    0.08 s/eval  best = 4.256912e+04
    [DE]   78200 evals    1.71 h    0.08 s/eval  best = 4.256912e+04
    [DE]   78400 evals    1.71 h    0.08 s/eval  best = 4.256912e+04
    [DE]   78600 evals    1.72 h    0.08 s/eval  best = 4.256912e+04
    [DE]   78800 evals    1.72 h    0.08 s/eval  best = 4.256912e+04
    [DE]   79000 evals    1.72 h    0.08 s/eval  best = 4.256912e+04
    [DE]   79200 evals    1.73 h    0.08 s/eval  best = 4.256912e+04
    [DE]   79400 evals    1.73 h    0.08 s/eval  best = 4.256912e+04
    [DE]   79600 evals    1.74 h    0.08 s/eval  best = 4.256912e+04
    [DE]   79800 evals    1.74 h    0.08 s/eval  best = 4.256912e+04
    [DE]   80000 evals    1.75 h    0.08 s/eval  best = 4.256912e+04
    [DE]   80200 evals    1.75 h    0.08 s/eval  best = 4.256912e+04
    [DE]   80400 evals    1.75 h    0.08 s/eval  best = 4.256912e+04
    [DE]   80600 evals    1.76 h    0.08 s/eval  best = 4.256912e+04
    [DE]   80800 evals    1.76 h    0.08 s/eval  best = 4.256912e+04
    [DE]   81000 evals    1.77 h    0.08 s/eval  best = 4.256912e+04
    [DE]   81200 evals    1.77 h    0.08 s/eval  best = 4.256912e+04
    [DE]   81400 evals    1.78 h    0.08 s/eval  best = 4.256912e+04
    [DE]   81600 evals    1.78 h    0.08 s/eval  best = 4.256912e+04
    [DE]   81800 evals    1.78 h    0.08 s/eval  best = 4.256912e+04
    [DE]   82000 evals    1.79 h    0.08 s/eval  best = 4.256912e+04
    [DE]   82200 evals    1.79 h    0.08 s/eval  best = 4.256912e+04
    [DE]   82400 evals    1.80 h    0.08 s/eval  best = 4.256912e+04
    [DE]   82600 evals    1.80 h    0.08 s/eval  best = 4.256912e+04
    [DE]   82800 evals    1.80 h    0.08 s/eval  best = 4.256912e+04
    [DE]   83000 evals    1.81 h    0.08 s/eval  best = 4.256912e+04
    [DE]   83200 evals    1.81 h    0.08 s/eval  best = 4.256912e+04
    [DE]   83400 evals    1.82 h    0.08 s/eval  best = 4.256912e+04
    [DE]   83600 evals    1.82 h    0.08 s/eval  best = 4.256911e+04
    [DE]   83800 evals    1.83 h    0.08 s/eval  best = 4.256911e+04
    [DE]   84000 evals    1.83 h    0.08 s/eval  best = 4.256911e+04
    [DE]   84200 evals    1.83 h    0.08 s/eval  best = 4.256911e+04
    [DE]   84400 evals    1.84 h    0.08 s/eval  best = 4.256911e+04
    [DE]   84600 evals    1.84 h    0.08 s/eval  best = 4.256911e+04
    [DE]   84800 evals    1.85 h    0.08 s/eval  best = 4.256911e+04
    [DE]   85000 evals    1.85 h    0.08 s/eval  best = 4.256911e+04
    [DE]   85200 evals    1.86 h    0.08 s/eval  best = 4.256911e+04
    [DE]   85400 evals    1.86 h    0.08 s/eval  best = 4.256911e+04
    [DE]   85600 evals    1.86 h    0.08 s/eval  best = 4.256911e+04
    [DE]   85800 evals    1.87 h    0.08 s/eval  best = 4.256911e+04
    [DE]   86000 evals    1.87 h    0.08 s/eval  best = 4.256911e+04
    [DE]   86200 evals    1.88 h    0.08 s/eval  best = 4.256911e+04
    [DE]   86400 evals    1.88 h    0.08 s/eval  best = 4.256911e+04
    [DE]   86600 evals    1.89 h    0.08 s/eval  best = 4.256911e+04
    [DE]   86800 evals    1.89 h    0.08 s/eval  best = 4.256911e+04
    [DE]   87000 evals    1.89 h    0.08 s/eval  best = 4.256911e+04
    [DE]   87200 evals    1.90 h    0.08 s/eval  best = 4.256911e+04
    [DE]   87400 evals    1.90 h    0.08 s/eval  best = 4.256911e+04
    [DE]   87600 evals    1.91 h    0.08 s/eval  best = 4.256911e+04
    [DE]   87800 evals    1.91 h    0.08 s/eval  best = 4.256911e+04
    [DE]   88000 evals    1.92 h    0.08 s/eval  best = 4.256911e+04
    [DE]   88200 evals    1.92 h    0.08 s/eval  best = 4.256911e+04
    [DE]   88400 evals    1.92 h    0.08 s/eval  best = 4.256911e+04
    [DE]   88600 evals    1.93 h    0.08 s/eval  best = 4.256911e+04
    [DE]   88800 evals    1.93 h    0.08 s/eval  best = 4.256911e+04
    [DE]   89000 evals    1.94 h    0.08 s/eval  best = 4.256911e+04
    [DE]   89200 evals    1.94 h    0.08 s/eval  best = 4.256911e+04
    [DE]   89400 evals    1.95 h    0.08 s/eval  best = 4.256910e+04
    [DE]   89600 evals    1.95 h    0.08 s/eval  best = 4.256910e+04
    [DE]   89800 evals    1.95 h    0.08 s/eval  best = 4.256910e+04
    [DE]   90000 evals    1.96 h    0.08 s/eval  best = 4.256910e+04
    [DE]   90200 evals    1.96 h    0.08 s/eval  best = 4.256910e+04
    [DE]   90400 evals    1.97 h    0.08 s/eval  best = 4.256910e+04
    [DE]   90600 evals    1.97 h    0.08 s/eval  best = 4.256910e+04
    [DE]   90800 evals    1.98 h    0.08 s/eval  best = 4.256910e+04
    [DE]   91000 evals    1.98 h    0.08 s/eval  best = 4.256910e+04
    [DE]   91200 evals    1.98 h    0.08 s/eval  best = 4.256910e+04
    [DE]   91400 evals    1.99 h    0.08 s/eval  best = 4.256910e+04
    [DE]   91600 evals    1.99 h    0.08 s/eval  best = 4.256909e+04
    [DE]   91800 evals    2.00 h    0.08 s/eval  best = 4.256909e+04
    [DE]   92000 evals    2.00 h    0.08 s/eval  best = 4.256909e+04
    [DE]   92200 evals    2.01 h    0.08 s/eval  best = 4.256909e+04
    [DE]   92400 evals    2.01 h    0.08 s/eval  best = 4.256909e+04
    [DE]   92600 evals    2.01 h    0.08 s/eval  best = 4.256909e+04
    [DE]   92800 evals    2.02 h    0.08 s/eval  best = 4.256909e+04
    [DE]   93000 evals    2.02 h    0.08 s/eval  best = 4.256909e+04
    [DE]   93200 evals    2.03 h    0.08 s/eval  best = 4.256909e+04
    [DE]   93400 evals    2.03 h    0.08 s/eval  best = 4.256909e+04
    [DE]   93600 evals    2.04 h    0.08 s/eval  best = 4.256909e+04
    [DE]   93800 evals    2.04 h    0.08 s/eval  best = 4.256909e+04
    [DE]   94000 evals    2.04 h    0.08 s/eval  best = 4.256909e+04
    [DE]   94200 evals    2.05 h    0.08 s/eval  best = 4.256909e+04
    [DE]   94400 evals    2.05 h    0.08 s/eval  best = 4.256909e+04
    [DE]   94600 evals    2.06 h    0.08 s/eval  best = 4.256909e+04
    [DE]   94800 evals    2.06 h    0.08 s/eval  best = 4.256909e+04
    [DE]   95000 evals    2.07 h    0.08 s/eval  best = 4.256909e+04
    [DE]   95200 evals    2.07 h    0.08 s/eval  best = 4.256909e+04
    [DE]   95400 evals    2.08 h    0.08 s/eval  best = 4.256909e+04
    [DE]   95600 evals    2.08 h    0.08 s/eval  best = 4.256909e+04
    [DE]   95800 evals    2.08 h    0.08 s/eval  best = 4.256909e+04
    [DE]   96000 evals    2.09 h    0.08 s/eval  best = 4.256909e+04
    [DE]   96200 evals    2.09 h    0.08 s/eval  best = 4.256909e+04
    [DE]   96400 evals    2.10 h    0.08 s/eval  best = 4.256909e+04
    [DE]   96600 evals    2.10 h    0.08 s/eval  best = 4.256909e+04
    [DE]   96800 evals    2.11 h    0.08 s/eval  best = 4.256909e+04
    [DE]   97000 evals    2.11 h    0.08 s/eval  best = 4.256909e+04
    [DE]   97200 evals    2.11 h    0.08 s/eval  best = 4.256909e+04
    [DE]   97400 evals    2.12 h    0.08 s/eval  best = 4.256909e+04
    [DE]   97600 evals    2.12 h    0.08 s/eval  best = 4.256909e+04
    [DE]   97800 evals    2.13 h    0.08 s/eval  best = 4.256909e+04
    [DE]   98000 evals    2.13 h    0.08 s/eval  best = 4.256909e+04
    [DE]   98200 evals    2.14 h    0.08 s/eval  best = 4.256909e+04
    [DE]   98400 evals    2.14 h    0.08 s/eval  best = 4.256909e+04
    [DE]   98600 evals    2.14 h    0.08 s/eval  best = 4.256909e+04
    [DE]   98800 evals    2.15 h    0.08 s/eval  best = 4.256909e+04
    [DE]   99000 evals    2.15 h    0.08 s/eval  best = 4.256909e+04
    [DE]   99200 evals    2.16 h    0.08 s/eval  best = 4.256909e+04
    [DE]   99400 evals    2.16 h    0.08 s/eval  best = 4.256909e+04
    [DE]   99600 evals    2.17 h    0.08 s/eval  best = 4.256909e+04
    [DE]   99800 evals    2.17 h    0.08 s/eval  best = 4.256909e+04
    [DE]  100000 evals    2.17 h    0.08 s/eval  best = 4.256909e+04
    [DE]  100200 evals    2.18 h    0.08 s/eval  best = 4.256909e+04
    [DE]  100400 evals    2.18 h    0.08 s/eval  best = 4.256909e+04
    [DE]  100600 evals    2.19 h    0.08 s/eval  best = 4.256909e+04
    [DE]  100800 evals    2.19 h    0.08 s/eval  best = 4.256909e+04
    [DE]  101000 evals    2.20 h    0.08 s/eval  best = 4.256909e+04
    [DE]  101200 evals    2.20 h    0.08 s/eval  best = 4.256909e+04
    [DE]  101400 evals    2.21 h    0.08 s/eval  best = 4.256909e+04
    [DE]  101600 evals    2.21 h    0.08 s/eval  best = 4.256909e+04
    [DE]  101800 evals    2.21 h    0.08 s/eval  best = 4.256909e+04
    [DE]  102000 evals    2.22 h    0.08 s/eval  best = 4.256909e+04
    [DE]  102200 evals    2.22 h    0.08 s/eval  best = 4.256909e+04
    [DE]  102400 evals    2.23 h    0.08 s/eval  best = 4.256909e+04
    [DE]  102600 evals    2.23 h    0.08 s/eval  best = 4.256909e+04
    [DE]  102800 evals    2.24 h    0.08 s/eval  best = 4.256909e+04
    [DE]  103000 evals    2.24 h    0.08 s/eval  best = 4.256909e+04
    [DE]  103200 evals    2.24 h    0.08 s/eval  best = 4.256909e+04
    [DE]  103400 evals    2.25 h    0.08 s/eval  best = 4.256909e+04
    [DE]  103600 evals    2.25 h    0.08 s/eval  best = 4.256909e+04
    [DE]  103800 evals    2.26 h    0.08 s/eval  best = 4.256909e+04
    [DE]  104000 evals    2.26 h    0.08 s/eval  best = 4.256909e+04
    [DE]  104200 evals    2.27 h    0.08 s/eval  best = 4.256909e+04
    [DE]  104400 evals    2.27 h    0.08 s/eval  best = 4.256909e+04
    [DE]  104600 evals    2.27 h    0.08 s/eval  best = 4.256909e+04
    [DE]  104800 evals    2.28 h    0.08 s/eval  best = 4.256909e+04
    [DE]  105000 evals    2.28 h    0.08 s/eval  best = 4.256909e+04
    [DE]  105200 evals    2.29 h    0.08 s/eval  best = 4.256909e+04
    [DE]  105400 evals    2.29 h    0.08 s/eval  best = 4.256909e+04
    [DE]  105600 evals    2.30 h    0.08 s/eval  best = 4.256909e+04
    [DE]  105800 evals    2.30 h    0.08 s/eval  best = 4.256909e+04
    [DE]  106000 evals    2.31 h    0.08 s/eval  best = 4.256909e+04
    [DE]  106200 evals    2.31 h    0.08 s/eval  best = 4.256909e+04
    [DE]  106400 evals    2.31 h    0.08 s/eval  best = 4.256909e+04
    [DE]  106600 evals    2.32 h    0.08 s/eval  best = 4.256909e+04
    [DE]  106800 evals    2.32 h    0.08 s/eval  best = 4.256909e+04
    [DE]  107000 evals    2.33 h    0.08 s/eval  best = 4.256909e+04
    [DE]  107200 evals    2.33 h    0.08 s/eval  best = 4.256909e+04
    [DE]  107400 evals    2.34 h    0.08 s/eval  best = 4.256909e+04
    [DE]  107600 evals    2.34 h    0.08 s/eval  best = 4.256909e+04
    [DE]  107800 evals    2.34 h    0.08 s/eval  best = 4.256909e+04
    [DE]  108000 evals    2.35 h    0.08 s/eval  best = 4.256909e+04
    [DE]  108200 evals    2.35 h    0.08 s/eval  best = 4.256909e+04
    [DE]  108400 evals    2.36 h    0.08 s/eval  best = 4.256909e+04
    [DE]  108600 evals    2.36 h    0.08 s/eval  best = 4.256909e+04
    [DE]  108800 evals    2.37 h    0.08 s/eval  best = 4.256909e+04
    [DE]  109000 evals    2.37 h    0.08 s/eval  best = 4.256909e+04
    [DE]  109200 evals    2.38 h    0.08 s/eval  best = 4.256909e+04
    [DE]  109400 evals    2.38 h    0.08 s/eval  best = 4.256909e+04
    [DE]  109600 evals    2.38 h    0.08 s/eval  best = 4.256909e+04
    [DE]  109800 evals    2.39 h    0.08 s/eval  best = 4.256909e+04
    [DE]  110000 evals    2.39 h    0.08 s/eval  best = 4.256909e+04
    [DE]  110200 evals    2.40 h    0.08 s/eval  best = 4.256909e+04
    [DE]  110400 evals    2.40 h    0.08 s/eval  best = 4.256909e+04
    [DE]  110600 evals    2.41 h    0.08 s/eval  best = 4.256909e+04
    [DE]  110800 evals    2.41 h    0.08 s/eval  best = 4.256909e+04
    [DE]  111000 evals    2.41 h    0.08 s/eval  best = 4.256909e+04
    [DE]  111200 evals    2.42 h    0.08 s/eval  best = 4.256909e+04
    [DE]  111400 evals    2.42 h    0.08 s/eval  best = 4.256909e+04
    [DE]  111600 evals    2.43 h    0.08 s/eval  best = 4.256909e+04
    [DE]  111800 evals    2.43 h    0.08 s/eval  best = 4.256909e+04
    [DE]  112000 evals    2.44 h    0.08 s/eval  best = 4.256909e+04
    [DE]  112200 evals    2.44 h    0.08 s/eval  best = 4.256909e+04
    [DE]  112400 evals    2.44 h    0.08 s/eval  best = 4.256909e+04
    [DE]  112600 evals    2.45 h    0.08 s/eval  best = 4.256909e+04
    [DE]  112800 evals    2.45 h    0.08 s/eval  best = 4.256909e+04
    [DE]  113000 evals    2.46 h    0.08 s/eval  best = 4.256909e+04
    [DE]  113200 evals    2.46 h    0.08 s/eval  best = 4.256909e+04
    [DE]  113400 evals    2.47 h    0.08 s/eval  best = 4.256909e+04
    [DE]  113600 evals    2.47 h    0.08 s/eval  best = 4.256909e+04
    [DE]  113800 evals    2.48 h    0.08 s/eval  best = 4.256909e+04
    [DE]  114000 evals    2.48 h    0.08 s/eval  best = 4.256909e+04
    [DE]  114200 evals    2.48 h    0.08 s/eval  best = 4.256909e+04
    [DE]  114400 evals    2.49 h    0.08 s/eval  best = 4.256909e+04
    [DE]  114600 evals    2.49 h    0.08 s/eval  best = 4.256909e+04
    [DE]  114800 evals    2.50 h    0.08 s/eval  best = 4.256909e+04
    [DE]  115000 evals    2.50 h    0.08 s/eval  best = 4.256909e+04
    [DE]  115200 evals    2.51 h    0.08 s/eval  best = 4.256908e+04
    [DE]  115400 evals    2.51 h    0.08 s/eval  best = 4.256908e+04
    [DE]  115600 evals    2.51 h    0.08 s/eval  best = 4.256908e+04
    [DE]  115800 evals    2.52 h    0.08 s/eval  best = 4.256908e+04
    [DE]  116000 evals    2.52 h    0.08 s/eval  best = 4.256908e+04
    [DE]  116200 evals    2.53 h    0.08 s/eval  best = 4.256908e+04
    [DE]  116400 evals    2.53 h    0.08 s/eval  best = 4.256908e+04
    [DE]  116600 evals    2.54 h    0.08 s/eval  best = 4.256908e+04
    [DE]  116800 evals    2.54 h    0.08 s/eval  best = 4.256908e+04
    [DE]  117000 evals    2.55 h    0.08 s/eval  best = 4.256908e+04
    [DE]  117200 evals    2.55 h    0.08 s/eval  best = 4.256908e+04
    [DE]  117400 evals    2.55 h    0.08 s/eval  best = 4.256908e+04
    [DE]  117600 evals    2.56 h    0.08 s/eval  best = 4.256908e+04
    [DE]  117800 evals    2.56 h    0.08 s/eval  best = 4.256908e+04
    [DE]  118000 evals    2.57 h    0.08 s/eval  best = 4.256908e+04
    [DE]  118200 evals    2.57 h    0.08 s/eval  best = 4.256908e+04
    [DE]  118400 evals    2.58 h    0.08 s/eval  best = 4.256908e+04
    [DE]  118600 evals    2.58 h    0.08 s/eval  best = 4.256908e+04
    [DE]  118800 evals    2.58 h    0.08 s/eval  best = 4.256908e+04
    [DE]  119000 evals    2.59 h    0.08 s/eval  best = 4.256908e+04
    [DE]  119200 evals    2.59 h    0.08 s/eval  best = 4.256908e+04
    [DE]  119400 evals    2.60 h    0.08 s/eval  best = 4.256908e+04
    [DE]  119600 evals    2.60 h    0.08 s/eval  best = 4.256908e+04
    [DE]  119800 evals    2.61 h    0.08 s/eval  best = 4.256908e+04
    [DE]  120000 evals    2.61 h    0.08 s/eval  best = 4.256908e+04
    [DE]  120200 evals    2.61 h    0.08 s/eval  best = 4.256908e+04
    [DE]  120400 evals    2.62 h    0.08 s/eval  best = 4.256908e+04
    [DE]  120600 evals    2.62 h    0.08 s/eval  best = 4.256908e+04
    [DE]  120800 evals    2.63 h    0.08 s/eval  best = 4.256908e+04
    [DE]  121000 evals    2.63 h    0.08 s/eval  best = 4.256908e+04
    [DE]  121200 evals    2.64 h    0.08 s/eval  best = 4.256908e+04
    [DE]  121400 evals    2.64 h    0.08 s/eval  best = 4.256908e+04
    [DE]  121600 evals    2.65 h    0.08 s/eval  best = 4.256908e+04
    [DE]  121800 evals    2.65 h    0.08 s/eval  best = 4.256908e+04
    [DE]  122000 evals    2.65 h    0.08 s/eval  best = 4.256908e+04
    [DE]  122200 evals    2.66 h    0.08 s/eval  best = 4.256908e+04
    [DE]  122400 evals    2.66 h    0.08 s/eval  best = 4.256908e+04
    [DE]  122600 evals    2.67 h    0.08 s/eval  best = 4.256908e+04
    [DE]  122800 evals    2.67 h    0.08 s/eval  best = 4.256908e+04
    [DE]  123000 evals    2.68 h    0.08 s/eval  best = 4.256908e+04
    [DE]  123200 evals    2.68 h    0.08 s/eval  best = 4.256908e+04
    [DE]  123400 evals    2.68 h    0.08 s/eval  best = 4.256908e+04
    [DE]  123600 evals    2.69 h    0.08 s/eval  best = 4.256908e+04
    [DE]  123800 evals    2.69 h    0.08 s/eval  best = 4.256908e+04
    [DE]  124000 evals    2.70 h    0.08 s/eval  best = 4.256908e+04
    [DE]  124200 evals    2.70 h    0.08 s/eval  best = 4.256908e+04
    [DE]  124400 evals    2.71 h    0.08 s/eval  best = 4.256908e+04
    [DE]  124600 evals    2.71 h    0.08 s/eval  best = 4.256908e+04
    [DE]  124800 evals    2.71 h    0.08 s/eval  best = 4.256908e+04
    [DE]  125000 evals    2.72 h    0.08 s/eval  best = 4.256908e+04
    [DE]  125200 evals    2.72 h    0.08 s/eval  best = 4.256908e+04
    [DE]  125400 evals    2.73 h    0.08 s/eval  best = 4.256908e+04
    [DE]  125600 evals    2.73 h    0.08 s/eval  best = 4.256908e+04
    [DE]  125800 evals    2.74 h    0.08 s/eval  best = 4.256908e+04
    [DE]  126000 evals    2.74 h    0.08 s/eval  best = 4.256908e+04
    [DE]  126200 evals    2.74 h    0.08 s/eval  best = 4.256908e+04
    [DE]  126400 evals    2.75 h    0.08 s/eval  best = 4.256908e+04
    [DE]  126600 evals    2.75 h    0.08 s/eval  best = 4.256908e+04
    [DE]  126800 evals    2.76 h    0.08 s/eval  best = 4.256908e+04
    [DE]  127000 evals    2.76 h    0.08 s/eval  best = 4.256908e+04
    [DE]  127200 evals    2.77 h    0.08 s/eval  best = 4.256908e+04
    [DE]  127400 evals    2.77 h    0.08 s/eval  best = 4.256908e+04
    [DE]  127600 evals    2.77 h    0.08 s/eval  best = 4.256908e+04
    [DE]  127800 evals    2.78 h    0.08 s/eval  best = 4.256908e+04
    [DE]  128000 evals    2.78 h    0.08 s/eval  best = 4.256908e+04
    [DE]  128200 evals    2.79 h    0.08 s/eval  best = 4.256908e+04
    [DE]  128400 evals    2.79 h    0.08 s/eval  best = 4.256908e+04
    [DE]  128600 evals    2.80 h    0.08 s/eval  best = 4.256908e+04
    [DE]  128800 evals    2.80 h    0.08 s/eval  best = 4.256908e+04
    [DE]  129000 evals    2.81 h    0.08 s/eval  best = 4.256908e+04
    [DE]  129200 evals    2.81 h    0.08 s/eval  best = 4.256908e+04
    [DE]  129400 evals    2.81 h    0.08 s/eval  best = 4.256908e+04
    [DE]  129600 evals    2.82 h    0.08 s/eval  best = 4.256908e+04
    [DE]  129800 evals    2.82 h    0.08 s/eval  best = 4.256908e+04
    [DE]  130000 evals    2.83 h    0.08 s/eval  best = 4.256908e+04
    [DE]  130200 evals    2.83 h    0.08 s/eval  best = 4.256908e+04
    [DE]  130400 evals    2.84 h    0.08 s/eval  best = 4.256908e+04
    [DE]  130600 evals    2.84 h    0.08 s/eval  best = 4.256908e+04
    [DE]  130800 evals    2.84 h    0.08 s/eval  best = 4.256908e+04
    [DE]  131000 evals    2.85 h    0.08 s/eval  best = 4.256908e+04
    [DE]  131200 evals    2.85 h    0.08 s/eval  best = 4.256908e+04
    [DE]  131400 evals    2.86 h    0.08 s/eval  best = 4.256908e+04
    [DE]  131600 evals    2.86 h    0.08 s/eval  best = 4.256908e+04
    [DE]  131800 evals    2.87 h    0.08 s/eval  best = 4.256908e+04
    [DE]  132000 evals    2.87 h    0.08 s/eval  best = 4.256908e+04
    [DE]  132200 evals    2.88 h    0.08 s/eval  best = 4.256908e+04
    [DE]  132400 evals    2.88 h    0.08 s/eval  best = 4.256908e+04
    [DE]  132600 evals    2.88 h    0.08 s/eval  best = 4.256908e+04
    [DE]  132800 evals    2.89 h    0.08 s/eval  best = 4.256908e+04
    [DE]  133000 evals    2.89 h    0.08 s/eval  best = 4.256908e+04
    [DE]  133200 evals    2.90 h    0.08 s/eval  best = 4.256908e+04
    [DE]  133400 evals    2.90 h    0.08 s/eval  best = 4.256908e+04
    [DE]  133600 evals    2.91 h    0.08 s/eval  best = 4.256908e+04
    [DE]  133800 evals    2.91 h    0.08 s/eval  best = 4.256908e+04
    [DE]  134000 evals    2.92 h    0.08 s/eval  best = 4.256908e+04
    [DE]  134200 evals    2.92 h    0.08 s/eval  best = 4.256908e+04
    [DE]  134400 evals    2.92 h    0.08 s/eval  best = 4.256908e+04
    [DE]  134600 evals    2.93 h    0.08 s/eval  best = 4.256908e+04
    [DE]  134800 evals    2.93 h    0.08 s/eval  best = 4.256908e+04
    [DE]  135000 evals    2.94 h    0.08 s/eval  best = 4.256908e+04
    [DE]  135200 evals    2.94 h    0.08 s/eval  best = 4.256908e+04
    [DE]  135400 evals    2.95 h    0.08 s/eval  best = 4.256908e+04
    [DE]  135600 evals    2.95 h    0.08 s/eval  best = 4.256908e+04
    [DE]  135800 evals    2.95 h    0.08 s/eval  best = 4.256908e+04
    [DE]  136000 evals    2.96 h    0.08 s/eval  best = 4.256908e+04
    [DE]  136200 evals    2.96 h    0.08 s/eval  best = 4.256908e+04
    [DE]  136400 evals    2.97 h    0.08 s/eval  best = 4.256908e+04
    [DE]  136600 evals    2.97 h    0.08 s/eval  best = 4.256908e+04
    [DE]  136800 evals    2.98 h    0.08 s/eval  best = 4.256908e+04
    [DE]  137000 evals    2.98 h    0.08 s/eval  best = 4.256908e+04
    [DE]  137200 evals    2.98 h    0.08 s/eval  best = 4.256908e+04
    [DE]  137400 evals    2.99 h    0.08 s/eval  best = 4.256908e+04
    [DE]  137600 evals    2.99 h    0.08 s/eval  best = 4.256908e+04
    [DE]  137800 evals    3.00 h    0.08 s/eval  best = 4.256908e+04
    [DE]  138000 evals    3.00 h    0.08 s/eval  best = 4.256908e+04
    [DE]  138200 evals    3.01 h    0.08 s/eval  best = 4.256908e+04
    [DE]  138400 evals    3.01 h    0.08 s/eval  best = 4.256908e+04
    [DE]  138600 evals    3.01 h    0.08 s/eval  best = 4.256908e+04
    [DE]  138800 evals    3.02 h    0.08 s/eval  best = 4.256908e+04
    [DE]  139000 evals    3.02 h    0.08 s/eval  best = 4.256908e+04
    [DE]  139200 evals    3.03 h    0.08 s/eval  best = 4.256908e+04
    [DE]  139400 evals    3.03 h    0.08 s/eval  best = 4.256908e+04
    [DE]  139600 evals    3.04 h    0.08 s/eval  best = 4.256908e+04
    [DE]  139800 evals    3.04 h    0.08 s/eval  best = 4.256908e+04
    [DE]  140000 evals    3.04 h    0.08 s/eval  best = 4.256908e+04
    [DE]  140200 evals    3.05 h    0.08 s/eval  best = 4.256908e+04
    [DE]  140400 evals    3.05 h    0.08 s/eval  best = 4.256908e+04
    [DE]  140600 evals    3.06 h    0.08 s/eval  best = 4.256908e+04
    [DE]  140800 evals    3.06 h    0.08 s/eval  best = 4.256908e+04
    [DE]  141000 evals    3.07 h    0.08 s/eval  best = 4.256908e+04
    [DE]  141200 evals    3.07 h    0.08 s/eval  best = 4.256908e+04
    [DE]  141400 evals    3.07 h    0.08 s/eval  best = 4.256908e+04
    [DE]  141600 evals    3.08 h    0.08 s/eval  best = 4.256908e+04
    [DE]  141800 evals    3.08 h    0.08 s/eval  best = 4.256908e+04
    [DE]  142000 evals    3.09 h    0.08 s/eval  best = 4.256908e+04
    [DE]  142200 evals    3.09 h    0.08 s/eval  best = 4.256908e+04
    [DE]  142400 evals    3.10 h    0.08 s/eval  best = 4.256908e+04
    [DE]  142600 evals    3.10 h    0.08 s/eval  best = 4.256908e+04
[DE] 1114 iters, 142720 evals, 3.10 h: ov = 0.0018772081, chi2 = 4.256908e+04 (Optimization terminated successfully.)

=== stage 3: CV climb from the DE point ===
    start overlap = 0.0018772081
Body is not plunging, Fisher should be stable.
waveform shape: (2, 9066408)
Computing SNR for parameters: (np.float64(1464219.9905139336), np.float64(49.7829216020357), np.float64(0.9006768663805662), np.float64(11.799955382673595), 0.0, 1.0, 2.556544793795935, np.float64(0.7716566001002358), np.float64(4.032766919217667), 0.8, 0.8, np.float64(0.20529090514686166), 0.5, 0.5, 0.0, False, False, False, True, np.float64(0.984695826062365), 0.0, False, 2.7947094925169876e-05, 8.0, 1e-12, 4.0)
Waveform Generated. SNR: 51.06294804055693
calculating stable deltas...
Time taken to compute stable deltas is 24.603381872177124 seconds
calculating Fisher matrix...
Finished derivatives
Calculated Fisher is *atleast* positive-definite.
Time taken to compute FM is 2.173703908920288 seconds
    CV CV2#1 it   0 lam=1.1e+05 ov=0.0018772081 chi2=4.257e+04 rel=3.4e-11
    NM CV2 nfev=1007 ov 0.0018772082 -> 0.0000166361 (accepted=False)
Body is not plunging, Fisher should be stable.
waveform shape: (2, 9066408)
Computing SNR for parameters: (np.float64(1464219.9905139334), np.float64(49.78292160203573), np.float64(0.9006768663805648), np.float64(11.799955382673593), 0.0, 1.0, 2.556544793795935, np.float64(0.7716565894351636), np.float64(4.03276689817627), 0.8, 0.8, np.float64(0.20529090521011736), 0.5, 0.5, 0.0, False, False, False, True, np.float64(0.9846958259809897), 0.0, False, 2.7947094925169876e-05, 8.0, 1e-12, 4.0)
Waveform Generated. SNR: 51.062948044912154
calculating stable deltas...
Time taken to compute stable deltas is 24.646589756011963 seconds
calculating Fisher matrix...
Finished derivatives
Calculated Fisher is *atleast* positive-definite.
Time taken to compute FM is 2.183426856994629 seconds
    CV CV2#2 it   0 lam=1.2e+05 ov=0.0018772082 chi2=4.257e+04 rel=3.3e-11
[stage] CV climb   ov = 0.0018772083  chi2 = 4.256908e+04  1.9 min
Body is not plunging, Fisher should be stable.
waveform shape: (2, 9066408)
Computing SNR for parameters: (np.float64(1464219.9905139331), np.float64(49.782921602035756), np.float64(0.9006768663805633), np.float64(11.799955382673591), 0.0, 1.0, 2.556544793795935, np.float64(0.7716565787701299), np.float64(4.0327668771348915), 0.8, 0.8, np.float64(0.2052909052733802), 0.5, 0.5, 0.0, False, False, False, True, np.float64(0.9846958258996045), 0.0, False, 2.7947094925169876e-05, 8.0, 1e-12, 4.0)
Waveform Generated. SNR: 51.06294804947545
calculating stable deltas...
Time taken to compute stable deltas is 24.95861840248108 seconds
calculating Fisher matrix...
Finished derivatives
Calculated Fisher is not positive semi-definite. Try lowering inspiral error tolerance or increasing the derivative order.
Time taken to compute FM is 2.1832940578460693 seconds
[WARN] 0PA+PN final: covariance not positive definite, min eigenvalue = -6.521e-15
[FISH] 0PA+PN final: cond = 3.816e+21, 28.4 s

    param           injected           injected                 DE           CV climb        sigma    b/sigma
       m1        1455577.861        1455577.861        1464219.991        1464219.991   2.8446e+04    +0.3038
       m2                 50                 50         49.7829216         49.7829216   6.7444e-01    -0.3219
        a                0.9                0.9       0.9006768664       0.9006768664   1.9510e-03    +0.3469
       p0        11.75215257        11.75215257        11.79995538        11.79995538   1.5660e-01    +0.3053
       qS                0.2                0.2       0.7716566001       0.7716565788   5.9251e-03   +96.4812
     phiS                0.2                0.2        4.032766919        4.032766877   8.2229e-03  -297.9978
 Phi_phi0                0.3                0.3       0.2052909051       0.2052909053   4.9723e-02    -1.9047
      C_p                  0                  0       0.9846958261       0.9846958259   2.6740e+02    +0.0037

[done] ov: injected 0.0136147771 -> DE 0.0018772081 -> CV climb 0.0018772083
[done] population run reached 0.0055180791 (0PA), 0.0055207710 (0PA+PN)
[done] total 3.17 h
[saved] /home/svu/e1583490/EMRI_CV_bias/harder_environmental/results_cv_de_cv_pn_s16_inj5.json
