startup
[INFO] use_gpu = True
[cfg] CV controls: overlap_target=0.9999999999, lambda0=0.01, rel_tol=1e-09, recompute_deltas_every=10
[point] frozen hard_point_8.json
[point] live/8: m1 = 3.780314e+06, p0 = 7.757812, T = 3.864473 yr, dt = 10, d = 2.194592 Gpc, SNR = 200.0000
[point] injected A_PM = 7.258203e-05, n_PM = 8, A_GC = 1.0e-12, n_GC = 4.0
[point] population run reached ov = 0.00035664 (0PA), 0.00050292 (0PA+PN)
[cfg] model = 0PA+PN, parameters = m1, m2, a, p0, qS, phiS, Phi_phi0, C_p
[build] SNR check: 200.000000 (A = 145.4730, E = 137.2502)
    [DELTA] 0PA+PN C_p: steps 1.000e-03 -> 3.162e-05  (mismatch 7.23e-06 -> 7.23e-09, 4 of 45 ladder points in band)
[bounds] C_p: calibrated d_hi = 1.0000e-03 at mismatch 1.0e-05 -> decoherence at |C_p| ~ 3.1623e-01; box = +-3.1623e+00 (10x)

=== stage 1: CV step from the injected point ===
Body is not plunging, Fisher should be stable.
waveform shape: (2, 12195561)
Computing SNR for parameters: (np.float64(3780313.9097061357), np.float64(50.0), np.float64(0.9), np.float64(7.757812286220264), 0.0, 1.0, 2.194591829653648, np.float64(0.2), np.float64(0.2), 0.8, 0.8, np.float64(0.3), 0.5, 0.5, 0.0, False, False, False, True, np.float64(0.0), 0.0, False, 7.25820270663578e-05, 8.0, 1e-12, 4.0)
Waveform Generated. SNR: 199.98865132850892
calculating stable deltas...
Time taken to compute stable deltas is 28.795220613479614 seconds
calculating Fisher matrix...
Finished derivatives
Calculated Fisher is *atleast* positive-definite.
Time taken to compute FM is 2.549649477005005 seconds
[stage1] 8 capped CV steps, 2 sigma each, 5 sigma total; start ov = -0.3007146087
  -- stage-1 step 1/8  (walked 0.00 sigma, cap 2.00)
    start overlap = -0.3007146087
Body is not plunging, Fisher should be stable.
waveform shape: (2, 12195561)
Computing SNR for parameters: (np.float64(3780313.9097061357), np.float64(50.0), np.float64(0.9), np.float64(7.757812286220264), 0.0, 1.0, 2.194591829653648, np.float64(0.2), np.float64(0.2), 0.8, 0.8, np.float64(0.3), 0.5, 0.5, 0.0, False, False, False, True, np.float64(0.0), 0.0, False, 7.25820270663578e-05, 8.0, 1e-12, 4.0)
Waveform Generated. SNR: 199.98865132850892
calculating stable deltas...
Time taken to compute stable deltas is 27.974977016448975 seconds
calculating Fisher matrix...
Finished derivatives
Calculated Fisher is *atleast* positive-definite.
Time taken to compute FM is 2.5493907928466797 seconds
    CV1.1 step capped to 2 sigma (scaled by 0.01776)
    CV1.1 scale 1 gives ov -0.3042260483 <= start -0.3007146087; halving
    CV1.1 scale 0.5 gives ov -0.3007712765 <= start -0.3007146087; halving
    CV1.1 backtracked to scale 0.25 after 2 halving(s)
    CV1.1 exact step  scale 0.25  ov -0.3007146087 -> -0.3000832944  chi2 1.041e+05 -> 1.039e+05
  -- stage-1 step 2/8  (walked 0.50 sigma, cap 2.00)
    start overlap = -0.3000832944
Body is not plunging, Fisher should be stable.
waveform shape: (2, 12195561)
Computing SNR for parameters: (np.float64(3779983.4913375773), np.float64(50.00400591885522), np.float64(0.8999833965908189), np.float64(7.7582876394333296), 0.0, 1.0, 2.194591829653648, np.float64(0.19930585403097953), np.float64(0.1940675713058183), 0.8, 0.8, np.float64(0.30316608240280074), 0.5, 0.5, 0.0, False, False, False, True, np.float64(9.371740495640642), 0.0, False, 7.25820270663578e-05, 8.0, 1e-12, 4.0)
Waveform Generated. SNR: 199.7713537542439
calculating stable deltas...
Time taken to compute stable deltas is 28.524234533309937 seconds
calculating Fisher matrix...
Finished derivatives
Calculated Fisher is *atleast* positive-definite.
Time taken to compute FM is 2.543820381164551 seconds
    CV1.2 step capped to 2 sigma (scaled by 0.01809)
    CV1.2 scale 1 gives ov -0.3030129567 <= start -0.3000832944; halving
    CV1.2 backtracked to scale 0.5 after 1 halving(s)
    CV1.2 exact step  scale 0.5  ov -0.3000832944 -> -0.2999733068  chi2 1.039e+05 -> 1.037e+05
  -- stage-1 step 3/8  (walked 1.50 sigma, cap 2.00)
    start overlap = -0.2999733068
Body is not plunging, Fisher should be stable.
waveform shape: (2, 12195561)
Computing SNR for parameters: (np.float64(3779330.5379226455), np.float64(50.01192651613174), np.float64(0.8999505567888997), np.float64(7.7592271423329295), 0.0, 1.0, 2.194591829653648, np.float64(0.19791018484442452), np.float64(0.1822027139174549), 0.8, 0.8, np.float64(0.30944281056878453), 0.5, 0.5, 0.0, False, False, False, True, np.float64(27.907984401635183), 0.0, False, 7.25820270663578e-05, 8.0, 1e-12, 4.0)
Waveform Generated. SNR: 199.34190785662915
calculating stable deltas...
Time taken to compute stable deltas is 28.612025022506714 seconds
calculating Fisher matrix...
Finished derivatives
Calculated Fisher is *atleast* positive-definite.
Time taken to compute FM is 2.5550429821014404 seconds
    CV1.3 step capped to 2 sigma (scaled by 0.01775)
    CV1.3 scale 1 gives ov -0.3010428153 <= start -0.2999733068; halving
    CV1.3 backtracked to scale 0.5 after 1 halving(s)
    CV1.3 exact step  scale 0.5  ov -0.2999733068 -> -0.2993940287  chi2 1.037e+05 -> 1.034e+05
  -- stage-1 step 4/8  (walked 2.50 sigma, cap 2.00)
    start overlap = -0.2993940287
Body is not plunging, Fisher should be stable.
waveform shape: (2, 12195561)
Computing SNR for parameters: (np.float64(3778699.1263686535), np.float64(50.01960098912378), np.float64(0.8999187399814504), np.float64(7.760135939313363), 0.0, 1.0, 2.194591829653648, np.float64(0.19659919217539584), np.float64(0.1703378565290915), 0.8, 0.8, np.float64(0.31564553753291763), 0.5, 0.5, 0.0, False, False, False, True, np.float64(45.89534500794397), 0.0, False, 7.25820270663578e-05, 8.0, 1e-12, 4.0)
Waveform Generated. SNR: 198.91604150571487
calculating stable deltas...
Time taken to compute stable deltas is 28.622856616973877 seconds
calculating Fisher matrix...
Finished derivatives
Calculated Fisher is *atleast* positive-definite.
Time taken to compute FM is 2.555131673812866 seconds
    CV1.4 step capped to 2 sigma (scaled by 0.01747)
    CV1.4 exact step  scale 1  ov -0.2993940287 -> -0.2989086465  chi2 1.034e+05 -> 1.028e+05
  -- stage-1 step 5/8  (walked 4.50 sigma, cap 0.50)
    start overlap = -0.2989086465
Body is not plunging, Fisher should be stable.
waveform shape: (2, 12195561)
Computing SNR for parameters: (np.float64(3777486.874071029), np.float64(50.03437415201259), np.float64(0.8998574967587079), np.float64(7.76188130760835), 0.0, 1.0, 2.194591829653648, np.float64(0.19418335340721685), np.float64(0.1466081417523647), 0.8, 0.8, np.float64(0.3278763320516909), 0.5, 0.5, 0.0, False, False, False, True, np.float64(80.60621513823847), 0.0, False, 7.25820270663578e-05, 8.0, 1e-12, 4.0)
Waveform Generated. SNR: 197.94635142432443
calculating stable deltas...
Time taken to compute stable deltas is 28.668156147003174 seconds
calculating Fisher matrix...
Finished derivatives
Calculated Fisher is *atleast* positive-definite.
Time taken to compute FM is 2.5499448776245117 seconds
    CV1.5 step capped to 0.5 sigma (scaled by 0.00405)
    CV1.5 exact step  scale 1  ov -0.2989086465 -> -0.2977526011  chi2 1.028e+05 -> 1.027e+05
[stage1] budget spent after 5 step(s) (5.00 sigma)
[stage1] 5 step(s), ov -0.3007146087 -> -0.2977526011, walked 5.00 sigma, stop = trust_region_exhausted
Body is not plunging, Fisher should be stable.
waveform shape: (2, 12195561)
Computing SNR for parameters: (np.float64(3777208.895402152), np.float64(50.0377822252732), np.float64(0.8998433780784179), np.float64(7.762281792593394), 0.0, 1.0, 2.194591829653648, np.float64(0.1936817054149656), np.float64(0.14067571305818297), 0.8, 0.8, np.float64(0.33090681265214156), 0.5, 0.5, 0.0, False, False, False, True, np.float64(88.65954024212759), 0.0, False, 7.25820270663578e-05, 8.0, 1e-12, 4.0)
Waveform Generated. SNR: 197.73824985963537
calculating stable deltas...
Time taken to compute stable deltas is 28.582059621810913 seconds
calculating Fisher matrix...
Finished derivatives
Calculated Fisher is *atleast* positive-definite.
Time taken to compute FM is 2.5516719818115234 seconds
[stage] CV step    ov = -0.2977526011  chi2 = 1.026512e+05  3.9 min

=== stage 2: differential evolution in the Fisher box ===
Body is not plunging, Fisher should be stable.
waveform shape: (2, 12195561)
Computing SNR for parameters: (np.float64(3777208.895402152), np.float64(50.0377822252732), np.float64(0.8998433780784179), np.float64(7.762281792593394), 0.0, 1.0, 2.194591829653648, np.float64(0.1936817054149656), np.float64(0.14067571305818297), 0.8, 0.8, np.float64(0.33090681265214156), 0.5, 0.5, 0.0, False, False, False, True, np.float64(88.65954024212759), 0.0, False, 7.25820270663578e-05, 8.0, 1e-12, 4.0)
Waveform Generated. SNR: 197.73824985963537
calculating stable deltas...
Time taken to compute stable deltas is 28.08677339553833 seconds
calculating Fisher matrix...
Finished derivatives
Calculated Fisher is *atleast* positive-definite.
Time taken to compute FM is 2.5862162113189697 seconds
[DE] Fisher-based bounds:
         m1: [+3.09894636e+06, +4.45547143e+06]  centre +3.77720890e+06  injected +3.78031391e+06 in 
         m2: [+4.20750017e+01, +5.80005628e+01]  centre +5.00377822e+01  injected +5.00000000e+01 in 
          a: [+8.67337616e-01, +9.32349140e-01]  centre +8.99843378e-01  injected +9.00000000e-01 in 
         p0: [+6.78562471e+00, +8.73893888e+00]  centre +7.76228179e+00  injected +7.75781229e+00 in 
         qS: [+0.00000000e+00, +3.14159265e+00]  centre +1.93681705e-01  injected +2.00000000e-01 in 
       phiS: [+0.00000000e+00, +6.28318531e+00]  centre +1.40675713e-01  injected +2.00000000e-01 in 
   Phi_phi0: [+0.00000000e+00, +6.28318531e+00]  centre +3.30906813e-01  injected +3.00000000e-01 in 
        C_p: [-3.16227766e+00, +3.16227766e+00]  centre +8.86595402e+01  injected +0.00000000e+00 in 
[DE] ndim = 8, maxiter = 1500, popsize = 15, objective = chi2, init = sobol
    [DE]     200 evals    0.01 h    0.10 s/eval  best = 4.019670e+04
    [DE]     400 evals    0.01 h    0.10 s/eval  best = 4.014466e+04
    [DE]     600 evals    0.02 h    0.09 s/eval  best = 4.010763e+04
    [DE]     800 evals    0.02 h    0.09 s/eval  best = 4.010484e+04
    [DE]    1000 evals    0.02 h    0.09 s/eval  best = 4.009434e+04
    [DE]    1200 evals    0.03 h    0.08 s/eval  best = 4.009434e+04
    [DE]    1400 evals    0.03 h    0.08 s/eval  best = 4.009434e+04
    [DE]    1600 evals    0.05 h    0.11 s/eval  best = 4.009434e+04
    [DE]    1800 evals    0.05 h    0.10 s/eval  best = 4.008651e+04
    [DE]    2000 evals    0.06 h    0.11 s/eval  best = 4.008404e+04
    [DE]    2200 evals    0.08 h    0.12 s/eval  best = 4.008404e+04
    [DE]    2400 evals    0.08 h    0.12 s/eval  best = 4.008404e+04
    [DE]    2600 evals    0.09 h    0.12 s/eval  best = 4.008268e+04
    [DE]    2800 evals    0.09 h    0.12 s/eval  best = 4.008193e+04
    [DE]    3000 evals    0.10 h    0.12 s/eval  best = 4.007960e+04
    [DE]    3200 evals    0.10 h    0.12 s/eval  best = 4.007960e+04
    [DE]    3400 evals    0.11 h    0.12 s/eval  best = 4.007846e+04
    [DE]    3600 evals    0.12 h    0.12 s/eval  best = 4.007846e+04
    [DE]    3800 evals    0.12 h    0.12 s/eval  best = 4.007700e+04
    [DE]    4000 evals    0.13 h    0.12 s/eval  best = 4.007565e+04
    [DE]    4200 evals    0.13 h    0.11 s/eval  best = 4.007565e+04
    [DE]    4400 evals    0.15 h    0.12 s/eval  best = 4.007565e+04
    [DE]    4600 evals    0.15 h    0.12 s/eval  best = 4.007550e+04
    [DE]    4800 evals    0.16 h    0.12 s/eval  best = 4.007466e+04
    [DE]    5000 evals    0.17 h    0.12 s/eval  best = 4.007466e+04
    [DE]    5200 evals    0.18 h    0.12 s/eval  best = 4.007466e+04
    [DE]    5400 evals    0.18 h    0.12 s/eval  best = 4.007466e+04
    [DE]    5600 evals    0.19 h    0.12 s/eval  best = 4.007385e+04
    [DE]    5800 evals    0.20 h    0.12 s/eval  best = 4.007385e+04
    [DE]    6000 evals    0.21 h    0.13 s/eval  best = 4.007342e+04
    [DE]    6200 evals    0.21 h    0.12 s/eval  best = 4.007342e+04
    [DE]    6400 evals    0.22 h    0.13 s/eval  best = 4.007342e+04
    [DE]    6600 evals    0.23 h    0.13 s/eval  best = 4.007342e+04
    [DE]    6800 evals    0.24 h    0.13 s/eval  best = 4.007342e+04
    [DE]    7000 evals    0.24 h    0.12 s/eval  best = 4.007342e+04
    [DE]    7200 evals    0.25 h    0.12 s/eval  best = 4.007312e+04
    [DE]    7400 evals    0.26 h    0.12 s/eval  best = 4.007312e+04
    [DE]    7600 evals    0.26 h    0.12 s/eval  best = 4.007312e+04
    [DE]    7800 evals    0.27 h    0.12 s/eval  best = 4.007312e+04
    [DE]    8000 evals    0.28 h    0.13 s/eval  best = 4.007312e+04
    [DE]    8200 evals    0.28 h    0.12 s/eval  best = 4.007312e+04
    [DE]    8400 evals    0.29 h    0.12 s/eval  best = 4.007312e+04
    [DE]    8600 evals    0.30 h    0.13 s/eval  best = 4.007312e+04
    [DE]    8800 evals    0.31 h    0.13 s/eval  best = 4.007312e+04
    [DE]    9000 evals    0.32 h    0.13 s/eval  best = 4.007312e+04
    [DE]    9200 evals    0.33 h    0.13 s/eval  best = 4.007312e+04
    [DE]    9400 evals    0.34 h    0.13 s/eval  best = 4.007312e+04
    [DE]    9600 evals    0.34 h    0.13 s/eval  best = 4.007312e+04
    [DE]    9800 evals    0.35 h    0.13 s/eval  best = 4.007312e+04
    [DE]   10000 evals    0.36 h    0.13 s/eval  best = 4.007312e+04
    [DE]   10200 evals    0.36 h    0.13 s/eval  best = 4.007312e+04
    [DE]   10400 evals    0.37 h    0.13 s/eval  best = 4.007312e+04
    [DE]   10600 evals    0.37 h    0.13 s/eval  best = 4.007312e+04
    [DE]   10800 evals    0.38 h    0.13 s/eval  best = 4.007268e+04
    [DE]   11000 evals    0.39 h    0.13 s/eval  best = 4.007268e+04
    [DE]   11200 evals    0.40 h    0.13 s/eval  best = 4.007268e+04
    [DE]   11400 evals    0.41 h    0.13 s/eval  best = 4.007225e+04
    [DE]   11600 evals    0.41 h    0.13 s/eval  best = 4.007225e+04
    [DE]   11800 evals    0.42 h    0.13 s/eval  best = 4.007225e+04
    [DE]   12000 evals    0.43 h    0.13 s/eval  best = 4.007222e+04
    [DE]   12200 evals    0.44 h    0.13 s/eval  best = 4.007222e+04
    [DE]   12400 evals    0.45 h    0.13 s/eval  best = 4.007222e+04
    [DE]   12600 evals    0.46 h    0.13 s/eval  best = 4.007222e+04
    [DE]   12800 evals    0.47 h    0.13 s/eval  best = 4.007222e+04
    [DE]   13000 evals    0.48 h    0.13 s/eval  best = 4.007222e+04
    [DE]   13200 evals    0.48 h    0.13 s/eval  best = 4.007222e+04
    [DE]   13400 evals    0.49 h    0.13 s/eval  best = 4.007222e+04
    [DE]   13600 evals    0.50 h    0.13 s/eval  best = 4.007222e+04
    [DE]   13800 evals    0.51 h    0.13 s/eval  best = 4.007222e+04
    [DE]   14000 evals    0.51 h    0.13 s/eval  best = 4.007222e+04
    [DE]   14200 evals    0.52 h    0.13 s/eval  best = 4.007222e+04
    [DE]   14400 evals    0.53 h    0.13 s/eval  best = 4.007222e+04
    [DE]   14600 evals    0.53 h    0.13 s/eval  best = 4.007222e+04
    [DE]   14800 evals    0.53 h    0.13 s/eval  best = 4.007222e+04
    [DE]   15000 evals    0.54 h    0.13 s/eval  best = 4.007222e+04
    [DE]   15200 evals    0.55 h    0.13 s/eval  best = 4.007222e+04
    [DE]   15400 evals    0.55 h    0.13 s/eval  best = 4.007222e+04
    [DE]   15600 evals    0.56 h    0.13 s/eval  best = 4.007222e+04
    [DE]   15800 evals    0.57 h    0.13 s/eval  best = 4.007222e+04
    [DE]   16000 evals    0.57 h    0.13 s/eval  best = 4.007222e+04
    [DE]   16200 evals    0.58 h    0.13 s/eval  best = 4.007222e+04
    [DE]   16400 evals    0.59 h    0.13 s/eval  best = 4.007222e+04
    [DE]   16600 evals    0.60 h    0.13 s/eval  best = 4.007222e+04
    [DE]   16800 evals    0.61 h    0.13 s/eval  best = 4.007222e+04
    [DE]   17000 evals    0.62 h    0.13 s/eval  best = 4.007222e+04
    [DE]   17200 evals    0.62 h    0.13 s/eval  best = 4.007222e+04
    [DE]   17400 evals    0.63 h    0.13 s/eval  best = 4.007222e+04
    [DE]   17600 evals    0.64 h    0.13 s/eval  best = 4.007222e+04
    [DE]   17800 evals    0.64 h    0.13 s/eval  best = 4.007222e+04
    [DE]   18000 evals    0.65 h    0.13 s/eval  best = 4.007222e+04
    [DE]   18200 evals    0.66 h    0.13 s/eval  best = 4.007222e+04
    [DE]   18400 evals    0.66 h    0.13 s/eval  best = 4.007222e+04
    [DE]   18600 evals    0.68 h    0.13 s/eval  best = 4.007222e+04
    [DE]   18800 evals    0.68 h    0.13 s/eval  best = 4.007222e+04
    [DE]   19000 evals    0.69 h    0.13 s/eval  best = 4.007222e+04
    [DE]   19200 evals    0.70 h    0.13 s/eval  best = 4.007222e+04
    [DE]   19400 evals    0.70 h    0.13 s/eval  best = 4.007222e+04
    [DE]   19600 evals    0.71 h    0.13 s/eval  best = 4.007222e+04
    [DE]   19800 evals    0.72 h    0.13 s/eval  best = 4.007222e+04
    [DE]   20000 evals    0.73 h    0.13 s/eval  best = 4.007222e+04
    [DE]   20200 evals    0.73 h    0.13 s/eval  best = 4.007222e+04
    [DE]   20400 evals    0.75 h    0.13 s/eval  best = 4.007222e+04
    [DE]   20600 evals    0.75 h    0.13 s/eval  best = 4.007222e+04
    [DE]   20800 evals    0.77 h    0.13 s/eval  best = 4.007222e+04
    [DE]   21000 evals    0.77 h    0.13 s/eval  best = 4.007222e+04
    [DE]   21200 evals    0.78 h    0.13 s/eval  best = 4.007198e+04
    [DE]   21400 evals    0.79 h    0.13 s/eval  best = 4.007198e+04
    [DE]   21600 evals    0.80 h    0.13 s/eval  best = 4.007198e+04
    [DE]   21800 evals    0.81 h    0.13 s/eval  best = 4.007198e+04
    [DE]   22000 evals    0.82 h    0.13 s/eval  best = 4.007198e+04
    [DE]   22200 evals    0.83 h    0.13 s/eval  best = 4.007198e+04
    [DE]   22400 evals    0.84 h    0.13 s/eval  best = 4.007198e+04
    [DE]   22600 evals    0.84 h    0.13 s/eval  best = 4.007198e+04
    [DE]   22800 evals    0.85 h    0.13 s/eval  best = 4.007198e+04
    [DE]   23000 evals    0.86 h    0.13 s/eval  best = 4.007198e+04
    [DE]   23200 evals    0.86 h    0.13 s/eval  best = 4.007198e+04
    [DE]   23400 evals    0.87 h    0.13 s/eval  best = 4.007198e+04
    [DE]   23600 evals    0.88 h    0.13 s/eval  best = 4.007198e+04
    [DE]   23800 evals    0.89 h    0.13 s/eval  best = 4.007198e+04
    [DE]   24000 evals    0.89 h    0.13 s/eval  best = 4.007198e+04
    [DE]   24200 evals    0.90 h    0.13 s/eval  best = 4.007198e+04
    [DE]   24400 evals    0.91 h    0.13 s/eval  best = 4.007198e+04
    [DE]   24600 evals    0.91 h    0.13 s/eval  best = 4.007198e+04
    [DE]   24800 evals    0.92 h    0.13 s/eval  best = 4.007198e+04
    [DE]   25000 evals    0.93 h    0.13 s/eval  best = 4.007198e+04
    [DE]   25200 evals    0.94 h    0.13 s/eval  best = 4.007198e+04
    [DE]   25400 evals    0.94 h    0.13 s/eval  best = 4.007198e+04
    [DE]   25600 evals    0.95 h    0.13 s/eval  best = 4.007198e+04
    [DE]   25800 evals    0.96 h    0.13 s/eval  best = 4.007198e+04
    [DE]   26000 evals    0.97 h    0.13 s/eval  best = 4.007198e+04
    [DE]   26200 evals    0.98 h    0.14 s/eval  best = 4.007198e+04
    [DE]   26400 evals    0.99 h    0.13 s/eval  best = 4.007198e+04
    [DE]   26600 evals    1.00 h    0.13 s/eval  best = 4.007198e+04
    [DE]   26800 evals    1.01 h    0.14 s/eval  best = 4.007198e+04
    [DE]   27000 evals    1.02 h    0.14 s/eval  best = 4.007198e+04
    [DE]   27200 evals    1.02 h    0.14 s/eval  best = 4.007198e+04
    [DE]   27400 evals    1.03 h    0.14 s/eval  best = 4.007198e+04
    [DE]   27600 evals    1.04 h    0.14 s/eval  best = 4.007198e+04
    [DE]   27800 evals    1.05 h    0.14 s/eval  best = 4.007198e+04
    [DE]   28000 evals    1.06 h    0.14 s/eval  best = 4.007198e+04
    [DE]   28200 evals    1.07 h    0.14 s/eval  best = 4.007198e+04
    [DE]   28400 evals    1.07 h    0.14 s/eval  best = 4.007198e+04
    [DE]   28600 evals    1.08 h    0.14 s/eval  best = 4.007198e+04
    [DE]   28800 evals    1.08 h    0.13 s/eval  best = 4.007198e+04
    [DE]   29000 evals    1.10 h    0.14 s/eval  best = 4.007198e+04
    [DE]   29200 evals    1.10 h    0.14 s/eval  best = 4.007198e+04
    [DE]   29400 evals    1.10 h    0.14 s/eval  best = 4.007198e+04
    [DE]   29600 evals    1.11 h    0.13 s/eval  best = 4.007198e+04
    [DE]   29800 evals    1.11 h    0.13 s/eval  best = 4.007198e+04
    [DE]   30000 evals    1.12 h    0.13 s/eval  best = 4.007198e+04
    [DE]   30200 evals    1.12 h    0.13 s/eval  best = 4.007198e+04
    [DE]   30400 evals    1.12 h    0.13 s/eval  best = 4.007198e+04
    [DE]   30600 evals    1.13 h    0.13 s/eval  best = 4.007198e+04
    [DE]   30800 evals    1.13 h    0.13 s/eval  best = 4.007198e+04
    [DE]   31000 evals    1.13 h    0.13 s/eval  best = 4.007198e+04
    [DE]   31200 evals    1.14 h    0.13 s/eval  best = 4.007198e+04
    [DE]   31400 evals    1.14 h    0.13 s/eval  best = 4.007198e+04
    [DE]   31600 evals    1.15 h    0.13 s/eval  best = 4.007198e+04
    [DE]   31800 evals    1.15 h    0.13 s/eval  best = 4.007198e+04
    [DE]   32000 evals    1.15 h    0.13 s/eval  best = 4.007198e+04
    [DE]   32200 evals    1.16 h    0.13 s/eval  best = 4.007198e+04
    [DE]   32400 evals    1.16 h    0.13 s/eval  best = 4.007198e+04
    [DE]   32600 evals    1.17 h    0.13 s/eval  best = 4.007198e+04
    [DE]   32800 evals    1.17 h    0.13 s/eval  best = 4.007198e+04
    [DE]   33000 evals    1.17 h    0.13 s/eval  best = 4.007198e+04
    [DE]   33200 evals    1.18 h    0.13 s/eval  best = 4.007198e+04
    [DE]   33400 evals    1.18 h    0.13 s/eval  best = 4.007198e+04
    [DE]   33600 evals    1.19 h    0.13 s/eval  best = 4.007198e+04
    [DE]   33800 evals    1.19 h    0.13 s/eval  best = 4.007198e+04
    [DE]   34000 evals    1.19 h    0.13 s/eval  best = 4.007198e+04
    [DE]   34200 evals    1.20 h    0.13 s/eval  best = 4.007198e+04
    [DE]   34400 evals    1.20 h    0.13 s/eval  best = 4.007198e+04
    [DE]   34600 evals    1.21 h    0.13 s/eval  best = 4.007198e+04
    [DE]   34800 evals    1.21 h    0.13 s/eval  best = 4.007198e+04
    [DE]   35000 evals    1.21 h    0.12 s/eval  best = 4.007198e+04
    [DE]   35200 evals    1.22 h    0.12 s/eval  best = 4.007198e+04
    [DE]   35400 evals    1.22 h    0.12 s/eval  best = 4.007198e+04
    [DE]   35600 evals    1.23 h    0.12 s/eval  best = 4.007198e+04
    [DE]   35800 evals    1.23 h    0.12 s/eval  best = 4.007198e+04
    [DE]   36000 evals    1.23 h    0.12 s/eval  best = 4.007198e+04
    [DE]   36200 evals    1.24 h    0.12 s/eval  best = 4.007198e+04
    [DE]   36400 evals    1.24 h    0.12 s/eval  best = 4.007198e+04
    [DE]   36600 evals    1.24 h    0.12 s/eval  best = 4.007198e+04
    [DE]   36800 evals    1.25 h    0.12 s/eval  best = 4.007198e+04
    [DE]   37000 evals    1.25 h    0.12 s/eval  best = 4.007198e+04
    [DE]   37200 evals    1.26 h    0.12 s/eval  best = 4.007198e+04
    [DE]   37400 evals    1.26 h    0.12 s/eval  best = 4.007198e+04
    [DE]   37600 evals    1.26 h    0.12 s/eval  best = 4.007198e+04
    [DE]   37800 evals    1.27 h    0.12 s/eval  best = 4.007198e+04
    [DE]   38000 evals    1.27 h    0.12 s/eval  best = 4.007198e+04
    [DE]   38200 evals    1.28 h    0.12 s/eval  best = 4.007198e+04
    [DE]   38400 evals    1.28 h    0.12 s/eval  best = 4.007198e+04
    [DE]   38600 evals    1.28 h    0.12 s/eval  best = 4.007198e+04
    [DE]   38800 evals    1.29 h    0.12 s/eval  best = 4.007198e+04
    [DE]   39000 evals    1.29 h    0.12 s/eval  best = 4.007198e+04
    [DE]   39200 evals    1.30 h    0.12 s/eval  best = 4.007198e+04
    [DE]   39400 evals    1.30 h    0.12 s/eval  best = 4.007198e+04
    [DE]   39600 evals    1.30 h    0.12 s/eval  best = 4.007198e+04
    [DE]   39800 evals    1.31 h    0.12 s/eval  best = 4.007198e+04
    [DE]   40000 evals    1.31 h    0.12 s/eval  best = 4.007198e+04
    [DE]   40200 evals    1.31 h    0.12 s/eval  best = 4.007198e+04
    [DE]   40400 evals    1.32 h    0.12 s/eval  best = 4.007198e+04
    [DE]   40600 evals    1.32 h    0.12 s/eval  best = 4.007198e+04
    [DE]   40800 evals    1.33 h    0.12 s/eval  best = 4.007198e+04
    [DE]   41000 evals    1.33 h    0.12 s/eval  best = 4.007198e+04
    [DE]   41200 evals    1.33 h    0.12 s/eval  best = 4.007198e+04
    [DE]   41400 evals    1.34 h    0.12 s/eval  best = 4.007198e+04
    [DE]   41600 evals    1.34 h    0.12 s/eval  best = 4.007198e+04
    [DE]   41800 evals    1.35 h    0.12 s/eval  best = 4.007198e+04
    [DE]   42000 evals    1.35 h    0.12 s/eval  best = 4.007198e+04
    [DE]   42200 evals    1.35 h    0.12 s/eval  best = 4.007198e+04
    [DE]   42400 evals    1.36 h    0.12 s/eval  best = 4.007198e+04
    [DE]   42600 evals    1.36 h    0.12 s/eval  best = 4.007198e+04
    [DE]   42800 evals    1.37 h    0.11 s/eval  best = 4.007164e+04
    [DE]   43000 evals    1.37 h    0.11 s/eval  best = 4.007164e+04
    [DE]   43200 evals    1.37 h    0.11 s/eval  best = 4.007164e+04
    [DE]   43400 evals    1.38 h    0.11 s/eval  best = 4.007164e+04
    [DE]   43600 evals    1.38 h    0.11 s/eval  best = 4.007164e+04
    [DE]   43800 evals    1.38 h    0.11 s/eval  best = 4.007164e+04
    [DE]   44000 evals    1.39 h    0.11 s/eval  best = 4.007164e+04
    [DE]   44200 evals    1.39 h    0.11 s/eval  best = 4.007164e+04
    [DE]   44400 evals    1.40 h    0.11 s/eval  best = 4.007164e+04
    [DE]   44600 evals    1.40 h    0.11 s/eval  best = 4.007164e+04
    [DE]   44800 evals    1.40 h    0.11 s/eval  best = 4.007164e+04
    [DE]   45000 evals    1.41 h    0.11 s/eval  best = 4.007164e+04
    [DE]   45200 evals    1.41 h    0.11 s/eval  best = 4.007164e+04
    [DE]   45400 evals    1.42 h    0.11 s/eval  best = 4.007164e+04
    [DE]   45600 evals    1.42 h    0.11 s/eval  best = 4.007164e+04
    [DE]   45800 evals    1.42 h    0.11 s/eval  best = 4.007164e+04
    [DE]   46000 evals    1.43 h    0.11 s/eval  best = 4.007164e+04
    [DE]   46200 evals    1.43 h    0.11 s/eval  best = 4.007164e+04
    [DE]   46400 evals    1.44 h    0.11 s/eval  best = 4.007164e+04
    [DE]   46600 evals    1.44 h    0.11 s/eval  best = 4.007164e+04
    [DE]   46800 evals    1.44 h    0.11 s/eval  best = 4.007164e+04
    [DE]   47000 evals    1.45 h    0.11 s/eval  best = 4.007164e+04
    [DE]   47200 evals    1.45 h    0.11 s/eval  best = 4.007164e+04
    [DE]   47400 evals    1.46 h    0.11 s/eval  best = 4.007164e+04
    [DE]   47600 evals    1.46 h    0.11 s/eval  best = 4.007164e+04
    [DE]   47800 evals    1.46 h    0.11 s/eval  best = 4.007164e+04
    [DE]   48000 evals    1.47 h    0.11 s/eval  best = 4.007164e+04
    [DE]   48200 evals    1.47 h    0.11 s/eval  best = 4.007164e+04
    [DE]   48400 evals    1.47 h    0.11 s/eval  best = 4.007164e+04
    [DE]   48600 evals    1.48 h    0.11 s/eval  best = 4.007164e+04
    [DE]   48800 evals    1.48 h    0.11 s/eval  best = 4.007164e+04
    [DE]   49000 evals    1.49 h    0.11 s/eval  best = 4.007164e+04
    [DE]   49200 evals    1.49 h    0.11 s/eval  best = 4.007164e+04
    [DE]   49400 evals    1.49 h    0.11 s/eval  best = 4.007164e+04
    [DE]   49600 evals    1.50 h    0.11 s/eval  best = 4.007164e+04
    [DE]   49800 evals    1.50 h    0.11 s/eval  best = 4.007164e+04
    [DE]   50000 evals    1.51 h    0.11 s/eval  best = 4.007164e+04
    [DE]   50200 evals    1.51 h    0.11 s/eval  best = 4.007164e+04
    [DE]   50400 evals    1.51 h    0.11 s/eval  best = 4.007164e+04
    [DE]   50600 evals    1.52 h    0.11 s/eval  best = 4.007164e+04
    [DE]   50800 evals    1.52 h    0.11 s/eval  best = 4.007164e+04
    [DE]   51000 evals    1.53 h    0.11 s/eval  best = 4.007164e+04
    [DE]   51200 evals    1.53 h    0.11 s/eval  best = 4.007164e+04
    [DE]   51400 evals    1.53 h    0.11 s/eval  best = 4.007164e+04
    [DE]   51600 evals    1.54 h    0.11 s/eval  best = 4.007164e+04
    [DE]   51800 evals    1.54 h    0.11 s/eval  best = 4.007164e+04
    [DE]   52000 evals    1.55 h    0.11 s/eval  best = 4.007164e+04
    [DE]   52200 evals    1.55 h    0.11 s/eval  best = 4.007164e+04
    [DE]   52400 evals    1.55 h    0.11 s/eval  best = 4.007164e+04
    [DE]   52600 evals    1.56 h    0.11 s/eval  best = 4.007164e+04
    [DE]   52800 evals    1.56 h    0.11 s/eval  best = 4.007164e+04
    [DE]   53000 evals    1.57 h    0.11 s/eval  best = 4.007164e+04
    [DE]   53200 evals    1.57 h    0.11 s/eval  best = 4.007164e+04
    [DE]   53400 evals    1.57 h    0.11 s/eval  best = 4.007164e+04
    [DE]   53600 evals    1.58 h    0.11 s/eval  best = 4.007164e+04
    [DE]   53800 evals    1.58 h    0.11 s/eval  best = 4.007164e+04
    [DE]   54000 evals    1.58 h    0.11 s/eval  best = 4.007164e+04
    [DE]   54200 evals    1.59 h    0.11 s/eval  best = 4.007164e+04
    [DE]   54400 evals    1.59 h    0.11 s/eval  best = 4.007164e+04
    [DE]   54600 evals    1.60 h    0.11 s/eval  best = 4.007164e+04
    [DE]   54800 evals    1.60 h    0.11 s/eval  best = 4.007164e+04
    [DE]   55000 evals    1.60 h    0.11 s/eval  best = 4.007164e+04
    [DE]   55200 evals    1.61 h    0.10 s/eval  best = 4.007164e+04
    [DE]   55400 evals    1.61 h    0.10 s/eval  best = 4.007164e+04
    [DE]   55600 evals    1.62 h    0.10 s/eval  best = 4.007164e+04
    [DE]   55800 evals    1.62 h    0.10 s/eval  best = 4.007164e+04
    [DE]   56000 evals    1.62 h    0.10 s/eval  best = 4.007164e+04
    [DE]   56200 evals    1.63 h    0.10 s/eval  best = 4.007164e+04
    [DE]   56400 evals    1.63 h    0.10 s/eval  best = 4.007164e+04
    [DE]   56600 evals    1.64 h    0.10 s/eval  best = 4.007164e+04
    [DE]   56800 evals    1.64 h    0.10 s/eval  best = 4.007164e+04
    [DE]   57000 evals    1.64 h    0.10 s/eval  best = 4.007164e+04
    [DE]   57200 evals    1.65 h    0.10 s/eval  best = 4.007164e+04
    [DE]   57400 evals    1.65 h    0.10 s/eval  best = 4.007164e+04
    [DE]   57600 evals    1.66 h    0.10 s/eval  best = 4.007164e+04
    [DE]   57800 evals    1.66 h    0.10 s/eval  best = 4.007164e+04
    [DE]   58000 evals    1.66 h    0.10 s/eval  best = 4.007164e+04
    [DE]   58200 evals    1.67 h    0.10 s/eval  best = 4.007164e+04
    [DE]   58400 evals    1.67 h    0.10 s/eval  best = 4.007164e+04
    [DE]   58600 evals    1.68 h    0.10 s/eval  best = 4.007164e+04
    [DE]   58800 evals    1.68 h    0.10 s/eval  best = 4.007161e+04
    [DE]   59000 evals    1.68 h    0.10 s/eval  best = 4.007161e+04
    [DE]   59200 evals    1.69 h    0.10 s/eval  best = 4.007161e+04
    [DE]   59400 evals    1.69 h    0.10 s/eval  best = 4.007161e+04
    [DE]   59600 evals    1.69 h    0.10 s/eval  best = 4.007161e+04
    [DE]   59800 evals    1.70 h    0.10 s/eval  best = 4.007161e+04
    [DE]   60000 evals    1.70 h    0.10 s/eval  best = 4.007161e+04
    [DE]   60200 evals    1.71 h    0.10 s/eval  best = 4.007161e+04
    [DE]   60400 evals    1.71 h    0.10 s/eval  best = 4.007161e+04
    [DE]   60600 evals    1.71 h    0.10 s/eval  best = 4.007159e+04
    [DE]   60800 evals    1.72 h    0.10 s/eval  best = 4.007159e+04
    [DE]   61000 evals    1.72 h    0.10 s/eval  best = 4.007159e+04
    [DE]   61200 evals    1.73 h    0.10 s/eval  best = 4.007159e+04
    [DE]   61400 evals    1.73 h    0.10 s/eval  best = 4.007156e+04
    [DE]   61600 evals    1.73 h    0.10 s/eval  best = 4.007156e+04
    [DE]   61800 evals    1.74 h    0.10 s/eval  best = 4.007156e+04
    [DE]   62000 evals    1.74 h    0.10 s/eval  best = 4.007154e+04
    [DE]   62200 evals    1.74 h    0.10 s/eval  best = 4.007154e+04
    [DE]   62400 evals    1.75 h    0.10 s/eval  best = 4.007154e+04
    [DE]   62600 evals    1.75 h    0.10 s/eval  best = 4.007154e+04
    [DE]   62800 evals    1.76 h    0.10 s/eval  best = 4.007154e+04
    [DE]   63000 evals    1.76 h    0.10 s/eval  best = 4.007154e+04
    [DE]   63200 evals    1.76 h    0.10 s/eval  best = 4.007154e+04
    [DE]   63400 evals    1.77 h    0.10 s/eval  best = 4.007154e+04
    [DE]   63600 evals    1.77 h    0.10 s/eval  best = 4.007153e+04
    [DE]   63800 evals    1.78 h    0.10 s/eval  best = 4.007153e+04
    [DE]   64000 evals    1.78 h    0.10 s/eval  best = 4.007153e+04
    [DE]   64200 evals    1.78 h    0.10 s/eval  best = 4.007153e+04
    [DE]   64400 evals    1.79 h    0.10 s/eval  best = 4.007153e+04
    [DE]   64600 evals    1.79 h    0.10 s/eval  best = 4.007153e+04
    [DE]   64800 evals    1.79 h    0.10 s/eval  best = 4.007153e+04
    [DE]   65000 evals    1.80 h    0.10 s/eval  best = 4.007153e+04
    [DE]   65200 evals    1.80 h    0.10 s/eval  best = 4.007153e+04
    [DE]   65400 evals    1.81 h    0.10 s/eval  best = 4.007153e+04
    [DE]   65600 evals    1.81 h    0.10 s/eval  best = 4.007153e+04
    [DE]   65800 evals    1.81 h    0.10 s/eval  best = 4.007153e+04
    [DE]   66000 evals    1.82 h    0.10 s/eval  best = 4.007153e+04
    [DE]   66200 evals    1.82 h    0.10 s/eval  best = 4.007153e+04
    [DE]   66400 evals    1.83 h    0.10 s/eval  best = 4.007153e+04
    [DE]   66600 evals    1.83 h    0.10 s/eval  best = 4.007153e+04
    [DE]   66800 evals    1.83 h    0.10 s/eval  best = 4.007153e+04
    [DE]   67000 evals    1.84 h    0.10 s/eval  best = 4.007153e+04
    [DE]   67200 evals    1.84 h    0.10 s/eval  best = 4.007153e+04
    [DE]   67400 evals    1.84 h    0.10 s/eval  best = 4.007153e+04
    [DE]   67600 evals    1.85 h    0.10 s/eval  best = 4.007153e+04
    [DE]   67800 evals    1.85 h    0.10 s/eval  best = 4.007153e+04
    [DE]   68000 evals    1.86 h    0.10 s/eval  best = 4.007153e+04
    [DE]   68200 evals    1.86 h    0.10 s/eval  best = 4.007153e+04
    [DE]   68400 evals    1.86 h    0.10 s/eval  best = 4.007153e+04
    [DE]   68600 evals    1.87 h    0.10 s/eval  best = 4.007153e+04
    [DE]   68800 evals    1.87 h    0.10 s/eval  best = 4.007153e+04
    [DE]   69000 evals    1.88 h    0.10 s/eval  best = 4.007153e+04
    [DE]   69200 evals    1.88 h    0.10 s/eval  best = 4.007153e+04
    [DE]   69400 evals    1.88 h    0.10 s/eval  best = 4.007153e+04
    [DE]   69600 evals    1.89 h    0.10 s/eval  best = 4.007153e+04
    [DE]   69800 evals    1.89 h    0.10 s/eval  best = 4.007153e+04
    [DE]   70000 evals    1.89 h    0.10 s/eval  best = 4.007153e+04
    [DE]   70200 evals    1.90 h    0.10 s/eval  best = 4.007153e+04
    [DE]   70400 evals    1.90 h    0.10 s/eval  best = 4.007153e+04
    [DE]   70600 evals    1.91 h    0.10 s/eval  best = 4.007153e+04
    [DE]   70800 evals    1.91 h    0.10 s/eval  best = 4.007153e+04
    [DE]   71000 evals    1.91 h    0.10 s/eval  best = 4.007152e+04
    [DE]   71200 evals    1.92 h    0.10 s/eval  best = 4.007152e+04
    [DE]   71400 evals    1.92 h    0.10 s/eval  best = 4.007152e+04
    [DE]   71600 evals    1.93 h    0.10 s/eval  best = 4.007152e+04
    [DE]   71800 evals    1.93 h    0.10 s/eval  best = 4.007152e+04
    [DE]   72000 evals    1.93 h    0.10 s/eval  best = 4.007152e+04
    [DE]   72200 evals    1.94 h    0.10 s/eval  best = 4.007152e+04
    [DE]   72400 evals    1.94 h    0.10 s/eval  best = 4.007152e+04
    [DE]   72600 evals    1.94 h    0.10 s/eval  best = 4.007152e+04
    [DE]   72800 evals    1.95 h    0.10 s/eval  best = 4.007152e+04
    [DE]   73000 evals    1.95 h    0.10 s/eval  best = 4.007152e+04
    [DE]   73200 evals    1.96 h    0.10 s/eval  best = 4.007152e+04
    [DE]   73400 evals    1.96 h    0.10 s/eval  best = 4.007152e+04
    [DE]   73600 evals    1.96 h    0.10 s/eval  best = 4.007152e+04
    [DE]   73800 evals    1.97 h    0.10 s/eval  best = 4.007152e+04
    [DE]   74000 evals    1.97 h    0.10 s/eval  best = 4.007152e+04
    [DE]   74200 evals    1.98 h    0.10 s/eval  best = 4.007152e+04
    [DE]   74400 evals    1.98 h    0.10 s/eval  best = 4.007152e+04
    [DE]   74600 evals    1.98 h    0.10 s/eval  best = 4.007152e+04
    [DE]   74800 evals    1.99 h    0.10 s/eval  best = 4.007152e+04
    [DE]   75000 evals    1.99 h    0.10 s/eval  best = 4.007152e+04
    [DE]   75200 evals    2.00 h    0.10 s/eval  best = 4.007152e+04
    [DE]   75400 evals    2.00 h    0.10 s/eval  best = 4.007152e+04
    [DE]   75600 evals    2.00 h    0.10 s/eval  best = 4.007152e+04
    [DE]   75800 evals    2.01 h    0.10 s/eval  best = 4.007152e+04
    [DE]   76000 evals    2.01 h    0.10 s/eval  best = 4.007152e+04
    [DE]   76200 evals    2.01 h    0.10 s/eval  best = 4.007152e+04
    [DE]   76400 evals    2.02 h    0.10 s/eval  best = 4.007152e+04
    [DE]   76600 evals    2.02 h    0.10 s/eval  best = 4.007152e+04
    [DE]   76800 evals    2.03 h    0.10 s/eval  best = 4.007152e+04
    [DE]   77000 evals    2.03 h    0.09 s/eval  best = 4.007152e+04
    [DE]   77200 evals    2.03 h    0.09 s/eval  best = 4.007152e+04
    [DE]   77400 evals    2.04 h    0.09 s/eval  best = 4.007152e+04
    [DE]   77600 evals    2.04 h    0.09 s/eval  best = 4.007152e+04
    [DE]   77800 evals    2.05 h    0.09 s/eval  best = 4.007152e+04
    [DE]   78000 evals    2.05 h    0.09 s/eval  best = 4.007152e+04
    [DE]   78200 evals    2.05 h    0.09 s/eval  best = 4.007152e+04
    [DE]   78400 evals    2.06 h    0.09 s/eval  best = 4.007152e+04
    [DE]   78600 evals    2.06 h    0.09 s/eval  best = 4.007152e+04
    [DE]   78800 evals    2.07 h    0.09 s/eval  best = 4.007152e+04
    [DE]   79000 evals    2.07 h    0.09 s/eval  best = 4.007152e+04
    [DE]   79200 evals    2.07 h    0.09 s/eval  best = 4.007152e+04
    [DE]   79400 evals    2.08 h    0.09 s/eval  best = 4.007152e+04
    [DE]   79600 evals    2.08 h    0.09 s/eval  best = 4.007152e+04
    [DE]   79800 evals    2.09 h    0.09 s/eval  best = 4.007152e+04
    [DE]   80000 evals    2.09 h    0.09 s/eval  best = 4.007152e+04
    [DE]   80200 evals    2.09 h    0.09 s/eval  best = 4.007152e+04
    [DE]   80400 evals    2.10 h    0.09 s/eval  best = 4.007152e+04
    [DE]   80600 evals    2.10 h    0.09 s/eval  best = 4.007152e+04
    [DE]   80800 evals    2.10 h    0.09 s/eval  best = 4.007152e+04
    [DE]   81000 evals    2.11 h    0.09 s/eval  best = 4.007152e+04
    [DE]   81200 evals    2.11 h    0.09 s/eval  best = 4.007152e+04
    [DE]   81400 evals    2.12 h    0.09 s/eval  best = 4.007152e+04
    [DE]   81600 evals    2.12 h    0.09 s/eval  best = 4.007152e+04
    [DE]   81800 evals    2.12 h    0.09 s/eval  best = 4.007152e+04
    [DE]   82000 evals    2.13 h    0.09 s/eval  best = 4.007152e+04
    [DE]   82200 evals    2.13 h    0.09 s/eval  best = 4.007152e+04
    [DE]   82400 evals    2.14 h    0.09 s/eval  best = 4.007152e+04
    [DE]   82600 evals    2.14 h    0.09 s/eval  best = 4.007152e+04
    [DE]   82800 evals    2.14 h    0.09 s/eval  best = 4.007152e+04
    [DE]   83000 evals    2.15 h    0.09 s/eval  best = 4.007152e+04
    [DE]   83200 evals    2.15 h    0.09 s/eval  best = 4.007152e+04
    [DE]   83400 evals    2.16 h    0.09 s/eval  best = 4.007152e+04
    [DE]   83600 evals    2.16 h    0.09 s/eval  best = 4.007152e+04
    [DE]   83800 evals    2.16 h    0.09 s/eval  best = 4.007152e+04
    [DE]   84000 evals    2.17 h    0.09 s/eval  best = 4.007152e+04
    [DE]   84200 evals    2.17 h    0.09 s/eval  best = 4.007152e+04
    [DE]   84400 evals    2.17 h    0.09 s/eval  best = 4.007152e+04
    [DE]   84600 evals    2.18 h    0.09 s/eval  best = 4.007152e+04
    [DE]   84800 evals    2.18 h    0.09 s/eval  best = 4.007152e+04
    [DE]   85000 evals    2.19 h    0.09 s/eval  best = 4.007152e+04
    [DE]   85200 evals    2.19 h    0.09 s/eval  best = 4.007152e+04
    [DE]   85400 evals    2.19 h    0.09 s/eval  best = 4.007152e+04
    [DE]   85600 evals    2.20 h    0.09 s/eval  best = 4.007152e+04
[DE] 669 iters, 85760 evals, 2.20 h: ov = 0.0012033788, chi2 = 4.007152e+04 (Optimization terminated successfully.)

=== stage 3: CV climb from the DE point ===
    start overlap = 0.0012033788
Body is not plunging, Fisher should be stable.
waveform shape: (2, 12195561)
Computing SNR for parameters: (np.float64(4455216.240292124), np.float64(42.07502763687594), np.float64(0.9284855868299167), np.float64(8.738937857156833), 0.0, 1.0, 2.194591829653648, np.float64(2.394104954112179), np.float64(0.655884452362387), 0.8, 0.8, np.float64(3.924626488013219), 0.5, 0.5, 0.0, False, False, False, True, np.float64(-0.02898246413426796), 0.0, False, 7.25820270663578e-05, 8.0, 1e-12, 4.0)
Waveform Generated. SNR: 8.70107652383184
The optimal source SNR is <= 20. The Fisher approximation may not be valid!
calculating stable deltas...
Time taken to compute stable deltas is 17.468040704727173 seconds
calculating Fisher matrix...
Finished derivatives
Calculated Fisher is *atleast* positive-definite.
Time taken to compute FM is 1.6188271045684814 seconds
    CV CV2#1 it   0 lam=8.4e-03 ov=0.0012033788 chi2=4.007e+04 rel=9.4e-10
    NM CV2 nfev=939 ov 0.0012035899 -> 0.0000171641 (accepted=False)
Body is not plunging, Fisher should be stable.
waveform shape: (2, 12195561)
Computing SNR for parameters: (np.float64(4455216.237139023), np.float64(42.07502149739896), np.float64(0.9284855456118625), np.float64(8.73893785401007), 0.0, 1.0, 2.194591829653648, np.float64(2.3941816072650983), np.float64(0.6558393941311208), 0.8, 0.8, np.float64(3.9245156021039413), 0.5, 0.5, 0.0, False, False, False, True, np.float64(-0.06846929320207082), 0.0, False, 7.25820270663578e-05, 8.0, 1e-12, 4.0)
Waveform Generated. SNR: 8.70111772903421
The optimal source SNR is <= 20. The Fisher approximation may not be valid!
calculating stable deltas...
Time taken to compute stable deltas is 17.4291410446167 seconds
calculating Fisher matrix...
Finished derivatives
Calculated Fisher is not positive semi-definite. Try lowering inspiral error tolerance or increasing the derivative order.
Time taken to compute FM is 1.6230013370513916 seconds
    CV CV2#2 it   0 lam=8.4e-03 ov=0.0012035899 chi2=4.007e+04 rel=8.6e-10
[stage] CV climb   ov = 0.0012036289  chi2 = 4.007152e+04  1.7 min
Body is not plunging, Fisher should be stable.
waveform shape: (2, 12195561)
Computing SNR for parameters: (np.float64(4455216.234138254), np.float64(42.075015374124476), np.float64(0.9284855044251004), np.float64(8.738937851050878), 0.0, 1.0, 2.194591829653648, np.float64(2.394191938277717), np.float64(0.655804458425238), 0.8, 0.8, np.float64(3.9243810254446956), 0.5, 0.5, 0.0, False, False, False, True, np.float64(-0.10814522696895072), 0.0, False, 7.25820270663578e-05, 8.0, 1e-12, 4.0)
Waveform Generated. SNR: 8.701123706118041
The optimal source SNR is <= 20. The Fisher approximation may not be valid!
calculating stable deltas...
Time taken to compute stable deltas is 17.467535495758057 seconds
calculating Fisher matrix...
Finished derivatives
Calculated Fisher is not positive semi-definite. Try lowering inspiral error tolerance or increasing the derivative order.
Time taken to compute FM is 1.6124260425567627 seconds
[WARN] 0PA+PN final: covariance not positive definite, min eigenvalue = -8.603e-11
[FISH] 0PA+PN final: cond = 3.463e+21, 20.8 s

    param           injected            CV step                 DE           CV climb        sigma    b/sigma
       m1         3780313.91        3777208.895         4455216.24        4455216.234   1.4397e+06    +0.4688
       m2                 50        50.03778223        42.07502764        42.07501537   6.3233e+00    -1.2533
        a                0.9       0.8998433781       0.9284855868       0.9284855044   9.9366e-02    +0.2867
       p0        7.757812286        7.762281793        8.738937857        8.738937851   1.9328e+00    +0.5076
       qS                0.2       0.1936817054        2.394104954        2.394191938   4.3432e-02   +50.5197
     phiS                0.2       0.1406757131       0.6558844524       0.6558044584   8.1715e-02    +5.5780
 Phi_phi0                0.3       0.3309068127        3.924626488        3.924381025   1.3582e-01   -19.5764
      C_p                  0        88.65954024     -0.02898246413       -0.108145227   5.0404e+04    -0.0000

[done] ov: injected -0.3007146087 -> CV step -0.2977526011 -> DE 0.0012033788 -> CV climb 0.0012036289
[done] population run reached 0.0003566355 (0PA), 0.0005029179 (0PA+PN)
[done] total 2.34 h
[saved] /home/svu/e1583490/EMRI_CV_bias/harder_environmental/results_cv_de_cv_pn_s8_w500.json
