startup
[CONF] config_de_env_vs_vacuum.json
[CONF] T = 0.503796 yr (0.99 x plunge), dt = 5 s, 3 channels, band [1.0e-05, 1.0e-01] Hz
[CTX ] SNR = 85.366075, overlap = 0.023358563489, chi2 = 1.421658e+04
[BOX ] Fisher at the injection, box = +-5 sigma
Body is not plunging, Fisher should be stable.
waveform shape: (3, 3179776)
Computing SNR for parameters: (np.float64(1000000.0), np.float64(2000.0), 0.0, np.float64(24.442), np.float64(0.04), 1.0, 16.344, 0.7853981633974483, 1.0471975511965976, 0.5235987755982988, 0.39269908169872414, np.float64(1.0), 0.0, np.float64(1.0))
Waveform Generated. SNR: 85.25983229576916
calculating stable deltas...
Time taken to compute stable deltas is 18.588865280151367 seconds
calculating Fisher matrix...
Finished derivatives
Calculated Fisher is *atleast* positive-definite.
Time taken to compute FM is 2.2841110229492188 seconds
[BOX ]        m1  sigma = 1.270309e+02  ->  [999364.8453, 1000635.155]
[BOX ]        m2  sigma = 2.728266e-01  ->  [1998.635867, 2001.364133]
[BOX ]        p0  sigma = 2.280235e-03  ->  [24.43059883, 24.45340117]
[BOX ]        e0  sigma = 2.505709e-04  ->  [0.03874714526, 0.04125285474]
[BOX ]  Phi_phi0  sigma = 1.207715e-01  ->  [0.3961427347, 1.603857265]
[BOX ]    Phi_r0  sigma = 6.023867e-01  ->  [-2.011933394, 4.011933394]
[DE  ] ndim = 6, maxiter = 1100, popsize = 15, tol = 1e-08, atol = 1e-05, init = sobol, mutation = (0.5, 1.0), recombination = 0.7, polish = True, seed = 42
    [DE]     200 evals    0.01 h   0.09 s/eval  best chi2 = 4.229415e+03
    [DE]     400 evals    0.01 h   0.08 s/eval  best chi2 = 4.229415e+03
    [DE]     600 evals    0.01 h   0.07 s/eval  best chi2 = 4.229415e+03
    [DE]     800 evals    0.02 h   0.07 s/eval  best chi2 = 4.229415e+03
    [DE]    1000 evals    0.02 h   0.07 s/eval  best chi2 = 4.229415e+03
    [DE]    1200 evals    0.02 h   0.07 s/eval  best chi2 = 3.723572e+03
    [DE]    1400 evals    0.03 h   0.07 s/eval  best chi2 = 3.723572e+03
    [DE]    1600 evals    0.03 h   0.07 s/eval  best chi2 = 3.723572e+03
    [DE]    1800 evals    0.03 h   0.07 s/eval  best chi2 = 3.723572e+03
    [DE]    2000 evals    0.04 h   0.07 s/eval  best chi2 = 3.723572e+03
    [DE]    2200 evals    0.04 h   0.07 s/eval  best chi2 = 3.723572e+03
    [DE]    2400 evals    0.04 h   0.07 s/eval  best chi2 = 3.723572e+03
    [DE]    2600 evals    0.05 h   0.07 s/eval  best chi2 = 1.238232e+03
    [DE]    2800 evals    0.05 h   0.07 s/eval  best chi2 = 6.297373e+02
    [DE]    3000 evals    0.05 h   0.07 s/eval  best chi2 = 1.771397e+02
    [DE]    3200 evals    0.06 h   0.07 s/eval  best chi2 = 1.771397e+02
    [DE]    3400 evals    0.06 h   0.07 s/eval  best chi2 = 1.771397e+02
    [DE]    3600 evals    0.07 h   0.07 s/eval  best chi2 = 1.771397e+02
    [DE]    3800 evals    0.07 h   0.07 s/eval  best chi2 = 1.771397e+02
    [DE]    4000 evals    0.07 h   0.07 s/eval  best chi2 = 1.771397e+02
    [DE]    4200 evals    0.08 h   0.07 s/eval  best chi2 = 1.771397e+02
    [DE]    4400 evals    0.08 h   0.07 s/eval  best chi2 = 1.771397e+02
    [DE]    4600 evals    0.08 h   0.07 s/eval  best chi2 = 1.771397e+02
    [DE]    4800 evals    0.09 h   0.07 s/eval  best chi2 = 1.771397e+02
    [DE]    5000 evals    0.09 h   0.07 s/eval  best chi2 = 1.771397e+02
    [DE]    5200 evals    0.09 h   0.07 s/eval  best chi2 = 1.541653e+02
    [DE]    5400 evals    0.10 h   0.07 s/eval  best chi2 = 1.541653e+02
    [DE]    5600 evals    0.10 h   0.07 s/eval  best chi2 = 1.541653e+02
    [DE]    5800 evals    0.10 h   0.07 s/eval  best chi2 = 5.573215e+01
    [DE]    6000 evals    0.11 h   0.06 s/eval  best chi2 = 5.573215e+01
    [DE]    6200 evals    0.11 h   0.06 s/eval  best chi2 = 5.573215e+01
    [DE]    6400 evals    0.12 h   0.06 s/eval  best chi2 = 1.605452e+01
    [DE]    6600 evals    0.12 h   0.06 s/eval  best chi2 = 1.605452e+01
    [DE]    6800 evals    0.12 h   0.06 s/eval  best chi2 = 1.605452e+01
    [DE]    7000 evals    0.13 h   0.06 s/eval  best chi2 = 1.605452e+01
    [DE]    7200 evals    0.13 h   0.06 s/eval  best chi2 = 1.605452e+01
    [DE]    7400 evals    0.13 h   0.06 s/eval  best chi2 = 1.605452e+01
    [DE]    7600 evals    0.14 h   0.06 s/eval  best chi2 = 1.605452e+01
    [DE]    7800 evals    0.14 h   0.06 s/eval  best chi2 = 1.066448e+01
    [DE]    8000 evals    0.14 h   0.06 s/eval  best chi2 = 1.066448e+01
    [DE]    8200 evals    0.15 h   0.06 s/eval  best chi2 = 1.066448e+01
    [DE]    8400 evals    0.15 h   0.06 s/eval  best chi2 = 1.066448e+01
    [DE]    8600 evals    0.15 h   0.06 s/eval  best chi2 = 1.066448e+01
    [DE]    8800 evals    0.16 h   0.06 s/eval  best chi2 = 6.161341e+00
    [DE]    9000 evals    0.16 h   0.06 s/eval  best chi2 = 6.161341e+00
    [DE]    9200 evals    0.17 h   0.06 s/eval  best chi2 = 6.161341e+00
    [DE]    9400 evals    0.17 h   0.06 s/eval  best chi2 = 4.019687e+00
    [DE]    9600 evals    0.17 h   0.06 s/eval  best chi2 = 4.019687e+00
    [DE]    9800 evals    0.18 h   0.06 s/eval  best chi2 = 3.399443e+00
    [DE]   10000 evals    0.18 h   0.06 s/eval  best chi2 = 3.399443e+00
    [DE]   10200 evals    0.18 h   0.06 s/eval  best chi2 = 3.399443e+00
    [DE]   10400 evals    0.19 h   0.06 s/eval  best chi2 = 3.399443e+00
    [DE]   10600 evals    0.19 h   0.06 s/eval  best chi2 = 2.268831e+00
    [DE]   10800 evals    0.19 h   0.06 s/eval  best chi2 = 2.268831e+00
    [DE]   11000 evals    0.20 h   0.06 s/eval  best chi2 = 2.268831e+00
    [DE]   11200 evals    0.20 h   0.06 s/eval  best chi2 = 2.268831e+00
    [DE]   11400 evals    0.20 h   0.06 s/eval  best chi2 = 2.268831e+00
    [DE]   11600 evals    0.21 h   0.06 s/eval  best chi2 = 2.268831e+00
    [DE]   11800 evals    0.21 h   0.06 s/eval  best chi2 = 2.268831e+00
    [DE]   12000 evals    0.21 h   0.06 s/eval  best chi2 = 2.268831e+00
    [DE]   12200 evals    0.22 h   0.06 s/eval  best chi2 = 1.269592e+00
    [DE]   12400 evals    0.22 h   0.06 s/eval  best chi2 = 1.269592e+00
    [DE]   12600 evals    0.23 h   0.06 s/eval  best chi2 = 1.269592e+00
    [DE]   12800 evals    0.23 h   0.06 s/eval  best chi2 = 1.269592e+00
    [DE]   13000 evals    0.23 h   0.06 s/eval  best chi2 = 1.269592e+00
    [DE]   13200 evals    0.24 h   0.06 s/eval  best chi2 = 1.269592e+00
    [DE]   13400 evals    0.24 h   0.06 s/eval  best chi2 = 1.269592e+00
    [DE]   13600 evals    0.24 h   0.06 s/eval  best chi2 = 1.269592e+00
    [DE]   13800 evals    0.25 h   0.06 s/eval  best chi2 = 1.236496e+00
    [DE]   14000 evals    0.25 h   0.06 s/eval  best chi2 = 3.976899e-01
    [DE]   14200 evals    0.25 h   0.06 s/eval  best chi2 = 3.976899e-01
    [DE]   14400 evals    0.26 h   0.06 s/eval  best chi2 = 3.976899e-01
    [DE]   14600 evals    0.26 h   0.06 s/eval  best chi2 = 3.976899e-01
    [DE]   14800 evals    0.26 h   0.06 s/eval  best chi2 = 3.976899e-01
    [DE]   15000 evals    0.27 h   0.06 s/eval  best chi2 = 3.976899e-01
    [DE]   15200 evals    0.27 h   0.06 s/eval  best chi2 = 3.976899e-01
    [DE]   15400 evals    0.28 h   0.06 s/eval  best chi2 = 3.976899e-01
    [DE]   15600 evals    0.28 h   0.06 s/eval  best chi2 = 2.441749e-01
    [DE]   15800 evals    0.28 h   0.06 s/eval  best chi2 = 1.894250e-01
    [DE]   16000 evals    0.29 h   0.06 s/eval  best chi2 = 1.894250e-01
    [DE]   16200 evals    0.29 h   0.06 s/eval  best chi2 = 1.894250e-01
    [DE]   16400 evals    0.29 h   0.06 s/eval  best chi2 = 1.894250e-01
    [DE]   16600 evals    0.30 h   0.06 s/eval  best chi2 = 1.894250e-01
    [DE]   16800 evals    0.30 h   0.06 s/eval  best chi2 = 1.894250e-01
    [DE]   17000 evals    0.30 h   0.06 s/eval  best chi2 = 1.894250e-01
    [DE]   17200 evals    0.31 h   0.06 s/eval  best chi2 = 1.894250e-01
    [DE]   17400 evals    0.31 h   0.06 s/eval  best chi2 = 1.894250e-01
    [DE]   17600 evals    0.32 h   0.06 s/eval  best chi2 = 1.894250e-01
    [DE]   17800 evals    0.33 h   0.07 s/eval  best chi2 = 1.894250e-01
    [DE]   18000 evals    0.33 h   0.07 s/eval  best chi2 = 1.894250e-01
    [DE]   18200 evals    0.34 h   0.07 s/eval  best chi2 = 1.827088e-01
    [DE]   18400 evals    0.34 h   0.07 s/eval  best chi2 = 1.827088e-01
    [DE]   18600 evals    0.34 h   0.07 s/eval  best chi2 = 1.662033e-01
    [DE]   18800 evals    0.35 h   0.07 s/eval  best chi2 = 1.627924e-01
    [DE]   19000 evals    0.35 h   0.07 s/eval  best chi2 = 1.597429e-01
    [DE]   19200 evals    0.35 h   0.07 s/eval  best chi2 = 1.597429e-01
    [DE]   19400 evals    0.36 h   0.07 s/eval  best chi2 = 1.597429e-01
    [DE]   19600 evals    0.36 h   0.07 s/eval  best chi2 = 1.597429e-01
    [DE]   19800 evals    0.37 h   0.07 s/eval  best chi2 = 1.597429e-01
    [DE]   20000 evals    0.37 h   0.07 s/eval  best chi2 = 1.571549e-01
    [DE]   20200 evals    0.37 h   0.07 s/eval  best chi2 = 1.535597e-01
    [DE]   20400 evals    0.38 h   0.07 s/eval  best chi2 = 1.535597e-01
    [DE]   20600 evals    0.38 h   0.07 s/eval  best chi2 = 1.528581e-01
    [DE]   20800 evals    0.38 h   0.07 s/eval  best chi2 = 1.528581e-01
    [DE]   21000 evals    0.39 h   0.07 s/eval  best chi2 = 1.528581e-01
    [DE]   21200 evals    0.39 h   0.07 s/eval  best chi2 = 1.528581e-01
    [DE]   21400 evals    0.39 h   0.07 s/eval  best chi2 = 1.528581e-01
    [DE]   21600 evals    0.40 h   0.07 s/eval  best chi2 = 1.528581e-01
    [DE]   21800 evals    0.40 h   0.07 s/eval  best chi2 = 1.480371e-01
    [DE]   22000 evals    0.40 h   0.07 s/eval  best chi2 = 1.452682e-01
    [DE]   22200 evals    0.41 h   0.07 s/eval  best chi2 = 1.452682e-01
    [DE]   22400 evals    0.41 h   0.07 s/eval  best chi2 = 1.452682e-01
    [DE]   22600 evals    0.42 h   0.07 s/eval  best chi2 = 1.385914e-01
    [DE]   22800 evals    0.42 h   0.07 s/eval  best chi2 = 1.385914e-01
    [DE]   23000 evals    0.42 h   0.07 s/eval  best chi2 = 1.385914e-01
    [DE]   23200 evals    0.43 h   0.07 s/eval  best chi2 = 1.385914e-01
    [DE]   23400 evals    0.43 h   0.07 s/eval  best chi2 = 1.385914e-01
    [DE]   23600 evals    0.43 h   0.07 s/eval  best chi2 = 1.385914e-01
    [DE]   23800 evals    0.44 h   0.07 s/eval  best chi2 = 1.385914e-01
    [DE]   24000 evals    0.44 h   0.07 s/eval  best chi2 = 1.385914e-01
    [DE]   24200 evals    0.44 h   0.07 s/eval  best chi2 = 1.385914e-01
    [DE]   24400 evals    0.45 h   0.07 s/eval  best chi2 = 1.380092e-01
    [DE]   24600 evals    0.45 h   0.07 s/eval  best chi2 = 1.380092e-01
    [DE]   24800 evals    0.45 h   0.07 s/eval  best chi2 = 1.374705e-01
    [DE]   25000 evals    0.46 h   0.07 s/eval  best chi2 = 1.374705e-01
    [DE]   25200 evals    0.46 h   0.07 s/eval  best chi2 = 1.374705e-01
    [DE]   25400 evals    0.47 h   0.07 s/eval  best chi2 = 1.374705e-01
    [DE]   25600 evals    0.47 h   0.07 s/eval  best chi2 = 1.374705e-01
    [DE]   25800 evals    0.47 h   0.07 s/eval  best chi2 = 1.374705e-01
    [DE]   26000 evals    0.48 h   0.07 s/eval  best chi2 = 1.374705e-01
    [DE]   26200 evals    0.48 h   0.07 s/eval  best chi2 = 1.374705e-01
    [DE]   26400 evals    0.48 h   0.07 s/eval  best chi2 = 1.374705e-01
    [DE]   26600 evals    0.49 h   0.07 s/eval  best chi2 = 1.374705e-01
    [DE]   26800 evals    0.49 h   0.07 s/eval  best chi2 = 1.374705e-01
    [DE]   27000 evals    0.49 h   0.07 s/eval  best chi2 = 1.374705e-01
    [DE]   27200 evals    0.50 h   0.07 s/eval  best chi2 = 1.374705e-01
    [DE]   27400 evals    0.50 h   0.07 s/eval  best chi2 = 1.374705e-01
    [DE]   27600 evals    0.50 h   0.07 s/eval  best chi2 = 1.374103e-01
    [DE]   27800 evals    0.51 h   0.07 s/eval  best chi2 = 1.374103e-01
    [DE]   28000 evals    0.51 h   0.07 s/eval  best chi2 = 1.373615e-01
    [DE]   28200 evals    0.52 h   0.07 s/eval  best chi2 = 1.372149e-01
    [DE]   28400 evals    0.52 h   0.07 s/eval  best chi2 = 1.368158e-01
    [DE]   28600 evals    0.52 h   0.07 s/eval  best chi2 = 1.368158e-01
    [DE]   28800 evals    0.53 h   0.07 s/eval  best chi2 = 1.368158e-01
    [DE]   29000 evals    0.53 h   0.07 s/eval  best chi2 = 1.368158e-01
    [DE]   29200 evals    0.53 h   0.07 s/eval  best chi2 = 1.368158e-01
    [DE]   29400 evals    0.54 h   0.07 s/eval  best chi2 = 1.368158e-01
    [DE]   29600 evals    0.54 h   0.07 s/eval  best chi2 = 1.368158e-01
    [DE]   29800 evals    0.54 h   0.07 s/eval  best chi2 = 1.368158e-01
    [DE]   30000 evals    0.55 h   0.07 s/eval  best chi2 = 1.368158e-01
    [DE]   30200 evals    0.55 h   0.07 s/eval  best chi2 = 1.368158e-01
    [DE]   30400 evals    0.55 h   0.07 s/eval  best chi2 = 1.368158e-01
    [DE]   30600 evals    0.56 h   0.07 s/eval  best chi2 = 1.368158e-01
    [DE]   30800 evals    0.56 h   0.07 s/eval  best chi2 = 1.368158e-01
    [DE]   31000 evals    0.57 h   0.07 s/eval  best chi2 = 1.368145e-01
    [DE]   31200 evals    0.57 h   0.07 s/eval  best chi2 = 1.367954e-01
    [DE]   31400 evals    0.57 h   0.07 s/eval  best chi2 = 1.367954e-01
    [DE]   31600 evals    0.58 h   0.07 s/eval  best chi2 = 1.367954e-01
    [DE]   31800 evals    0.58 h   0.07 s/eval  best chi2 = 1.367877e-01
    [DE]   32000 evals    0.58 h   0.07 s/eval  best chi2 = 1.367877e-01
    [DE]   32200 evals    0.59 h   0.07 s/eval  best chi2 = 1.367877e-01
    [DE]   32400 evals    0.59 h   0.07 s/eval  best chi2 = 1.367877e-01
    [DE]   32600 evals    0.59 h   0.07 s/eval  best chi2 = 1.367877e-01
    [DE]   32800 evals    0.60 h   0.07 s/eval  best chi2 = 1.367828e-01
    [DE]   33000 evals    0.60 h   0.07 s/eval  best chi2 = 1.367790e-01
    [DE]   33200 evals    0.60 h   0.07 s/eval  best chi2 = 1.367773e-01
    [DE]   33400 evals    0.61 h   0.07 s/eval  best chi2 = 1.367773e-01
    [DE]   33600 evals    0.61 h   0.07 s/eval  best chi2 = 1.367773e-01
    [DE]   33800 evals    0.62 h   0.07 s/eval  best chi2 = 1.367773e-01
    [DE]   34000 evals    0.62 h   0.07 s/eval  best chi2 = 1.367734e-01
    [DE]   34200 evals    0.62 h   0.07 s/eval  best chi2 = 1.367734e-01
    [DE]   34400 evals    0.63 h   0.07 s/eval  best chi2 = 1.367734e-01
    [DE]   34600 evals    0.63 h   0.07 s/eval  best chi2 = 1.367729e-01
    [DE]   34800 evals    0.63 h   0.07 s/eval  best chi2 = 1.367729e-01
    [DE]   35000 evals    0.64 h   0.07 s/eval  best chi2 = 1.367729e-01
    [DE]   35200 evals    0.64 h   0.07 s/eval  best chi2 = 1.367729e-01
    [DE]   35400 evals    0.64 h   0.07 s/eval  best chi2 = 1.367729e-01
    [DE]   35600 evals    0.65 h   0.07 s/eval  best chi2 = 1.367701e-01
    [DE]   35800 evals    0.65 h   0.07 s/eval  best chi2 = 1.367701e-01
    [DE]   36000 evals    0.65 h   0.07 s/eval  best chi2 = 1.367701e-01
    [DE]   36200 evals    0.66 h   0.07 s/eval  best chi2 = 1.367701e-01
    [DE]   36400 evals    0.66 h   0.07 s/eval  best chi2 = 1.367687e-01
    [DE]   36600 evals    0.67 h   0.07 s/eval  best chi2 = 1.367687e-01
    [DE]   36800 evals    0.67 h   0.07 s/eval  best chi2 = 1.367687e-01
    [DE]   37000 evals    0.67 h   0.07 s/eval  best chi2 = 1.367687e-01
    [DE]   37200 evals    0.68 h   0.07 s/eval  best chi2 = 1.367687e-01
    [DE]   37400 evals    0.68 h   0.07 s/eval  best chi2 = 1.367687e-01
    [DE]   37600 evals    0.68 h   0.07 s/eval  best chi2 = 1.367668e-01
    [DE]   37800 evals    0.69 h   0.07 s/eval  best chi2 = 1.367667e-01
[DE  ] 294 iters, 37879 evals, 0.69 h (Optimization terminated successfully.)
[LM  ] climbing from the DE winner, lam0 = 0.01, up to 150 iterations
Body is not plunging, Fisher should be stable.
waveform shape: (3, 3179776)
Computing SNR for parameters: (np.float64(999997.6792424541), np.float64(2000.0477801061147), 0.0, np.float64(24.443970135342393), np.float64(0.03889085189324166), 1.0, 16.344, 0.7853981633974483, 1.0471975511965976, 0.5235987755982988, 0.39269908169872414, np.float64(1.0219708171278752), 0.0, np.float64(0.8737017009609966))
Waveform Generated. SNR: 85.3668166935413
calculating stable deltas...
Time taken to compute stable deltas is 17.55746030807495 seconds
calculating Fisher matrix...
Finished derivatives
Calculated Fisher is *atleast* positive-definite.
Time taken to compute FM is 1.5390779972076416 seconds
    [LM] it   0  lam = 2.7e-02  ov = 0.999990616299  chi2 = 1.367667e-01  rel = 9.41e-06
Body is not plunging, Fisher should be stable.
waveform shape: (3, 3179776)
Computing SNR for parameters: (np.float64(999997.6792359485), np.float64(2000.0477801264128), 0.0, np.float64(24.44397013526695), np.float64(0.03889085173988836), 1.0, 16.344, 0.7853981633974483, 1.0471975511965976, 0.5235987755982988, 0.39269908169872414, np.float64(1.0219668795394292), 0.0, np.float64(0.8735800975145233))
Waveform Generated. SNR: 85.36682625358532
calculating Fisher matrix...
Finished derivatives
Calculated Fisher is *atleast* positive-definite.
Time taken to compute FM is 2.135317087173462 seconds
    [LM] it   1  lam = 2.5e+138  ov = 0.999990616390  chi2 = 1.367654e-01  rel = 0.00e+00
    [LM] no damped step lowers chi2; stopping at iteration 1

------------------------------------------------------------------------------
[RES ] SNR = 85.366075
[RES ] injection  ov = 0.023358563489  chi2 = 1.421658e+04
[RES ] DE         ov = 0.999990616299  chi2 = 1.367667e-01
[RES ] DE+LM      ov = 0.999990616390  chi2 = 1.367654e-01
[RES ] mismatch 9.766414e-01 -> 9.383610e-06  (104079.50x reduction)

     param          injection                 DE              DE+LM            bias         sigma  bias/sigma
        m1            1000000        999997.6792        999997.6792   -2.320764e+00   1.30872e+02      -0.018
        m2               2000         2000.04778         2000.04778   +4.778013e-02   2.80587e-01      +0.170
        p0             24.442        24.44397014        24.44397014   +1.970135e-03   2.34820e-03      +0.839
        e0               0.04      0.03889085189      0.03889085174   -1.109148e-03   2.60343e-04      -4.260
  Phi_phi0                  1        1.021970817         1.02196688   +2.196688e-02   1.20703e-01      +0.182
    Phi_r0                  1        0.873701701       0.8735800975   -1.264199e-01   6.19424e-01      -0.204

best-fit vector [9.9999767924e+05, 2.0000477801e+03, 2.4443970135e+01, 3.8890851740e-02, 1.0219668795e+00, 8.7358009751e-01]
[saved] /home/svu/e1583490/EMRI_CV_bias/environemen_2_eccen/results_de_env_vs_vacuum.json
